kecausado@poligran.edu.co:Blackhops1g31a6hq!
shehla:nadeem
amorillo@asociacionlanacional.com.do:Caballo25
l1414110@std.yildiz.edu.tr:5xqljg4i!9
mariusz.frackiewicz@woodandplay.onmicrosoft.com:Lox95365
s2070373@rb.moe.gov.sa:86P@s51sW0r40
208720036@est.mep.go.cr:5d7ql2uF
archana.joshi@adanischools.onmicrosoft.com:Naman@30
estefa373192@hotmail.com:stevenjosua11
nguyenth.b22dt220@stu.ptit.edu.vn:025204001561
napito.watanabe@hotmail.com:T32u10a93
ljungeed@gmail.com:37160873
cynara,goulart:312C978i@
felipe.yuji@gdigitalmkt.com:Feyu88@08
0137037@student.uow.edu.my:Pash_040505
462524815@sharkia3.moe.edu.eg:Std#300000
anna.vitmanova@vrgineers.com:eD@vzHaMHnE3mnJ
q3nziq974@outlook.com:Ssultan2009@
gay.fridman@moh.gov.il:guyf2@
itangdr1830:73Z1bRMS
5002658266@student.csn.edu:Chase1988**
arm@takecarebeauty.com:Korat!27036
info:Chelowxd123
467370061@luxor1.moe.edu.eg:emp#147%14
nbosio@cablevision.com.ar:X5xVFUrG
zaraky191@gmail.com:R2T!2EKheyBKgkq
venicewadwadan:[NOT_SAVED]
ddiaz0419@df.conalep.edu.mx:dIEGO2020
alejandro.cabanas@rai.usc.es:Leoleo1)
fakkhar.anis@gsromandie.com:Lar86153
gabriel.isaias@aluno.ifsp.edu.br:G@briel1
loriedamasco@connectedwomenb.onmicrosoft.com:Kiang@0901
claudia.sanchez2875@aulamexiquense.mx:Claudita01
aditheapurwandari@sman1kebumen.sch.id:Larasgarda03
u201917542@upc.edu.pe:#Panqui2002#
409387324@dakahliya1.moe.edu.eg:Std#030929
dfreitas@magnasistemas.onmicrosoft.com:Chuvi*0303
hr765@lindenwood.edu:Basket13@2
s6263626@jb.moe.gov.sa:Ss135790mk@
463821109@monofeya1.moe.edu.eg:Std#080722
dd@basb.gov.bd:basb@2021
isuru.kaneira@dialog.lk:Lenovo@19941006
452591863@fayoum2.moe.edu.eg:Std#081124
wilsonmrb@outlook.es:@Wimir2021
r138227795@taalim.ma:Google201
202302764061.br:188436@Mi
jauharabdansyakuro@darulquran.sch.id:Alfatihjauhar161105
nizam.novruzov@caspiantech.az:N1k0lance
UNKNOWN:ariana.chumacero@alum.udep.edu.pe
anton.riatte@student.samk.fi:Kitiara2015
k133350068@taalim.ma:Pbuk5492
marojasru@unadvirtual.edu.co:Bebe1203.
alejandro.rojas@ucsm.edu.pe:happy72206G4224,lol
s5060016@mg.moe.gov.sa:Rand@1199
e.baker64552@student.hcbe.net:Hc85247000
2812765@students.wits.ac.za:Muano@060129
comercial@epcomcolombiasas.onmicrosoft.com:Maleja10*
jacob.costa26@ycdsbk12.ca:Orange.1108
jorge.loaiza8945@uco.net.co:zapata1703
30b2num2335.edu.mn:tamiraa.30
matthieu.depessemier@hotmail.be:Enkele58
aarmiento@eagleprojects.it:Geocazzo!93
a17172@aepjm.pt:GODani1425
vishlesha.gathe@indiraicem.ac.in:vishu1010@
kcain@cctulsa.com:Whiskey712
n137221361@taalim.ma:0668236557Mas
0962449919:Qwerty1984
jsromeror@unadvirtual.edu.co:Yeison06.
tomas.hrstka@zsbojanov.cz:alberto3336
walwalwalpig@pungam.gen.ms.kr:5291jljlS!@#
16cmoran@albionacademy.co.uk:Green456!
joaquim.filho@piauiconectado.com.br:19835937
thanhtike@governorsresidence.com:Apr@@2024!@#
abdullah_m_kh6336@moe.bh:AbdullaMohd123
tesajufe1113123@estudiantes.edu.ec:20062417ft
arian.roodabr@gym-ceci.bi.schule:aYatier6565
457514022@sharkia2.moe.edu.eg:Std#070210
gouveia@zqqb6.onmicrosoft.com:alvarobarbosa15%
nehemiaspajaro@digitalgex.onmicrosoft.com:ikbl46zCUC
ha23agm@herts.ac.uk:Pakistan!@123
t.lavin@alumnos.santotomas.cl:Thyare1605.
0000087678@aiou.edu.pk:Hvez0159
al22510880t@tapachula.tecnm.mx:Kitsune1316
noreply_veeam@vivaldiecardino.com:F2oqr#gCKB
1615137@aluno.uniasselvi.com.br:Bene1906
hah@hti.edu.eg:Asmaah@56
jose_gonzalez19743@outlook.com:Joseediano1977
s5538087@mkhg.moe.gov.sa:52P@s26sWr293
463161088@fayoum2.moe.edu.eg:102030aA@#
okekech09@gmail.com:08188339254ch@18
5ny4kxasp@t.odmail.cn:Leleo12345
aho.2019@mymail.becker.edu:Welcome2019
mpenev_15@unwe.bg:725E7FE7
2018006768.aryan@ug.sharda.ac.in:aryan@99
j_dong7@u.pacific.edu:UoP123456.
matthewsharpp:Soseiquenadasei563201
300996840441:Tk2002@awesomeness
raykipkurui888888@daystar.ac.ke:Ray_88888
Alexandru1234:
ruachptyltd@ces2021.tech:Judah@2017
e_2022100486g@uncp.edu.pe:IvanGP123
445506014@giza5.moe.edu.eg:Std#040706
472112872@kafrelsheikh1.moe.edu.eg:Std#040101
b276@vip365.plus:Dilek5858
gamer_1988@hotmail.com:Cav23848
71803712l@sknsits.onmicrosoft.com:@nK!T7767
fedk2003@hotmail.com:T0y0t@4813
100052036@ccisd.net:00150624
dmendezj2100tmp@alumnoguinda.mx:dinky123#
kar6180205@fgs.ju.edu.jo:Uitc@314
danielle.santos@idp.edu.br:$V1n1c1us
najwaafiqahh@ms365a.com:1199_Suzita
f4979@svip365.email:Benzten564110544
454470271@assiut3.moe.edu.eg:Std#060921
rowellb@twincitymission.org:Abcdefg1!
marcoaurelioibarra@gmail.com:Mya237200
fundacion@empoderatefund.onmicrosoft.com:Empoderate123
davidbastos.oc@e.correosanbartolo.edu.co:12121715
davis.amutavy@pioneerschools.ac.ke:Onealslyke@2
s5971837@rg.moe.gov.sa:OOmmeerr1122
vnunes@focus.ind.br:Focus@2023
182210029@uneb.br:50879
elvie.zamoras001@r9.deped.gov.ph:$El*_*vie$
coomseth494@gotvdsb.ca:12345678
com202000312@edecu.sjp.ac.lk:19960210myaemiswin$
kamctv01@hoasen.edu.vn:PUUYIFA#13
f.stephenson1@hfed.net:Password111106
2110544@learn71.ca:wz0544
damasioneto@aluno.uema.br:Userpc27
anas2.rila@live.uwe.ac.uk:61563yigUECD
dale.jbaslot:#JulAnze6819
efren.deocampo002@ncr2.deped.gov.ph:edeocampo_3471
nur.annisa@viacreativehub.com:nur@mail2021
october@octoberrealestste.onmicrosoft.com:apexmisr44&&
frojasb@isise.edu.pe:percylancer12
admin@andreacampi74.onmicrosoft.com:CmpNdr74d
ds039783@bufsd.org:xbvkk
santiagop@t.5tb.in:martin_2040
nelsoon14@hotmail.com:Olga13505311
muhammad.ahmed@techaccesspak.com:Rocky@techaccess
2992334@kafrelsheikh1.moe.edu.eg:Emp#870620
tepnadze.nika2@students.gov.ge:Nikusha1$
tbaira@hepergroup.com:Tammam1984
UNKNOWN:Aldairestrada2022
s5370495@mkhb.moe.gov.sa:@Ahmed26
458683846@sohag1.moe.edu.eg:Std#080218
ahlam.benabdallah@univ-tlemcen.dz:Moh19949
2890519@matrouh1.moe.edu.eg:Emp#250873
u21205888@utp.edu.pe:Lomejor12
osama.20180008@gei.edu.eg:Isco0111247
jair.ynga@unmsm.edu.pe:15Jeym15
451020422@sohag2.moe.edu.eg:Std#010101
jordonez.pe:8IsaJul$1
conta5teraroger@t.odmail.cn:Roger1104
deepanjali21571@sgnschool.onmicrosoft.com:Cos33858
9a10.1902144447@bc.sgdbinhduong.edu.vn:Nt26012022
alejandro.duran.r@estudiantes.iacc.cl:Rockandroll1984
p573578272704060004@dispendik.surabaya.go.id:Iqbal-27
jcblazo@tv5.com.ph:MommyJanice10
mikeyrespondi@gmail.com:1421Mrmike!
michael.ogemaauku:michael.ogemaauku
zain.ulabideen@wateen.com:Password1234
admin@glotel.ae:jixwh588+]gka"P
erik.lange@emg-huerth.de:erik2606
c.zevgitis@farad.gr:B12345678b!
452556428@fayoum2.moe.edu.eg:Std#090611
tsnyder4@angelo.edu:lOveydovey_26
5929009217@student.myscps.us:20101014
luzadriana03@uba.ar:Besares-1996
dhasaraju.vishnu.vardhan@maharishividyamandirch.com:Vishnu@159l
172110174@srcolleges.org:Rak70604
rsoufan2640@iscoctober.sabis.net:xxobbY6[*!
z200501433@taalim.ma:ta9rba9123*
041154214@ecampus.ut.ac.id:20121994
karinb@syneron-candela.com:Sea22402
ticona_cristian_eaat@ejto.emi.edu.bo:CRISTIANignacio2021
wesley.pinheiro2@etec.sp.gov.br:w1g2s3p4$
guerraj@utb.edu.co:#t00061901
K134516549@TAALIM.MA:Soumia123
MaiMary:maimary6
2120422001_ramadani@student.unand.ac.id:AyahIbu1411
20i01741@stu.sibt.edu.lk:Pamoth0803
mi2309010@school.nds.edu.my:2001Kychok
467873786@gharbeia4.moe.edu.eg:Std#777777
khurram.bashir@ptcl.net.pk:mibi@111111111
ajit@fulcrumcorp.onmicrosoft.com:Fulcrumcorp@2022
dsalazarsu@sena.edu.co:Sena1030589381*
sperezch@utem.cl:jze835SP
2571497@minia3.moe.edu.eg:Emp#880717
Danak.Spakov@parcevskio.lt:O0O...pl
dynamic365admin@cipmlk.org:Yun97860
ascom@educacao.niteroi.rj.gov.br:Semect2017
tokbel@tokstok.com.br:z38_xx_l3a8@1z
amondragon.pe:A3ex5s/9/79907
cvelascop02@larioja.edu.es:88OcHo88
ljwillrich@frc.edu:l1188w
abir.zouaoui@fmdm.u_monastir.tn:DwUeNm3aw6
adrian.evangelista@burgerking.com.ph:8273Tarabu$aw@
jpew@mocs.utc.edu:TNF@@tball2@@9
osmany@hurriyet.com.tr:Osm@n217
7940757308@hochiminh.itrithuc.vn:dinhanh09
palamorena@lamorena.onmicrosoft.com:18OKE6FV.a
458608570@behera3.moe.edu.eg:Std#061218
eduardo.bonillaquiros@ucr.ac.cr:ODonto77
vi41352309@zegelipae.pe:Rodrigo20
sd662279@schools.mk:Eso87080
fredy.berrio679@casur.gov.co:Casur13494679
s6351393@estg.moe.gov.sa:Hajar5859
uniegcelino@fei.edu.br:Toledoohio10
sabinekollercm@aol.fr:JeHOvH7
2016134_aayush.vipin.ghodke@dpsnavimumbai.edu.in:Olan*6036
830101214:08301012141
s181b24@ms.mcdhmc.edu.hk:Thomas98027300
2043661@csfoy.ca:Allo1234
onkar.sanjay.raut@accenture.com:@rautos310799
2021jpeterekn@sstas-karvina.cz:KING_bismarck
jfherrera@gcsi.net.co:JfH3rrera2023
marlon2@stu.hct.edu.om:HCT@ph0enix
patsuda@pce-pcm.com:Pa20042538
anne.santos1@pucpr.edu.br:Bem-vindo##0172
famo330112@edu.nordicinternational.se:bumpygnu99
201910504053@ogr.balikesir.edu.tr:Teams123
jisc.lab1@mailoffice.id:Salam123
858729602@ecampus.ut.ac.id:Niken.92
lea:L@09599555341
20050433d@connect.polyu.hk:Chs991101
h200947w@hit.ac.zw:Nccm@1978.
jonesch@loganberries.net:wheels
552662536@minia2.moe.edu.eg:Mor@#22355
171403013@stu.kmu.edu.tr:Serik.07
husain.48714@ihsdubai.org:IHS@106762
jrudes@vortexre.com:UNKNOWN
engelchavezhurtado@programador217.onmicrosoft.com:xixilamascara1986@
30306200102432@sci.asu.edu.eg:FOS@2022&
m130070048@taalim.ma:Cmvn19282
brandon.murillo_salas@lcieducation.net:Veritas9833
anand.ps@atyati.com:Aashree@123
22aliabio@students.trinity.wa.edu.au:fsaur
wnajera40048@ufide.ac.cr:Fof.21wnq
f.gul2022@gtu.edu.tr:44k袛卤rtasiye
daquijano1@poligran.edu.co:Danna_971011
7874781@mec.edu.py:20102004Romero.
arka.pal.2018@cse.tint.edu.in:Nap28721
f110043395@taalim.ma:Mdeb5066
patricia.1498730@discente.uemg.br:S2patricinha
nouhouk@ens.men.edu.ci:Nianzou.2021
johan.za:Tegupafrad1
igtqa@aivaconnect.ai:RLH3072!
202204392194@alunos.estacio.br:537474@Ma
samuel.montagna@etu.u-bourgogne.fr:/Trottoir12\
jp@ecblaauw.co.za:Jam3son5667#
mochridwanamin@students.undip.ac.id:Bimzbru123456.
cgscales01@kellerisd.com:cgs2252004
2017567107@lacatholille.fr:Noeliev.1207
BeaRocc@blueyonder.co.uk:CezaRy22256
yogita.bhosale@franke.com:Faber@2022
porivera@cibertec.edu.pe:V822oz2s
pduong.ltquynhnhu81@thuathienhue.edu.vn:Ducduyle2345
ventas@unmundo.com.ar:Ijh75Gtf*
27709@ms.pkc.ac.th:Peat-5459
nilton.balestrieri@etec.sp.gov.br:120387Nil
kjb7787@star.carrollk12.org:hpl3868
s.javeed@jsw.in:$H@!(#Zz181/-\+
hs.n39di3a4.13@vcmi.edu.vn:Xuj91819
hasan_h_alghurbal8888@moe.bh:Wydi8888
arshad@aljeri.com:Strong@123
kasengire@yahoo.ca:Nathan2006
kevin.rito@viacesi.fr:Vaqyz229
januka242012@hotmail.com:Postoffice21
samir.althafurrahman@student.education.wa.edu.au:Samirazmi1908
krishnamayo:Doble2304
admin@usecapital.com:SN@Pdr4g0n4O11$
beatrizc.alvess@gmail.com:beatriza
deffersonjadiel.mercadovalentin@cnssc.edu.do:Qox30336
458112186@redsea1.moe.edu.eg:Medo2007*#
ghani1611226@sttpln.ac.id:Dam81933
matharoh@mcmaster.ca:Pb267805
217017021@ogrenci.sinop.edu.tr:417Ak00.*
s96840072@mkhg.moe.gov.sa:mH554339657
44830364440.vn:W@gz3105
kimmo.takala@symetri.com:Valmet1234
rachelles.torres893@educacionbogota.edu.co:1016060893Rachelle+
kesquivel@unah.hn:KLEb.0527
450856305@sohag2.moe.edu.eg:Std#010101
moe925t0009@virtualschools.onmicrosoft.com:Sal1395eh
deyvison.gomes@tjrj.jus.br:Thegodfather+2
ma.quinterom@uniandes.edu.co:M;cqm22962
j131482062@taalim.ma:Uysz6538
20193846@o365.ulima.edu.pe:Jawx9961
64430043@my.buu.ac.th:yuyiii#788546
nganngo14@vanlanguni.vn:VLk152121
ishandwivedi7909@stjosephsgn.onmicrosoft.com:Guavaroi9
joantarcan@campus.monlau-motorsport.com:@Tara1245
musagest2118188@estudiantes2.edu.ec:21122006geovanny
3034901@aluno.uniasselvi.com.br:W@60650531396
jtrevino20@slb.com:Jos#04301984#
khangnguyen25223221@e3.free365.org:Gigana12345
ahmed.emad@gccagri.ae:7YgAnEq-
chandan.gupta@glorinz.com:Survay@22.2
pn19001@ues.edu.sv:Tiburoncin14.
22420031801@erbakan.edu.tr:Olaswij1692002
462293452@fayoum2.moe.edu.eg:Std#080530
0618138385@my.browardschools.com:Debate2!
mapadillar@unah.hn:1998@ntoniO
2059560@cognizant.com:789123@Asd
cathy.sanchez@marionstudents.net:banjos19
isak0323@skovboefterskole.dk:gyv78twq
bryan.costa@ufrgs.br:Jaguares274@1
01-131202-001@student.bahria.edu.pk:M!!5_Wvy9@PG
karthik:k2_000
109568018@cc.ntut.edu.tw:Sky21247765
filson@dss-kuwait.com:Napster123
ahmed21-00346@student.eelu.edu.eg:AHM20ED//66"
UNKNOWN:venkata3113211@bhavansvc.ac.in
eurojasm:*Emiliano1972
padma_5802:5802@Rajiprabu
ee0410866@me.cba.gov.ar:Direccion14
glyph214@pitvncommunity.com:Matkhau19102000
THANH-PC:666666
LHRSETM2195851@pgc.edu.pk:lhrsetm2195851@pgc.edu.pk
oh23660437@myu.imset.tn:ucg*23660
s6805487@jzb.moe.gov.sa:3311aadD
andrew.kupembona@edunet.na:K2407197500577n.
shuhman@bgu.ac.il:liron07G
botsito57@outlook.es:botsito890
lloyd.neves@athena-heule.be:849Z24fm
cavadilkin3:Ilk20088
lucalobel:janluca9608
18-ce-1@students.uettaxila.edu.pk:13nov,2000
mrahmaneep21.ces@student.nust.edu.pk:Student.123
henry.degracia@meduca.edu.pa:Hdg@02860286
adeel.khalid@octopusdtl.com:Semester321
miguel.alvarado-r@uniminuto.edu.co:exitoyfortuna
jolopez.ext@jgingenieros.pe:Annetheron_3475
jabarca@insservicios.com:Josfranav0088
nboyd3000@limestone.edu:Bigkitty@123
2058010057@kientruchanoi.edu.vn:thanh592278
renato@tubokraft.onmicrosoft.com:Perri9980
mocdit:0368578474minhba
gabriel.guerreros@insel.com.py:Correo23
e01686@academico.emge.edu.br:15665423670
moonhyuk.c580@slcstudents.org:Mh124356
h131271152@taalim.ma:Hdmy9529
yang.6841@buckeyemail.osu.edu:20051121@Qi
awarowny@mechanikryki.pl:Ky82Khd65Hgg
manubhaichauhan:manu@123
96459@fhss.sjp.ac.lk:Welcome@1234
sara.perez@pi.edu.co:Tiranopink81
18alitwa@sprudnawielka.pl:Michal123
dmunozdelgadoieteresitamontes@tic.edu.co:#T3cn0l0g1@T3resit@;
s230tmp@il.pw.edu.pl:WpdMpAvaH4
tuan.nguyenduy@spartronics.com:Sparton2020
dpatocka7:Dany290508
16bcs2285@cuchd.in:Dynamo678@
y.207dp44820@vanlanguni.vn:VLU01102002
turki@dignityforchildren.org:HCb19853
fwsilva@universal.org:#brasil2022
danilo.silva@aeficaz.com:HRdigital@202303
Penha:Apj17072020
uriel.fuentes9898@alumno.udg.mx:99PxndxhufB89
julien.bouchigny@elabe.fr:Voila2017/
dilay.muran@bilgiedu.net:Dems.4ever
taoussi.niz.fst@uhp.ac.ma:nizartaouSSI2003
caro_allison@comunidad.unam.mx:snoopy
10037339@bridgeportedu.net:20050122
22-49917-3@student.aiub.edu:S385MIKI907%
gmoreno@contraloria.gob.pe:cy4hwnn1
20090752@alumno.utmetropolitana.edu.mx:20090752
mhwimberlymorg@o2.co.uk:@@_-e@nwf
epidemiologia@subredcentrooriente.gov.co:Episco2019sco*
admin@booksnmore.me:123@Rizwan
kazim.kavrazli@clonera.net:Temmuz2020*
ahmed.harsch17@gmail.com:A17091998@A17091998@
gary.gregorio@scsiai.com:YYgsg102020
abdulla.almarzooqi@empower.ae:damnassQ!22
saristegui001@ikasle.ehu.eus:Xuhar-01
luca.cironi@aeronauticamilitare.onmicrosoft.com:alessandra
1512181@senati.pe:GEAN123*
136629150368@ncr1.deped.gov.ph:Mcdolibee1
szaghlol@mnhd.com:sobhi@1993
abdushukir.a_fps@gemselearning.com:Vor86
dt4a@colegiomilitar.pt:Zizi2031975
3300@365hub.club:Fridolin16
alexander.gurrola.b@unig.edu.mx:Depredador2020
tawan.thav@bu.ac.th:Minecraft123
eli.trbic@artschoolsa.onmicrosoft.com:Milliebrown1905
72771150@stephenhawking.edu.pe:Yok89248
leon.benavides.carlos@gmail.com:Codelco.47
sammy.kastanja@edu-kw1c.nl:242524175
200046@mail.unacar.mx:ANYELOlopez21
abdeladimlafou@gmail.com:2zSKaVb9h3#_zcD
vinicius.novak@ufpr.br:Vini260196-
s2739440@mkhb.moe.gov.sa:256363Am
alejandra.perezov@uanl.edu.mx:SLtXVPE2
rkawa@htl-steyr.ac.at:BvzK70St
gbarajas0080.net:lego.com
mooreba24@pwcs-edu.org:May032006
manar.saad.36493@commerce.helwan.edu.eg:Gap7017701151341311
3201920197@alexu.edu.eg:@12345
tgipowerbireport@tanagroup.net:Tgi026361100
usama.eldemerdash@hti.edu.eg:[NOT_SAVED]
h6121@365i.me:MARIE@1975
smay@banquemisr.com:Mai@1984
Andrea94@mazzu994.onmicrosoft.com:granataM2
b9946@365i.team:Mathis88
francisco.nolazcogo@uanl.edu.mx:lolograre99
ludwinatasya@students.undip.ac.id:Tasciprut04*
rimalanaula@unmaha.ac.id:DosenUnmaha@2021
20151220009@ogr.halic.edu.tr:CT&!rH4emv&e
sorwt003.319@lgflmail.net:people91
jaswanth.11714047@lpu.in:Jassu@143
l134160146@taalim.ma:Vdbf9183
oveek18@apj.sies.edu.in:123456
checkrequest@ecuworldwide.us:UqdY9y_v7J
grs.engineer@colliers.com:CIAsia@0513!
newvilahost.cloud@outlook.com:Jco49153903091958
fabio.moreno@correo.policia.gov.co:060058$Alexander
fiokewusi.edu:1905Yemi08
486565864@giza2.moe.edu.eg:Std#071001
ext815@uncnepa.org:Intake815
david.arce@basilmiller.edu.bo:Davidarce007
roberto.quintero@cu.ucsg.edu.ec:R17e01y07c23k27
gw_acc_pinarb@vfsglobal.com:01Sep@2021
eipeldauer@kainzbauer.onmicrosoft.com:RTog22LM
59658053@mylife.unisa.ac.za:avu11YILE
victor.nwanguma@abujaelectricity.com:(Wondaboi*)
s9635561@rg.moe.gov.sa:Bfbfbf225588&
481501016@monofeya2.moe.edu.eg:Std#030617
tranchin2204@ndn28.onmicrosoft.com:a3951059A
alex.liu@student.tdsb.on.ca:349508423
it20783358@my.sliit.lk:123nipun*
bbm2020-kishor@uc.edu.np:I@mkum@r
marlon.weber@gesamtschule-waldbroel.de:Bato9121
jta4794@students.uc-bcf.edu.ph:Joshuaismyfather40$
c:Mah57558
cankathakan.ozkan2021@ogr.yeniyuzyil.edu.tr:897Xy55555
keshav.chawla@walkerchandiok.in:Born2rule!@#$1108
2533831@gharbeia4.moe.edu.eg:Safiafat3#
200950183021@cdacb.in:ZOTACeliteM60
ivania.tovarp@uanl.edu.mx:4p8wE&64er
jescalante@poligran.edu.co:Pegazuz2022#
tristan.simmons0001@students.inca.connectionsacademy.org:Superman67!!2
t17ckr@pagisz.hu:RoliAnna09
epg@ndtv.com:tvnd@0312
dramirezr8@miumg.edu.gt:98R%#z8(
aguerret@cendoj.ramajudicial.gov.co:angela66@
omaribrahem2023@a-arts.helwan.edu.eg:Foc74308
20176011015@std.nisantasi.edu.tr:MELgiz-13
kaleifred6179@gmail.com:JJH@123jjh
a20205785.pe:84360364C
824001@gharbeia2.moe.edu.eg:Emp#860901
3004607160101@ingenieria.usac.edu.gt:EstoesMicrosoft365.2022
6021501187@o365.bsru.ac.th:YingBank.2
jcyrus:1scht
abdelrahman.30863099@f-eng.tanta.edu.eg:Zux59506
0221a0110@ms.hanu.edu.vn:Hanu2021
mirfan.bukc@bahria.edu.pk:irfan123
jose.alberto.valerio@gmail.com:sRh655xb
468697422@minia4.moe.edu.eg:Std#110200
markmutewa23@mwalimu.tsc.go.ke:A009256627y
UNKNOWN:Mar*vargas0925115511
502536150033@r4a-2.deped.gov.ph:Arwenraven20
adannf33@educastur.es:Soydellanera20
ahmed.2193661@t1.moe.edu.eg:egyptM@e2193661
virtulink23@virtulink32.onmicrosoft.com:Romcio1502
kauelucas@aridesa.com.br:K02250053367l@
z5232787@ad.unsw.edu.au:Happysocks75*
lehel@vargabor.top:Fuq25975
ayoubharrouq@wordfashen.onmicrosoft.com:@86NBqGcU8hRg97
Aashraf0005@NC.futuresnet.net:Futures123
451704568@kafrelsheikh2.moe.edu.eg:Std#051025
drezhyog@hotmail.com:121206eugui
raedfares333@gmail.com:Raedfares12
v-md_shariful.islam@edotcogroup.com:Sha88888000
michelvanderzeeuw69@outlook.com:f8rlj54fm0
psndnl73m62l063t@studenti.unime.it:D280498p
19georgenathan@students.stgeorges.herts.sch.uk:Donkey_man56
vvit11950@vidyavihar.org:HKdxm559
salesva-1@meneses.law:ML#SALESVA1$new
ali_rayancomplex@alyousif.net:ALaa413509
salehhs27@pwcs-edu.org:Febuary171995!
z244300133@taalim.ma:[NOT_SAVED]
ad1388@gsbs.rutgers.edu:Farzana0521!
jaydonlogan@icloud.com:Mynameisboxxie1
451825972@alex2.moe.edu.eg:Std#041016
kenneth.tarr6173@my.independence.edu:Lambofgod#1
karina.cruzlo@my.unitec.edu.mx:Estrellita088
nhi.dinh:Dnn0975240315@
k2312938@kingston.ac.uk:Samrex786$
s1804010929@sd.uni-vt.bg:kateto.univt15
nguyenvanutblc@outlook.com.vn:Zee3477%
7Z&v"ek:rBWkERC
mahmoud:1111
rrex1040@conestogac.on.ca:9E$AGq$&Ktzu
sch.b.lp.ge.26719@makkahedu.gov.sa:123carvalho
477515393@luxor1.moe.edu.eg:aa@147%147
61200512@students.ukdw.ac.id:Sesuatuindonesia68
man@wsc.sg:D@334692930780uw
wgs_piscis87@hotmail.com:22021989.wgS
aurelijus@sauguspasaulis.lt:Tuc53906
s857186@student.knoxschools.org:DT7186kcs
452481863@domyat1.moe.edu.eg:Std#060317
support.technique.cuisine@darty.fr:Cuisine2017
javiera@siainteractive.onmicrosoft.com:Openix2017
yasinbabao袛褵lu@rembilgisayar.com.tr:mentaluppwd
41785@prc.ac.th:14/05/2554
fvillegas@est.ups.edu.ec:1717659856
nataliia.pustova@everlegal.ua:erhf]ycmrfk.nm11
s9561082@jzb.moe.gov.sa:Sh861414&
stefano.pellicelli@students.uniroma2.eu:Mammaesco99..
U202422317:Yolita_1991$$$
kamarudin.osman@parkwaypantai.com:Zaidin62
tskam001@mymail.sim.edu.sg:bcflKSapL1
bgutterman:BPGutty88
haseena45@rhs.guru:vCGUrjCx2998!
i.alnaffar@modular.ae:Gaj80378
thomas.rehmet@KanadaEnterprises028.onmicrosoft.com:Admin-2016
flia.clavre.5572l@colegioeccleston.org:Coco2000
tekmer@bakircay.edu.tr:gofpoq-2pamjo-Rusnev
1c08-17_nga.2021@c3namha.edu.vn:Toilanguoichienthang001
ME1echt:Lol1la1
stefano.martinelli@studenti.engimlombardia.org:SM221006!
uchechin@accessbankplc.com:Esther2023
tanishsabne2.com:FieryKing01
ar19-005@ssuet.edu.pk:Ssuet+8203
0938531888:vsc@123456
varihegedus.adam@drberesjozsefiskola.hu:Siker1270
prachya.pokkam@coforge.com:A@Tread072024
jamilg02475@mnpsk12:190202475
kritvoodoo@hotmail.com:0940057570kB
carla.abraham@valorglobal.com:Outlook182516
fabramirezro@est.utn.ac.cr:Dala2312
wendec02@braskem.com:Brasil**20
damienparadixx@gmail.co.uk:Hakandp9
Matwo3113:200418ana
silvia.paixao.jk59@mysainsburys.co.uk:Londres@18
araceli_hernandez@grupojulio.mx:Grup0Jul1o
20812017100057@eng.zu.edu.eg:A_110199921
calderonej11310@students.wcboe.org:300918000]
en20126904@rmdssoe365.onmicrosoft.com:Vedant@20
c121100003@student.vas.edu.vn:Vas12345
onlineclass2@jmmehs.com:Arasegowda1!()
denilson.novelo@transparentbpo.com:Realmadrid10000****
462433414@behera1.moe.edu.eg:Asdfghjk1#
s.kishek@stu.mustaqbal.edu.ps:Samnour007
0910235019:Maguiesauces6
adm20cse4358@sjbit.edu.in:pradeep143@ganavi
mehrajb33@gmail.com;8494@03Aa;https://login.microsoftonline.com/b392886d-f25f-4abf-a9cd-2e2af625e5ca/oauth2/authorize
3007737@sohag4.moe.edu.eg:Ahmed$135a
j02cccali@cendoj.ramajudicial.gov.co:Victorcircuito*4
yuvalh@ahoyit.onmicrosoft.com:yuv-2015
jonv_marcelino@nvsu.edu.ph:201-1392
tuan.207pm27538@vanlanguni.vn:VLU20102002
plemos@spm.com.br:Hoxo3027
10000-deepikadealer.royalenfield.com:re12345
salvador.cuevas@uaem.edu.mx:soloyo123
tegar.ariq@ag-it.com:Itenas_130702
108057168@ideastudent.org:Idea052208
tarek.rizkallah@khatibalami.com:P@$$w0rd01
m.chadwick-2021@hull.ac.uk:alanPu55C4t!
4501104114@student.hcmue.edu.vn:Cunconhs26901
fvkbt0060@virtualschools.onmicrosoft.com:He557758306
emynessim1581980-44565.edu.eg:Emy15122008123
Office365PPH:LeoKing1302
moustafa.aboelnaga@mobco-group.com:Maa*010203040
emmanuelkuku@cibng.org:Ben321203@$
lancekenneth.bulanhagui@lpunetwork.edu.ph:Fuckshit78
488551190006@itmlyceumalabang.onmicrosoft.com:Tov76639
a35192@esec-amora.pt:Skintone3
lumashso12736666@estudiantes.edu.ec:Sheila1720
murat.bilisik@aljtoyota.com.tr:34ERdfcv%&
rolivares0121@nay.conalep.edu.mx:Olivares45()
m133250894@taalim.ma:Salman@2006
150410.dpsgm@dpsgs.org:Venom@#123
administracion@nextejecutivo.com:Vuj01349
e194730@esoft.academy:Aa885@#Z
409495542@dakahliya1.moe.edu.eg:Std#021015
user9464@my365.site:Senha112@abc
sachleen@majszcsacpanent.onmicrosoft.com:NULL
mtz97luis-reyes@outlook.com:M.C107_SN1.-CiBFZ1PmB*QMoR!p8pBWGDquD7krx0cb1xv1NcCVi5QGRP5JoZ2HqOo5h6nS!6gsmnTdBQ75Tx6g6NEVV1I5xanPAJ!clS!O!QEyHVAqEIddBzr7GVrysdNhbZkY6LNtfXnuErNeoYHDCZLmaGCeZGeI8pqsYKzIqJAY8fF4YWGFSQrv4WMBDhTFKNiKIOo6l7W10127clUNBQ8F36GfJ2fV95YorSJUOjZs0l8M2w7u!mSmIiSCkJ375oFddu5n98D!xVDMX90ajI9stVaW6aCd9!DF95eNM42*EwDiJLZcajM3lVOmYE2jsbSzSLFkKX2fAZjqcp6DbeB*OOqeaA2B2fP1vdDuCL50g2!foNqWot1ZXpW4s0OdSh*!C3IY*Q$$
kanthika.v@live.ku.th:@Paint2403
joetech84@freelancejoe.onmicrosoft.com:Train*13
113846150004@r5-1.deped.gov.ph:NLCA@2024
lpa14olbr@lodgeparkacademy.co.uk:Olo123xd
delia@solaryouth.org:4DD2use!20
sf377785@schools.mk:3<>qqe>vCS&#@(G
411025992@benisuef1.moe.edu.eg:Std#050506
UNKNOWN:Rplotka1974!
8569885@fmu.edu.br:02dezembro98
0909315968:140316
452117869@minia1.moe.edu.eg:Std#080615
111122069@nitt.edu:Aoct17184
rocioorlando@psicop.com.ar:Rocio123
amani_abdelkader@moh.gov.eg:aa@123456
khanglttps35769@fpt.edu.vn:kh@ng2001
alda.prado@educacion.gob.ec:Nabon2022
vandressapaes@hotmail.com:Van*1203
kyndt.davy@c-power.be:Windenergie1
w06655_2013@lyceum.lk:oven@1234$#%
hd0306047:$Swishex713
danielabanon12@gmail.com:is4HDQP4thMmFPC
21627500720:yesmina19*
ahermosilloi1500@alumno.ipn.mx:Ah53D8Y8
1807101902@std.idu.edu.tr:46858873526IDU@
janrogel.garcia@hilton.com:5ufmnV28@2
kp15565@rhmail.org:10062006
josreiota@alu.edu.gva.es:eB88p1g8
karolina.kregiel@makingwaves.com:Kochamrowerek123!!
uzair.6663646@talmeez.pk:12345678
5420058@muls.edu.mn:02242011
jinnipa.am@chiataigroup.com:#nepjune8
210402092@stu.istinye.edu.tr:h01*F47f
acsoc@antarexcyber.io:20.Ass0cAntarex.24
delia.capunong@deped.gov.ph:#celms117072
452044373.edu.eg:Std#051111
jpbalang@student.hau.edu.ph:OiCu8123
bingi.bhargavi@accenture.com:Gundu@0705
davidgondry@hotmail.be:Gstar5519
sjasny@skidmore.edu:Quinna2019!
eunice_colin@jardindeguerrero.edu.mx:Jguerrero20
ashley_hunter1507@daytonastate.edu:fessenden345!
201907167481@alunos.estacio.br:Anadavi*16
petruk.vojtech17@hellichovka.cz:Anekupto2001
4411146@gulf.edu.sa:Ms@0501780393
18-04-30@c1tamphuoc2.edu.vn:Taw75382
ezziouani.anas@ofppt-edu.ma:Anaass123
455795119@fayoum2.moe.edu.eg:Std#090122
manish.2314516362@mujonline.edu.in:mkt@20242025
iroda@mediadot.onmicrosoft.com:Cfvb9876
s132145225@taalim.ma:Gamv5264
20b-056-se@uitu.edu.pk:uit@1884
Jo17?!:Se05=ph
eliezerjs@live.com:Zero12@@
691226@usd259.net:thegearwars
0308mi171007:ANI@91315
200850269@o.cnu.ac.kr:qkfkacjfja1*
mflorez21@escuelanormalcristo.onmicrosoft.com:Gaby0720
robson.75380@pmc.fatcursos.org.br:#helisa204119
12011020864@aluno.santamarcelina.edu.br:20092006
adrianunam@comunidad.unam.mx:250120
407708131@qaliobia2.moe.edu.eg:Std#040723
ga844@94774.onmicrosoft.com:Om0545405272
nicolas.lebihan@softathome.com:SDF44jkl@#
alejandraalfaroclavarino@hotmail.com:Hurrem@2021
caren.delacruz01@r4a-1.deped.gov.ph:1127@ysabel
s4464881@mkhg.moe.gov.sa:3451111r-h
jesusdavid_calderonmartinez@unibac.edu.co:1143391135CMjd
info@greenlight-eg.com:Rezkhelal$2024
jagrit@bahlassociates.onmicrosoft.com:Jack@9407063830
5936:Fredrik05
445659586@monofeya1.moe.edu.eg:Std#070804
erosto.andaya@deped.gov.ph:killua#2493
quanbna.b18vt336@stu.ptit.edu.vn:16102000
meriviandra.sma@globalmadani.sch.id:Daf310704
yomar.garces@educacion.gob.ec:EduCar+20+PM
009384@cnsdbh.com.br:Cnsd@2021
zcp289@365office.run:abhi@1999
77845239@delacruz.edu.pe:Todoencristo.778
rm88865@fiap.com.br:@haxorus19
agneswijiastuti@pgrislcc.id:Wiji2765
17chand@downlands.org:charliechick11
omagna@utem.cl:kroix8xzaq88U
gary.leung@clix.com.hk:Y3159883c
office0308@myoffice365.info:Mensy916!
brenda@brendabe.onmicrosoft.com:Brasil90*
17swetagupta:Poiuy12345
jym05092020:jym05092020
lopez.victor@correounivalle.edu.co:Biktorio02
fassifihris@oasis.uclouvain.be:Lilylpb123
mhernandez1620@chis.conalep.edu.mx:mhernandez1620@chis.conalep.edu.mx
cz7121xf@go.minnstate.edu:MoM_1251302
calvadores.180157@laspinas.sti.edu.ph:Calvadores20020806
teacher.test@eagles.school:test@2022
s4065436@mkhg.moe.gov.sa:Shox-8000
0630895@students.dadeschools.net:$J3YiFkHSRPyd3z
store2873@theupsstore.com:Popeyes@2873
vishals@telecomwatch.in:twatch@2022
flopez@cactu.org.ec:Freddy7910
415150576@sha.edu.eg:Dalia77**
jamerelpapi9@hotmail.com:juam
1337230@gianteagle.com:Poopdick42069!
fgamarra@ibero.edu.co:GAMA2009*
erez@dentire.com:Welcome!
ayshaashik200810@gmail.com:98555ASDWE/*
ls24.1hcmcnf046nguyenthichinh@hocvientuphap.edu.vn:Chinhnguyen@99
tjk049@bcps.org:Vted@443
paredes.johanesteban@sanjosedelasalle.edu.ec:Jonesps29123
danila.rodin@zarosgimnazija.lt:Wrong.Maybe.2642
1450616582@sonla.itrithuc.vn:Mai@Minh
muhammadhamidshahbinna.16@ichat.sp.edu.sg:S9811210c1
k.mulugeta1@saints.mhcc.edu:Gunner14045678
ahmed_en30894524@f-eng.tanta.edu.eg:Hug60025
at72064910@idat.edu.pe:Lordeducation1
karamjotsingh9188@mjkpsdelhi.onmicrosoft.com:kjs.2010
14057@aealcochete.edu.pt:RafaCovid19
s21664@streetrat.ac.th:A0984560795a
2017cscloudkhilendra5704@poornima.ac.in:Teams@20
balbuena.ecc@pnu.edu.ph:Jarea090100.
fsrc@thuto.bac.ac.bw:GHETTO$RC@2018
458171351@sharkia3.moe.edu.eg:Std#070813
u201817612@upc.edu.pe:Rasenshuri1@
12674@365vip.run:Luciaelena001
augu:Bord@@s22**
10128@omnix-group.com:@E2e6E1e2E0e1E3@
p136499040@taalim.ma:Sokara.kh.1999
yo@yo223556787.onmicrosoft.com:Ken222355678722@
ho:Isa.susi2017
449617660@dakahliya1.moe.edu.eg:Std#041105
mconsolas@grupo-exito.com:fercito15
elhassnaoui.oussama1@ofppt-edu.ma:Not43741
cp6@pragatimilk.com:Deo@kmd2020
zozoa94.ZZ@gmail.com:2112zoza
czklb@sqtbe.onmicrosoft.com:Manato-4649
christos.chainelis@vodafone.com:Welcome21@@Welcome21@@
decostem1@csdmedu.ca:risu21
fiorella.zapatag@catalinas.edu.ec:Carismatico1980
kaailoz36925aj@yahoo.es:24M$a$-i197
nifuentm@alumnos.uahurtado.cl:Zerox2525
k1530@365i.team:GrG617175929@
toannv26@fsoft.com.vn:yeukhongbietNoi2@
info@dangalsecurity.com:Kahani@5050
caio.neto@bstecnologia.com.br:Yox98075
jahernandezto@poligran.edu.co:Jo1081804316*
javier.rosero@ryq.cl:2N9Rrvn7
u20598425@up.ac.za:Paffword9112
gslopez8021@df.conalep.edu.mx:Conalep2021
gszdj369@163.com:#Y5yHzOSuT
20125003@eul.edu.tr:190197Nd
linas@lintuva.onmicrosoft.com:Bartklayy78
s3490307@rb.moe.gov.sa:As0504737324
Alternativa:Rg3@2019
chittur@rbschools.in:Chittoor@rbs
1384473@senati.pe:Virtual7026
santosj.sandro@olgameza.edu.ec:S7838133594.
044338527@ecampus.ut.ac.id:Aris03mar*
mohammad.kaymeh@lis.edu.lb:100200300Mk
eoliver@4-m.com:Olive1039
rijina.edacherykandy@nhs.net:planetS50
450976639@dakahliya1.moe.edu.eg:Std#050407
naeem450@hotmail.com:Toyota1234@
170130886@aluno.unb.br:IJQO8007
davifernandes89@gmail.com:DFDSL.89
midoabeed98@gmail.com:Eng0093@
natalieteles003-02@alunos.domboscobahia.com.br:Teles
20190491@hti.edu.eg:01010845339amr*
arianfarrokhi@xkx.me:Arian1388
e24078382@miescuela.pr:music@2219
admin@ganasvaro410.onmicrosoft.com:Pikachu1
percy.salas@upb.edu.co:margaritacordova
remisjose@uniovi.es:lachurrata
119410934@est.mep.go.cr:Jyca050805
202401580732@alunos.estacio.br:038547@Pa
apawlowski@psp2opolekatowicka.onmicrosoft.com:Teresa1950
rodrigo.barbosa80@etec.sp.gov.br:VKC!61812
vs18014@ti.ues.edu.sv:70BADD44
551939@cognizant.com:Princycasper#34
468475125@dakahliya1.moe.edu.eg:Std#031218
usuario9@motta1.onmicrosoft.com:401wmapL
eipia@unadvirtual.edu.co:ale_seuno
bleron.voli@kelinetwork.onmicrosoft.com:Jls95932
934688@sharkia1.moe.edu.eg:Emp#660116
karla.ortega@unipamplona.edu.co:Kor59171*
phantanloc@unicorn365.net:Fah37111
coutinhohenrique28@gmail.com:Ultraman1
laurgael:Yakuza335827
445331943@qaliobia3.moe.edu.eg:Std@#12345
201910059081@alunos.estacio.br:Comb@t1000
437150@echnaton.asgleerling.nl:kippenhok123
468953289@fayoum2.moe.edu.eg:070402#Std
v-27025604@micorreo.uny.edu.ve:darylrene24...
pedro.campos@ejfrealestate.com:Pedrock92!
somils@codeforce.com:Gon17584
e122495@esoft.academy:Chandani1959
aryabod.seyedrahmandamavandi@ozu.edu.tr:1990Mamadnaboodi
emma.lohva@gmail.com:gai7shau
federico.goicochea@alum.udep.edu.pe:VDVCVFN7479er
evertons@ftroy.onmicrosoft.com:Errortroy404
dlunat@credicusco.com:Sofialuna17
s4613239@rg.moe.gov.sa:kY0c@PegR
yasinsomali:Somali0988888888@
uppb@fresnou.org:heavy440Moose
UNKNOWN:ABCDrko007
s10950008@365stu.nutn.edu.tw:Ch542100
sonja@glassgo.co.za:S7mm3r123
joao.campos@universo.univates.br:961132614252Jh
u24238675@utp.edu.pe:RalphChuzado1/
vvsdsd.s.yerubandi@accenture.com:Kakinadamyhometown@07
ojasdongare@cityprideschool.com:DinoDino07
0801161056@uladech.pe:DEsdesiempre2710##
bruno.c.oliveira@eaportal.org:hsjb2013
0813231029@s.tusd1.org:Silverado383
hgaffar@ezy-corp.com:sheisUgley1@#
ugs.230052china@suez.edu.eg:Nak49946
20402080216145@cecytebc.edu.mx:Darling287
a.maltes@deadlocksolutions.com:@Cherokee2014
salah.chia@taalim.ma:Balla213*+*+
rnllawson@st.knust.edu.gh:AirproGhana321
btguestlecture1@pesuonline.onmicrosoft.com:pesu@123
2017417.emadeldin@dawha.onmicrosoft.com:Emad_s1212
:1234
mohammad.alqannas@corp.its.ws:M@hdAlqann@$8101982_1
Jeremiah29:11...
marvyncontaokeller2009@emima.com.br:Aula#01052009
6190861@formacao.iefp.pt:Oiomen54css123
u08627@chporto.min-saude.pt:Defi3547@
chaiyapong.wongluang@sacmi.space:r8C2DgRw7i6MCw
385sris@sunrise.edu.sa:Shosho123
s7625613@mkhb.moe.gov.sa:ssss0555121502M
eiriskre@stud.ntnu.no:NTNUpassord2001
chloediannefabracuer@sanpedrocollegedavao.onmicrosoft.com:Chloedian07
kourn_kosol@econ.csuk.edu.kh:Xon06469
ali.mmostafa@eagles.school:Gop94191
shantia.morrow.6656@student.roguecc.edu:4205Cougar
mostafasalamaabolila@gmail.com:PA8zjAv9P@hXnGe
fabio.arcos@uao.edu.co:1005891233Autonoma
230040142@stikom-bali.ac.id:Magnum1234
1834661@std.hu.edu.jo:Zaro*123
janjghava.giorgi1@students.gov.ge:Giorgi1@123
tu.207qt63166@vanlanguni.vn:VLU20082002
j.al-maari2102@education.qa:ssjjkkrr1
jeremy.cordoba@medellin.edu.co:24365781J*
jluna@bolivar.gov.co:Jefeplaneacionsalud.
00716640@bildung.gv.at:Ibanez9-9
mq8800@365e.live:Ryte761221b
marc.vaquero@e-campus.uab.cat:Mvb123mvb
dereppe.marius@felicienrops.be:PigeonDaronned111207
ardhidanangkurniantoro.jateng6@jatengpintar.id:Pekuncen0103
malik.aguerbi.2000@gmail.com:aguerbimalik@isbs.u-sfax.tn
m_chumbes@doc.uap.edu.pe:Rah33190
bdav163@lsu.edu:Brentdavid12111999
210404099@live.unilag.edu.ng:midea256)
cipera.jaroslav@skolanehvizdy.onmicrosoft.com:Jaracip20
a.brodzeli@itstep.ge:Brodzeli1234
2252@micaegypt.net:Mica2222
ssbub2089@gmail.com:1ibocl7
barojas@ucompensar.edu.co:Colombia2022*
admin.auh@clearwatersshipping.com:Z&C*td0qmS
mubashiranwar961@gmail.com:Student789@
976425@sharkia2.moe.edu.eg:Mh750825#*
diana@britishinternationalschoolzakho.com:Rastprivate12
purchase@acstextiles.com:K#ad$272#%
GTaFV:/%$@!HN.-d
pinto.504@nlsa.teleperformance.com:Mudar#283
02hof-arealg@hofskole.no:Are*120102
hrabbas194@den.just.edu.jo:Heba2019.
mahmoudelngely58@outlook.com:##Elpop##1102005
a37548@esec-amora.pt:Duq97298
godfred.kyere@gcmghana.org:Godfred2020
deissy.avila@sophiaint.com:T5t25n5.2223
carlo.delosangeles@deped.gov.ph:148151842@Newo365
victor.orfila@psm.edu.ve:Ka21490452
aymen.masoodi@halliburton.com:Aymasoodi666
e1314556992@dn.uleam.edu.ec:MrOmendoza2005
p138416863@taalim.ma:*faysof*6
t.fayed28553.edu.eg:Taha123456789
rex.ma@blueair.com:hyy11_Pjb
51215@iisjed.org:Rehan@12
ahmadj@estb.moe.gov.sa:aHmAd5353
thomasijntema03@gmail.com:Zwolle2004
202303745907@alunos.estacio.br:013008@Al
epavon@siedcmn.undef.edu.ar:Ameghino1430
sfy9180347@ju.edu.jo:Aa0000
nuganda:faerus953300
hussam.majdi@outlook.com:Xoxxxoxxxoxxxoxx2001
anri.komakhidze@outlook.com:anri04092009
th993@o365th.com:Wwaatt.Oonneeii.1930
bruce@biopriv.com:Bws@01091975
asr.adel.mohmoud@foc.cu.edu.eg:1Abo1Abo
snmananguit@outlook.up.edu.ph:Tayloralison13
ocrana@uwindsor.ca:Fiifi@1998
hani.arafeh@sultan-center.com:Sultan@310768
soporteqro3@cft.com.mx:#s1st3m4s!
mcasillasgomez@educa.madrid.org:Asturias
prof.sgdpcs0128@pgc.edu.pk:Sarkhel123
9376@mvn43.onmicrosoft.com:Fun@609/29
cnp.damariquinteros@misioncristiananuevopacto.org:Dq212120202
brodatsukinkot@tin.it:SABanasa
alexander.granados.bau@edomex.nuevaescuela.mx:cambiame9777
1210166@senati.pe:Teamoerick2001
purvi.dangi@infinox.bs:Fag09378
afmadrigam@eafit.edu.co:andres890302
dennis.pullupaxi@santo.edu.ec:Sob55494
m1031422:maharavan.1989
spulido6@estudiantes.areandina.edu.co:41681548
33428@aeccb.pt:33894@gmail.com
ith214@365office.site:Papor0108
407914135@gharbeia1.moe.edu.eg:Std#030903
mati.wojaczek@gmail.com:Kanapka11
427633250@hebron.edu.ps:alnatsheh1
Kwaleed1089@shq.futuresnet.net:kwaleed1089@shq.futuresnet.net
anteamsc@hotmail.com:Antheusandres3338
lucasdefreitas@escoladotrabalhador40.com.br:918EBCB3-2940-4685-AE42-DA5017F5B2D4
muhammad.anas01@ucp.edu.pk:[UNKNOWNorV70]
arslan.nadeem@tw1.com:Allah786@1234
nam.leanghak@rule.edu.kh:Hak11223
dorca@mmpc.ph:pur5k6zb
arpadilla@correoargentino.com.ar:Paola-1111
sawadelm@sfx.act.edu.au:lebron
millimav000@sfisd.org:06212006
eg138.31112120105915@nies-edu.org:Mark2415
14102543d@connect.polyu.hk:DRreinaai123630
julioortiz01@msev.gob.mx:Sandyto14Samantha14
tyler.p@romeocomp.com:1925Northvilla
chetan.bhangale@netmagicsolutions.com:Utb8_F09
blancamaria.ruiz1@alu.uclm.es:Manza@BM24rn05
454358995@gharbeia1.moe.edu.eg:Std#060101
georgecharlesrondonoikawa@correio.itau.com.br:geocha
parad3igm:doudoune2
ahmedelfkey.26@azhar.edu.eg:ahmedhassan@2011
f135266229@taalim.ma:Zptp5583
japhet.marconi.51707@usalesiana.edu.bo:Marconi2022
ugs.16220260@eng.suez.edu.eg:Nvbq59503
455109332@gharbeia4.moe.edu.eg:Std#060917
b211900010@must.edu.mn:Erhes12-
camdenenglish12@gmail.com:Camdden33
gguaman@chevyplan.com.ec:gguaman@chevyplan.com.ec
bhavyemalhotracsea2021@bpitdelhi.onmicrosoft.com:bhavye@008
00012709389@aakashicampus.com:Sh@20032009
pbielinski@sp9gdz.onmicrosoft.com:Technik132
jefersonaquino@cguf.site:pelicula2019
safiq@ods-global.com:Sud88616
180097@eul.edu.tr:Mrpsikolog41
sargunesh@bw.aewillwin1003:Shakthi1003
d139595190:Clky7348
jdguarnizoindra@movilidadbogota.gov.co:movilidad2021+
r132255163@taalim.ma:DXeLu8idYS
ahmed.3210523@t2.moe.edu.eg:egyptM@e3210523
magdy.eng_4543@eng.kfs.edu.eg:Ana.mego.112**
gustavov@ucse.edu.ar:gstv2227
lmathe@la-joliverie.com:Usyjab95
11220006@mahasiswa.itb.ac.id:Akubgtbg0
daohongphuc1112010.hsc1tranquoctoan@ms.phuly.edu.vn:Happy-New-Year
gguardo@utb.edu.co:6903350Jg
lilian.maritza.leiva@docentes.mined.edu.sv:Alejandro880809
ah23@walla.co.il:Anat1906
davidyanayaco@hotmail.com:Oledav123@
nongsunanta@outlook.com:G141255gg
Leszek.Rudnicki@poczta-polska.pl:Auris541210$
dpopovic@pmintl.net:petra515213
453561698@alex4.moe.edu.eg:Std#050823
a850267523@my.uvm.edu.mx:Sonic2401
lewis.githengi@admi.ac.ke:Kamanu11205
haoqing.yang@uta.edu:Faall2018@
jesus.bravo1@utp.ac.pa:Jabe1695
b898800888@must.edu.mn:lhagvaa_8888
mostafa.fawzymahmoud@lntinfotech.com:OMSP@$$w0rd@1985
kuldeep@corecompetency.net:Kyadav@2020
something@ncov.office.gy:9-h+8yC^5/beUK/
co00166577@prosegur.com:Diana121**
zein.basem@sharklasers.com:15101902Bf!
guvenira@mef.edu.tr:aiheu723
info@goodolas.com:Volcomfrank1
huefsp00489@fpt.edu.vn:Mh090813
raul.galachegarcia@educa.madrid.org:Bocacara2!
wylianny@sistemafieto.com.br:tavares17
202004005034@dogus.edu.tr:38239397868
kgiddens@mvplaw.com:Colton102116!
marianosegundo46@hotmail.com:Corchea1
1163304110153@mail.rmutt.ac.th:Nn23112009a0025
marco.avola@studenti.unipr.it:86tre876freddO!
ammar160054@tumpat.mrsm.edu.my:@student2020
benahmadi.lahbib@ofppt-edu.ma:allah@1998
10002446020:19@Ganapatimp94
milan.randjelovic@traceone.com:Selerant2023!!
julieth.rios@bellasartesmed.edu.co:Dayana0717
ntgiang@tqu.edu.vn:Gctc1234@
d134120298@taalim.ma:Oggm1118
rgago92cr@outlook.com:Saprissa2021
aherna3242@student.sisd.net:ah8060
c4jgcesenas@cecytebcs.edu.mx:Cecyte123
angela.floresr@alumno.msev.gob.mx:Aflores09
202209291531@alunos.estacio.br:kA@2606MILA
Youssef.ELMILI@esprit.tn:Y08O08U08!
16010004@meciq.edu.iq:Alazzawi1988
TH40129981@lotuss.com:Hub@9664
20200227@student.hcmus.edu.vn:Khanh2002
cobgestion@tanner.cl:Ua8aA98uqrx8zC
ahcsesp@sky.com:sbmHijbwseld
saleh12100514@cs.modern-academy.edu.eg:01140096460Ss
lqdqt202691@igcschool.edu.vn:Khang2013
yirco.canon@laestrellita03.onmicrosoft.com:Wad1063001
3315322@aluno.uniasselvi.com.br:S@36639178869
goodnews.nwankpa@daystar-power.com:G07063415629@@n
masantanaca@poli.edu.co:A1088005287*
u1622688.uk:Ueldirect6070
458281375@gharbeia3.moe.edu.eg:Std#070926
rayen.giron@takeerbergen.be:Chilly2602
ytg0878@my365.site:f1f2f3-46
ugur.ates@procenne.com:WV4DRczv4cO78OTG
lore:Lb19930215##
oliviawelsh95@smithcomp.onmicrosoft.com:Roses2005
mimendoz@upc.edu.pe:Torito568@
belal.ahmed_a047@med.kfs.edu.eg:Bolbol124816
blacknellg2@gator.uhd.edu:Simone@2754
s144041390@taalim.ma:gokussjX1234
ckapasiya@ivytech.edu:AUgust@108
prashant.pawar@3i-infotechconsultancy.com:Pasha@420
sap@lntecc.com:Callofduty*07
4794@spcelestynow.onmicrosoft.com:Legotechnic16
sga20010@students.aust.edu.lb:AbB175289
est1939.nc@cpsjt.edu.pa:Adriankarla29
jnopphy@jci.com:Jiratchay@.N99
eslam.mohamedabdelmawllamohamedsh@alticeusa.com:AlticeEM@2024
sm73874240@idat.edu.pe:Chusco1996
5049630@szkolalubcza.pl:Blonski1
hs2018.truongconghoainam23092003@thpttamphu.edu.vn:Hoainam0team
atipat.katt@bu.ac.th:earth31213@
mccardenasd@uniboyaca.edu.co:Mc1057575034
paola.pilaguano@espoir.org.ec:Noviembre2023.
19drg18f1011@student.pms.edu.my:doraemon97
2517867.edu.eg:1082022Am#
kzurita2291@uta.edu.ec:*KgFBrr2#b
ricardo.fourie@rubiconsa.com:Rubic0n05
i810785@cibertec.edu.pe:090Fccql
d20138@idat.edu.pe:300752leo
saladisciconsecsinc@cendoj.ramajudicial.gov.co:Secretaria2022
bernardnyakinyua88@mwalimu.tsc.go.ke:Silent-90
jhony.defaz:JDeducar2022*
notas.emefgilda@educararaquara.com:Notasgilda2019
admin@hotnumberscoffee.co.uk:paleSt!ck38
miguel.ugsinia@espoch.edu.ec:inside-1234
8000888988:Perla8088*
reyaan15@hotmail.com:237542
s3671500@mkhb.moe.gov.sa:Tmjn4465@
alt.jneciosups@externo.entel.pe:Americatel123@
asiaballANi@yandex.com:Maou10
582728583@gharbeia5.moe.edu.eg:Ramy##2575
greendxb:Gopikamali1@
195821@student.upm.edu.my:Fariny44
20160779@hti.edu.eg:Mohamed0779
ashvika.s_gls@gemselearning.com:dad
[UNKNOWN]:Akyol260611
procurement19@savemartgroup.com.pk:9c2248aa-6ccd-45a3-895b-4ab0e4529575
eva@newdawntitlegroup.com:Emt052098!
belal.zakaria@alfanarht.com:0880888888@bB
vinhvt8@fsoft.com.vn:VTV123456!@#$%^
nicolae.popa@sc1mizil.scoala365.ro:Motorin4
nahikari.montes@claretaskartza.eus:Nmc25032013*
2023039821@feu.edu.ph:Pjsluvr.08
2209969@tcs.com:2517@Dhiya
vanderlan.ferreira@energisasolucoes.com.br:Van10@04
stum319227@ese.gov.ae:eDu#Sch&002371
bilalcimen@msn.com:Office365@99
lmrojasl@sena.edu.co:Colombia2022**
vojtech.wolny17@zsjablunkov.cz:Arabis1478963
gea@eaweb.it:Frglcc12a
hempfe.salomon.12502@my.dbb-lippe.de:dbbs4lomon?
andrewsamir@paymob.com:As@01201349836
s105565@brainline.com:6bDx56W2%
g4bnadeemahmed@ais-eg.com:nadeem123@
hebatuallah.20349064@compit.aun.edu.eg:@Spongebob333
mohamedessamelsese@gmail.com:Std#050406
n00219987@upn.pe:12Sid@@1
44209@abana.it:soesoe11
aman.xalxo@s.amity.edu:[NOT_SAVED]
jason@rockrealestate.net:!JT52562012
dsimmons3@students.prairiestate.edu:ds0455483
michael@aprio.co.za:6#zPDn#nHXBj
ruiruiclips@usenode.net:948794rui
razia_nagaraj01.pt@ichat.sp.edu.sg:StudentPortal1504
s2041384@s.konan-u.ac.jp:r-990406
enolmal52:Legozo28*
usamanawaz@welkincompk.onmicrosoft.com:usama.welkin@6869
venassee@student.holmesglen.edu.au:Saturday2020!
620323@fayoum2.moe.edu.eg:Emp#691015
20209147@zu.edu.jo:Zu15662021
catino.2135210@studenti.uniroma1.it:Andrea03$
ayesha.1883000@talmeez.pk:airmoon.ng&fc-crack.ng.png---header11@Ayesha
kotmayer.botond@sztbg.hu:Kotiboti13
2197754@students.jfcs.org.uk:Password1
domas.darginavicius@sanatorija.lt:Liusiukas007
svfsk@helias.se:forskola
adriana@dvaingenieria.onmicrosoft.com:Boss.DVA2021
0102105679@thptdoankethaibatrung.edu.vn:Dkhbt174
20200224@feucavite.edu.ph:Erks100301
woofwoofwoofmeow:Mio26310
ronald.rodas@udea.edu.co:Titanic.1983
r142081435@taalim.ma:Prqdp6407
aaron.tejero@inchargeus.com:Ruger1022$
dahka744@school.lu:Kays0803
eleves824362@tarbia.tn:Victoire1983*
pansingh@eteaminc.com:hay34152
ewill6086@students.kckcc.edu:Notquit2
khalel@free.stulive.com:khalel123
sunita3456@hemshellamodelhighschoo.onmicrosoft.com:vCGUrjCx2998!
c0862583@mylambton.ca:514queenst.west
danielalejandrodiaz@ucundinamarca.edu.co:09muppeT
william.manosca@americasbps.com:Inicio.9632*
456508454@alex2.moe.edu.eg:Koko#24127
mpzhunioz40@est.ucacue.edu.ec:0981741863m...
vanessa.schunack6@sartre-gymnasium.de:Pdf730206
ludovicamaria.bonarrigo@icboerveronatrento.it:R@bin2023
wilfrido.mora@educacion.gob.ec:Minedu2020
u5811014@microsoft.au.edu:Znk13911
kkot59@edu.erzeszow.pl:LubieMaslo123
3153073983@haiphong.itrithuc.vn:Hsthcs@90307
jairo.cohen.r@gmail.com:miprinc3
inasaridze.gega@students.gov.ge:Inasaridze4!
rahmawatinurfitri@students.undip.ac.id:Rnf08-11-2005
a_ulucan@hotmail.com:Beybey34
jorgeperez202331137@cunoc.edu.gt:Songokusan@1
nikodemszczepanski@sp7chojnice.pl:Suziikler33
964405@sharkia4.moe.edu.eg:Emp#720201
brutut@szkolap6.onmicrosoft.com:klasa6B2020
kdrxdragon@j2.team:camthangnaoHACKnickcuatao9406@@@
454165012@fayoum2.moe.edu.eg:Std#060427
gabriel.nicolae@s.unibuc.ro:!AaNGA18041997
s12583@dpssharjah.onmicrosoft.com:Lily@_2020
supe:Regina453@
457340@behera2.moe.edu.eg:Emp#740101
asmorenojimenez@adistancia.educantabria.es:Tuputamadre55
楔鈩栃ㄐ佇ㄐ?楔搂些鈥炐ㄢ剸楔袉些袎楔袉:楔鈩栃┾€π?楔搂些鈥炐ㄒ懶┭撔┬壭毙┬?oman@B9498
subhamop@subhamop.onmicrosoft.com:@FacebookMicrosoft
laksika_su60@live.rmutl.ac.th:1539900631271
e1315784205@live.uleam.edu.ec:Jelycede1222
251032@live.ccisd.com:02082007
0967467523:K@123456
2014-0744@uteco.edu.do:2016Uteco
111112138@office365.ntunhs.edu.tw:Ntunhs901
nourhannasr@alexu.edu.eg:Nour$6618$
tanbuu@dhgpharma.com.vn:Trinh77@
carmenraquel.montes.cb29@dgeti.sems.gob.mx:Wendy2022
janguloa3@est.ups.edu.ec:Celeste1420
julian.salgadoa@campusucc.edu.co:1104935720Jmsa
aisyah.tadzakka@365online.link:Fathin01
ken@glacierbiz1.onmicrosoft.com:Glacier2018
hrishikesh@tiger9.onmicrosoft.com:Dell@909090
p.lagarrigue@alumnos.santotomas.cl:p.lagarrigue@alumnos.santotomas.cl
ls0962@cclonline.lk:Lahi@ca66
luz.montesgrc@uanl.edu.mx:ud82FBAU9
david.marko@zsnabielenisku.sk:Pgn2racvvt
f18bsmc017.furc@fui.edu.pk:stu@123456
613355@fayoum2.moe.edu.eg:Emp#640419
eduardo.pereira@erasto.com.br:Edu19841
juans:3142693605
12g-hau.davidcristian@cegccv.onmicrosoft.com:Laq40420
154082@myksd.org:Soccer100!
g138448663@taalim.ma:Alen5794
fdelarosa@systemlogisticsspain.onmicrosoft.com:?
481971050@monofeya2.moe.edu.eg:Std#080220
estevan.silva@defensoria.mg.def.br:esps!3108
Damian.Barszcz@psp1.radom.pl:Genius0125
0009077725@shawinc.com:E5305xyz
adriana.higueros@aulavirtual.edu.gt:Capu73170
monica.montes@cr.tigo.com:Moni140607**
ahmadraza88@live.com:MANI@123
urieldanieln1@learn.cssd.ab.ca:0001064836
phOn3336e:Tikon79
mi.godoyo@duocuc.cl:G20711575-4
m.rizzini@isfor2000.com:mriz#19!12
r.demougin@prenant.fr:Xymao
younes.moubachir@emi.um8.ac.ma:You,nes-88
gc166494@gmail.com:Gabi2013
a.al-delayel1105@education.qa:66752524Aa
balasundaram.ramalingam@precisionit.co.in:Simple@123
1407957@stu.tmc.ac.uk:Alicen0812
222792876@mywsu.ac.za:0205055798081
barathy.063908@int.sampath.lk:Ayngaran120607*3
stu196227@lynnschools.org:Grade6196227
55rtdfox311@gmail.com:xman52341
eah001@pu.edu.lb:Eva_Harb123
chemsi.ahmed@ofppt-edu.ma:BB197477@
cvasquezsat@ucvvirtual.edu.pe:Anubis.11
vicenteromerocortijo02@gmail.com:@Password73
kamile.pagojute@rackauskas.lt:Bi0l0gija1234*
22030330293@reva.edu.in:12345
dkir01@farlingaye.suffolk.sch.uk:school
Kmvd96ui:
ponciano.145657.edu.ph:Guc75129
melany.banegas:Megabasu18*
ruedajenn@gmail.com:Beleen#062211
karlapa.sauce@msev.gob.mx:Paola3891
486695339@qaliobia2.moe.edu.eg:Std#040205
grecia.sotob@gmail.com:Gsb1999*
piotr.wozny2@teb.edu.pl:Edukacja2023
ntthinh@c3pvdongkhanhhoa.onmicrosoft.com:Thinh825393
itsupport.com:T@xbunny2
marellanos.acad065@qroo.conalep.edu.mx:MarthaEAH40
asdrubal.toala@estudiantes2.edu.ec:bebuElina1980
maimuna@students.smsarjanais.edu.bn:Xaj69089!
rm09525745@edu.mon.bg:2008Rosen
hn10036@cherokeek12.net:ccsd2021
agdache_hajar@elabs.covidmaroc.ma:Jihind121
anmlowe@tsu.edu.ph:NorthstaR110006
instructors@nibm.lk:Abc@123bm
gregorylemaire@vodafone.de:Brger*118
2018-106880@intecap.edu.gt:GT$$2020!
260231@student.pwr.edu.pl:Bluetue3
4840088383@danang.itrithuc.vn:nqv@1234
zfe02@mail.aub.edu:Zei.2019
22130535@uman.edu.mx:Angel0227
jade.vaillant@vinci-energies.net:02Jade2002m!
daviflorida2808@gmail.com:P08/28/2008
s8888888@rb.moe.gov.sa:Mohammed88
chammekhi99@gmail.com:whmcm
okafscmm8080808@pgc.edu.pk:P8080808ATag
22122@toba.kosen-ac.jp:KUxDcw7gJyRVh9u5
janvierellie.dimayuga.jhs@ust.edu.ph:Ellie_Aco29
449044928@cairo6.moe.edu.eg:Std#030613
1651010289@tbump.edu.vn:Atulaandra1998
859174307@ecampus.ut.ac.id:123456
hadi.khansa@lau.edu:Samsung.!96
folakemi.orekoya@waldenu.edu:NPfola#2023
18bme8029@cuchd.in:1998#Nyks
chargazia.giorgi1@students.gov.ge:giorgi6!
18310077@janabadra.web.id:Avriandi1
powerbi@dairycouncilofca.org:BlockCustom24$
binhpt@cpc.vn:Thaophuong88@
19rjanu@colneprimet.co.uk:Rojukas12390
admin@mytestwork.onmicrosoft.com:Akosiema1l
l181061366@mulege.tecnm.mx:Estudio2020
v3514@365i.me:LAVAlen2021
323136@ostrealyceum.nl:Barteq1223q
guarino.doriana88@gmail.com:Doriana88
daria.fibinger@amrest.eu:Styczen20
s2766410@rb.moe.gov.sa:Ss0504484988
hussein.ragab@cambridge-kw.com:19102004Hh
bananaatsmash@gmail.com:1Kinkajou
450992388@kafrelsheikh2.moe.edu.eg:Std#050930
tthinhvu120502@k59clc7.onmicrosoft.com:H0908702991t
467256608@fayoum2.moe.edu.eg:Std#041126
Pascalkuala@gmail.com:dattebayo6
ln74718536@idat.edu.pe:74718536C
brobin11.edu:La$haeg33
jawad.abdellaoui@taalim.ma:dawaj@1992
cristian.gonzalez.mt@usa.edu.co:Cc1233896488.
ni:Bestbike99/
anh003033@stu.vinschool.edu.vn:Vs003033
ricardoaguilera@72jkfn.onmicrosoft.com:RAOieda_2015
ankushbawa007@gmail.com:India18200
10120778@utehy.edu.vn:Minhvu123
ch280035@st.neu.edu.vn:Minh1103
tristan.pieters@outlook.com:baJW5d9Us
0615117196@.mybrowardschool.com:09/27/2004
ernesto.cadena@cesa.edu.co:Martin223.
tanvir.malik@undp.org:Nh@3MK.df.Kanaya
447740372@sohag2.moe.edu.eg:Std#050101
202307058191@alunos.estacio.br:043407@Mi
933384:30121995Thv
irma.orde袚褣胁袀褮袚鈥毿捖盿na@educacion.gob.ec:Educar0104*
darkphoenix760@darkgodphoniex760.onmicrosoft.com:DarkphoniexDarkgodDarkhacker760
sistemas:Dj80048953
AR956315:L6nNx5
483660160020@ncr1.deped.gov.ph:Jam62410
vegakejo11277625@estudiantes.edu.ec:kelly060614
canone.giovanni@itiomar.net:Giocan31082002
ci@pintos.com.br:Ponto@2018&
818504:818504
vhive@igenesys.com:Gicl@2020
youcef.idir@ingka.ikea.com:Ya1kou2badam#
8damaya@davrohini.org:Suj44201
baidik.deb@edu.sait.ca:891130
anger@angerwashere.xyz:n^@?kh5kd)u2rhi
19b4006@ubd.edu.bn:Bushraa27114
julian.jones@wirelessevolution.us:Trunks12
00003115386@aakashicampus.com:Sa@160705
tam.haduy@aosmith.com.vn:A05mith3087
bhpicspe1807820@pgc.edu.pk:confirm+1
5puppy@gajaeul.sen.hs.kr:s88671224
1138@ersinbacaksizanadolu.k12.tr:Lam90879
riyad@riyadriad007.onmicrosoft.com:20053998As@
m.metry38670@student.aast.edu:Menamohra_2020
21fms0051q@seppue.gob.mx:BGE-z-053
vm829119@ohio.edu:Varshovo20202020
jakub.liczmanski@lo3.edu.torun.pl:StuArt1337
haderka.jakub@spssol.cz:MontaseK07
bur16@uclive.ac.nz:b6630696
ts005853843@alorica.com:Danceislife1!
artkid@kgr.dmu.edu.eg:18/9/2010
mhixnime09:castellano461968
109210004@hv.dut.udn.vn:Tuyen121986
edson.moraes@prosegur.com:edsonmoraes
ghalemch19@gmail.com:EC19@hb#BH68
04nunomendes@wanadoo.es:12345f
fa19-bsm-009@isbstudent.comsats.edu.pk:2186868
ag18040.edu.sv:Xuj23544
rr00808944@techmahindra.com:Reygun1234567890qazwsx
anupwadatkar@anupwadatkar.onmicrosoft.com:Ambadevi0603##
stewatri000@k12.sfisd.org:02052009
nhat.tranantu2a6.vn:Lop2a6@123
ivyjoy.carlos@r3-2.deped.gov.ph:IVYcarr3_2
u201811623@upc.edu.pe:#Jairo911
mmoyo0003@mymail.lausd.net:fleming1976!
ibrahimrabah@yahoo.com:5570523_aA
457878374@behera2.moe.edu.eg:Std#070706
camiloa.argel062@educacionbogota.edu.co:C4M1L04070ANREW
doggyjv@outlook.com:dt9[3h5v
e148129862@taalim.ma:Kbqgw4240
manisha@apspkt20016.onmicrosoft.com:Namitnamit123*
467430017@fayoum2.moe.edu.eg:Std#060504
tyb49t0023@virtualschools.onmicrosoft.com:Almoji123654
1357119.br:Australia68
sdashlynnwilley@student.rsu.edu:Ranger03072005#
ahernande1932@mymail.lausd.net:BATMAN4275
centromovillacosta@oicfl.onmicrosoft.com:LaCosta2024
5869600679@ninhthuan.itrithuc.vn:Abcd1234
m.fernandez@villapia.fr:Matt200204
gautam.dixit@mitid.edu.in:Deathtrance99
smith.charles.james@btz-schulung.de:Bokito99
kangkh27@pwcs-edu.org:Red5dogs!
pesanku@office-id.net:Fab987123
101726@te.mehe.school:Lb@01011989
myouse08@campus.haifa.ac.il:Firefistsabo!1
09m1sas1122@stud.num.edu.mn:num!19820504
deepak.halliyavar@sjsu.edu:axis@5041
UNKNOWN:Gutierrez@09
vhenao841@soy.sena.edu.co:VH1006SUA10.
eldy.garcia@alorica.com:Steven1995
ayasar.mses2018iese@student.nust.edu.pk:iese.123
hectschn13@365.phs-lu.de:Tommy2011.
452160444@qaliobia2.moe.edu.eg:Std#060712
w2026826@westminster.ac.uk:Headgood.22
gauthier.gire@rennes-sb.com:1Gaspard
yuri.oliveira@univale.br:sUASENHA1
srh.nbhh@raudah.usim.edu.my:sarah@14
azreik@pmdc-sa.com:vdasvumy
myousof@astraconst.com.sa:M@yassen.123
hkassem@student.eelu.edu.eg:Nox34602
eeexde:0127
b脨聯脗漏niefamillesawadogo@gmail.com:Eldad260787@boss
alumno24.incutti.mateo@ipm.edu.ar:Millocampeon2015
laota.rassoull@butlerlsa.com:Lexus123
dardo.meijide@greysand.com.ar:Afip201909-2022
Yara12345677:
1435686@senati.pe:939003400A&M
jhernandezc1413@alumno.ipn.mx:Jh81W0H0
0034854@sesi-es.org.br:Mulinari1313
305400040@est.mep.go.cr:Mar-fabis1720
mark_ma@coolermaster.com:Feb-2020
mroverellikkem@email.com:kurijr$
mahdi.bekkar2@outlook.com:.Rt5y,H,qVBrEc8
scgexpress-it@scgexpress.co.th:wN%8JYxx
30029715@students.southwales.ac.uk:Naveen@19980917@
lmaciass001@alumno.uaemex.mx:FMu1332gL8b
ssangwan2@myseneca.ca:Super123#
gilen@glenhood.onmicrosoft.com:Glenhood1234
ahmed.mostafa.a-201611@f-arts.helwan.edu.eg:QsOnly10
abenamar@cat-tn.com:Ahmed26QSQDQFQGQH
arnoldo.madrid@unah.hn:C*nelo22
harryisme01@outlook.com:Gft201809
monica.hamptoncarpenter@students.post.edu:monica.hamptoncarpenter@students.post.edu
malagugi.17@astn.allsaintsmat.org:AllSaints1234
180206104@ogr.cbu.edu.tr:30661570222
paulagalindor@hotmail.com:Paulagalindo9811*
210310028629@nitratextile.onmicrosoft.com:210310028629@nitratextile.onmicrosoft.com
113784150012@r5-1.deped.gov.ph:NLCA@2024
313141004@unifacs.edu.br:04388273
aakbar@ammex.com:Changeme.123
jgamboa4865@uta.edu.ec:28DEAGOSTO@
nicolas.195231@tacurong.sti.edu.ph:Tacurong119
aver_kar@windowslive.com:Academiateacher@
702880697@est.mep.go.cr:Campbell2001
abubakar.2089562@talmeez.pk:$YNi$Ssx3jFbstL
wayne@bofinet.co.bw:Password1
wellnessworkseu@gmail.com:Jaxu6776
copcbap221p-011@student.nibm.lk:Koz16770
dvenegas@calufa.com:Danierdavid1984
tpkpp@pdkwonogiri.id:Timwng86
narendrakumar85@narendra85.onmicrosoft.com:Siciliandefencec4
eliezer.rodriguez@uip.edu.pa:eliezer.30534946
henry.tarazona@arquitekturas.pe:Colina1013
divyanshsharma12g@kamalmodelschool.onmicrosoft.com:akshit_0305
201602279616@alunos.estacio.br:Titaekallebys2@
136453130689@ncr1.deped.gov.ph:MHS9Integrity
preswill975@gotvdsb.ca:preswill978
ashley.charles@acs.nyc.gov:Barbie99$$
netas.karacakaya.tr:Netas@2023
anjali.mishra52@svkmmumbai.onmicrosoft.com:August@2020
mal8180993@ju.edu.jo:m@1985
rubia.silva00562276@sesisenaipr.org.br:Saltossauro2004
vutathoangton@simpace.vn:Abcd@1234
htunlinn201020@gmail.com:stUfoeim@10
lina.riahi@msb.tn:Chapter3
wipro-deshwan@tatapower.com:life@1234
syanac@aesa.com.pe:Jueves$123
sf3112@nyu.edu:Sh@1376218
briones.272224@sanfernando.sti.edu.ph:Charlesandrei28
462036559@dakahliya4.moe.edu.eg:Std#081023
19lammat:Cartman2004
458274982@fayoum2.moe.edu.eg:Std#070309
sakissnadine@ksarhelal.r-iset.tn:nadine1234*
UNKNOWN:Simeon2008
452007786@cairo7.moe.edu.eg:6C5089
101684832@student.swin.edu.au:Shehan12alex!
sm466884@schools.mk:Stefan2008
wijetilleke.22270@stpetersedu.lk:goh43607Admin
hung.nguyen2003@hcmut.edu.vn:11003322.Ghnp
458048680@gharbeia4.moe.edu.eg:Std#061101
0000801158@alunosesimg.com.br:Carol.7431
rafael.ciciliato@p4ed.com:Wn8h2cpaw
foser@foserng.onmicrosoft.com:rFxw698T@
a:Odette2016
049001156@ecampus.ut.ac.id:!Nofri2002
454941470@minia2.moe.edu.eg:Std#060720
cmerel@ddl-douai.fr:Catetnono62*
lm4253@my.wilsoncc.edu:Me082802
jhacker@free.stulive.com:jhacker@free.stulive.com
marcelo@1bzl6j.onmicrosoft.com:jtKNpPHD@V9@ZEe
sorada@patayafood.com:Sor66#2121
jinbaek@ichongro.com:eX597116
vralbernaz@id.uff.br:VITOr33426267
rosalvaraujo@gmail.com:300158Eu
kbean@msa.bm:309147791
cyrus.j.mascardo@eclectustech.net:Masterkey102107
r.gill@wetaskiwinpcn.ca:Tie98Boat$
tdn30@scarletmail.rutgers.edu:@Thu935256
352531.tcs.pk:covid-19
zsembinski79se@yahoo.co.jp:3O$N12j
m1f17bsch0017@ucp.edu.pk:Pos15437
0716862@MY.SCCCD.EDU:Ta032595
rafael_silva-3675@colegiopaulovi.com:Paris123a
juan.aguilars@uanl.edu.mx:ryvo2RgV
me.zwart@student.alfa-college.nl:HbH7UxaH?
eST@321:202009061834
201910100117@presidencyuniversity.in:Pres#@2020
smnieto26@soy.sena.edu.co:Silvana07122000
glauceni@unifimes.edu.br:?
morgan.pendergast@azureacres.com:LL)mma1234
almin.macak@kvl53909z.onmicrosoft.com:Bosnajajce2008
ylee057@e.ntu.edu.sg:s1698936C
ZEEVAL@GMAIL.COM:katarina.mirkovic996@gmail.com
Ajay167:IAMIRONMAN2q
2303065khaled@rst.edu.eg:Cwabmiv@0
meg.hodges@townofantigonish.ca:SoyBoy13?
ishanka.abeysekara@itelasoft.com:Ishanka@ITS1
nrnora@astro.com.my:Astro2018-
al205721@alumnos.uacj.mx:REML41589
s3876491@rb.moe.gov.sa:Jomo13525
palwasha.4713183@talmeez.pk:asd@30852
s9520266@mkhg.moe.gov.sa:MOMOsam1430
swintcorbinm@jacksonpec.org:JaxPrep1
se120202038@kust.edu.pk:EFG@2458
471218886@domyat1.moe.edu.eg:Asd$188938
santiago.tomalasantistevan@upse.edu.ec:0989637892Javii
dang.197ct31293@vanlanguni.vn:VLU@197ct31293
omar30982087@f-eng.tanta.edu.eg:omar30982087@f-eng.tanta.edu.eg
dg09686457@edu.mon.bg:Quiero&1felizz1
muhammad.uzair@khaadi.com:Khaadi@2021
gloria.mombrini@consorziofa.it:Glopass89!
0941782366:chanon007
operaciones.scp@sysne.com.mx:k_GBQ3F5k=
atwolfe2@liberty.edu:Asshole12!
marius.colioglu@wesee.eu.com:mc---333
dhikraa-almoaibed@shraka.sa:Dhikraa20*
411359999@kafrelsheikh1.moe.edu.eg:ytrewq12
bruno.rodrigues36@aluno.unip.br:42961636809
190405001@st.biruni.edu.tr:t47ZP4Hng
amadouissa.idrissa@ofppt-edu.ma:Jona$9811
qs_2390834@bflaf.com:Bajaj@3798
fady.g_mil@gemselearning.com:nearly41
alessandro.cal@sotreq.com.br:As120502.
aelan:Xob07212
s5018136@studenti.unige.it:SpoT!08!03
e23100403@postgradoutp.edu.pe:70322029S
aritra.pramanick@abbott.com:*#ap001DD
kamal@globalvisakings.com:Krisha@123
violetkimkung13@mwalimu.tsc.go.ke:Ab817753
e-basbar@iskule.no:bashar.bareo.1998
diah.asti@ef.id:Kediri01
noc@vglgroup.com:N0c@Vgl_7JC2021
carhan@lejerbo4300.onmicrosoft.com:Hax11812
jpramireze@estudiantes.uhemisferios.edu.ec:tribilin123
62761811@cybernet.edu.pe:Lionel2021
c5143@ioffice.site:Office@365s
21138573@thedps.org:Jr050902
467448025@benisuef2.moe.edu.eg:Std#050805
dilshanmadushanka@spnsudu.edu.lk:y6JxE5mFeyffR8R
2210753785@sbelim.edu.pe:23585_JSMMCN
mohamedwael6699@gmail.com:Ruz44447
j.hartranft@teams.musin.de:Smilla_1802
mohamed.e5_win@gemselearning.com:@mohamed2009
jonnel.duenas@conectys.com:b4FJ7mtQWdQU
zvgomez2121@df.conalep.edu.mx:Conalep2021
maurivitor2@yahoo.com.br:rosa2600
haroon@othmansharidah.com:7?sZ^r,9m"8#)&.
sakandelidze.saba2@students.gov.ge:Saba.123$$
rbroom2@students.gntc.edu:Gntc071194
ananda.mugti@binus.ac.id:b!Nu$05122001
angeles.martinezh@ine.mx:Contra*2020
gaguerrero@pret.com.mx:G3Al7519
Abdellah.zair21@gmail.com:Rania02032016
586-ri@apgsws.onmicrosoft.com:Mronsp@123
vugiang21491@hotmail.com:HoNhatThuy91
agentgt:Supermanpunch@12
ggonzalez@otacc.com:Otacc2021*
patricia.matias@kroton.com.br:Cachoeira@2022
ing.patricks.20@alengineer.onmicrosoft.com:Prsal.1901.
Lam.Nguyen@xpo.com:Jayden2024
paula.camacho@uam.edu.co:1000157928
thomast@student.cornerstone.ac.nz:c@lytr8X
042254244ecampus.ut.ac.id:afkarina21
0863740602:753951Nook
mkafel28@enfieldschools.org:Mk34024!
aajogender7@gmail.com:D20110091797@123
20vieirac@oultonacademy.org.uk:likliklik
rizwan.murtaza@travelcounsellors.com:Braveheart1190!12
renaudh@eduprovence..com:20Juin2010*
yadavansh00778.ay92@gmail.com:sanumaya@6363
6230058809@stou.ac.th:3329900095113
fsbfscem1936106@pgc.edu.pk:step5901
scarlett.torres@alumno.buap.mx:Gatito21
samanyolu2416:
asmoss@stu.chino.k12.ca.us:Am90138
roster.manager4@badgerhonorflight.org:MJP2023$
andresreyes@liceogalan.edu.co:jaime220890
u22306433@utp.edu.pe:74998624a
j134443328@taalim.ma:Salma123
manolo_montes_29@mnlgroup2020.onmicrosoft.com:Ofelia2020
62082930@mylife.unisa.ac.za:suw17iph
rhadika.prakosa@bizzy.co.id:Tambang2013
s443017202@st.uqu.edu.sa:St160011#1120
210170103@est.mep.go.cr:123@ganar2021
482131332@fayoum2.moe.edu.eg:080715#Std
desiree.jacub@yokke.co.id:Yokke123!@#
goodwinca1@wsdstudent.net:CG370@frem
2101962@eng.asu.edu.eg:ee519735ee
tzvikad@imd-soft.com:Tdqa2018
EDU_EFEZ_1119@sulid.hu:szisziZ12
h110004233@taalim.ma:mohammedsehli2004
allysonsousa033@usp.br:E6vn7wHG_p)UXc+
wl12082003@gmail.com:wndy120824
0036479@student.msdlt.org:Jh031213
furqan.syed@go2020.world:Cryptic01
shahid.javaid@diamondfoam.com:SHAHID.123456DGI
nizavargas@grupovidanta.com:Emilio01
angarikasp0032@ascn.sies.edu.in:R@nip26231996
nabil.radouane24@usms.ac.ma:Hamza.rd_123
angela@heartcentricsuccess.com:Arbonne#1504
s5405025@rb.moe.gov.sa:Ali@14202
x202127144@cibertec.edu.pe:Caleb2022
howard@bigbuddyprogram.org:Topchoice@1492
ninh.phamngoc@kientrucviet.top:Phamngocninh91
//login.microsoftonline.com/:admin.acity@alpesac.com.pe
dfchamor@bgr.com.ec:Agencia*8
socialmedia@itsc-saudi.com:Itsc3636
wiqbal@goodtogreatschools.org.au:Jiimii05656
randisade@pu.go.id:12345@randi
logan.denison@snhu.edu:Shambler1025506
f131246370@taalim.ma:Tncc7868
UNKNOWN:1715@asnschoolmasp.onmicrosoft.com
msamuels21j@mymbcc.edu.jm:AviationIsMyLife787-9
srujanamedishetty837@gmail.com:Sumana837@
1761924@giza6.moe.edu.eg:Emp#781026
perez.185345@caloocan.sti.edu.ph:Perez20020814
traore.b@iptpowertech.com:FbTy2211
betty.elfrida@bpkpenabur.ac.id:Betty@mtr22
aanyhn74498@comcast.net:liSutt
mario.deluca@peanoroma.com:Cavallopazzo1?
19409@thptaphuly.edu.vn:Dat200410
francesco.venditto@studenti.unicampania.it:@Volpe2002
2033224075@hufi.edu.vn:quynh1906!
bella_laszlo@sulid.hu:Lacimixx4791
distance.learning@sisgc.onmicrosoft.com:Jewel@10
senkovskaya.s@gjh.sk:Dele4105
PA:Farzi.com
mtah@qna.org.qa:99@allahou
r.lubnicki@student.po.edu.pl:Vn4SrWickz
ZOMbies@hushmail.com:LA32dybU
ahan10954@stu.odyacad.com:01202011
10623442@mylife.unisa.ac.za:zfl93ZRS
ga:Jlsbsvv6
randrianaivomendrika@students.undip.ac.id:mitiamiangaly17
angel-__-iuekr@bbox.fr:PANoamIX9
johanadam@mobius-digital.com:010810jn
ddzradosi1@nait.ca:778962@DD19
contato@maquinadecartaoboa.com:Cero@2023
jasantosve@gmail.com:micasa2013*
gcorrao@nv.anpalservizi.it:Mukkypuzza64!
bandz@bandzbox.onmicrosoft.com:1421Mrmike!
lhrfscmm1874327@pgc.edu.pk:1874327Pgc
rmillan@sena.edu.co:Sena2396*
pramsamith@gmail.com:jakaA2903
22reyesbd@capousd.org:volcom20
robertomendozaraya@gmail.com:Pana_1701
p-thsousa@bvmf.com.br:Tigo522272.
souhail.daoued@technica-engineering.de:S41737032l
17bcs4148@cuchd.in:Invoker1997
rosanny.rivera@inaipi.gob.do:Miranda11
constanza.ulloai@usm.cl:afterScool22
apichart.ka@office.nfe.go.th:Onie2020
s23533@ms.rajini.ac.th:14And0720
divisi.sdm@bankaceh.co.id:ActionBAS@123$
niel.teoxon@quantrics.com:1Mertylle!1
cbasanta@caritasregiondemurcia.org:ClbHC1984
sahar.fathi93@h-eng.helwan.edu.eg:Fathy1954@@2011
124830@deped.gov.ph:Chin.0912
henryv23@students.downsend.co.uk:Brazil123
abukawla@moe.om:yousef2@@5
driverliaison@crestacars.onmicrosoft.com:Cresta2019
gergely.mi.csaba@utcluj.didatec.ro:1*uCZQ)>Q+q>GhqiyBT=
wilfried.coidiau@group-ips.com:wco4321
frik@fvslaw.co.za:Fr1K125#@
ntp.ncminh@thuathienhue.edu.vn:sonCM501
dy6359s@ad.fh-aachen.de:Saban_Ali115
tristan.gabriels@leerlingen-pito.be:ig82627RT
Zdreanta#1:Zdreanta#1
edfared32@gmail.com:edfared123456
nikunj54:Nikunj127@
maxwell.silva.ext@funcionalcorp.com.br:Func10n4l@2025*
fea.poblete@duocuc.cl:Roja2223
2114170@saec.ac.in:SRIKANTH@123
1852@lk.zs35.pl:Password!06
julita.wojciechowska@sp23.edu.torun.pl:Julita2023
18es44@quest.edu.pk:Qut16035
gtellez8@yisd.net:UTEPintern
asantiago@turnospr.com:24Noah2021
crschubach0001@student.stcc.edu:C1a2r3l4
admin@theshiftclinics.onmicrosoft.com:Tiger@2021$
castellano2.aluna@feyalegria.org.co:CarlosAnaAlvaro2322
462701023@benisuef2.moe.edu.eg:Std#080206
teulief@toulouselautrectoulouse.onmicrosoft.com:Francois2020
pc138243375@est.mep.go.cr:HJQC#2021
MFAKRi%5:s#Nu_R
khanh223030636@lms.utc.edu.vn:223030636
k45a7ngoducngockhoi@thcsthaithinh.edu.vn:So62ngo82
msanchez@mca.cl:byk38n123!
ms@highergroup.co.uk:s013354899S
duongnphhe161865@fpt.edu.vn:Nguyenpham2002
asandovalh8800@alumno.ipn.mx:Donovan89.
jjames176@itt-tech.edu:jj110408
jantonov@sp46.eu:Jurii1
baavighna2217803@baldwinsociety.in:Avi1110@baldwins
lucas@3q8v1k.onmicrosoft.com:@V1t0rm0tt4*aqswde
boy.taufik@polban.ac.id:Mancheoz_38
jepri.sihombing@guruinovatif.net:1zzill@H
473270051@giza6.moe.edu.eg:Mada#19803
ravindrathote@midcindia.org:m1dc@Eb1z
migrarderechos@abogadosjr.com:jrNUBE2021
basim.akram@vu360solutions.org:basim@68594
luisenrique.duran1@bachilleres.edu.mx:eldarkin2.4
sim.ria@stud.uniroma3.it:$uL3Jf1O
s8138063@rb.moe.gov.sa:Mm4892011
juan.jara.solis@udla.edu.ec:Jj8*8%fTi
rra565656@gmail.com:mhsn1212
30201011400906@nursing.asu.edu.eg:nehal123#
201708620@ufh.ac.za:edbhasa4@gmail.com
u20215741@utp.edu.pe:Milagros08?
447714734@domyat1.moe.edu.eg:Std#050529
m138170315@taalim.ma:97325A-206
18691a0543@mits.ac.in:H@ri6384
edgar.reyes@alumno.dgcft.sems.gob.mx:Carpi92031051
ernad.mehinagic.ba:hamozmaj-4849
zakyra_davis@etbu.edu:09262004Maurice!
11216871@st.neu.edu.vn:huyen27052003
veli7@kaptanihl.k12.tr:Kaptan123
gabriel.delgado1@correo.uis.edu.co:Tobias1098
ahmed.2765367@tse.moe.edu.eg:AhmED321.Secure321@
adm@personalizeturismo.com.br:Perso2255@
carolina.capistransal@nube.unadmexico.mx:Abcd01183664
al12500928_rucg@nube.unadmexico.mx:Ferubi_24
jessica.tavares@celsoonline.com.br:16761437776
michal.sokol@skolavolgogradska.cz:170108
ian.antoko@learnatwren.org:Young313
nathalia.bussolim@sabara.com.br:Nathy2024*
gg61265913@edu.mon.bg:qwertyuiopasdfghjklzxcvbnm
UNKNOWN:072324Ka
rigo.erik@szondi-nmszc.hu:Wun23495
2015-2172@mgs.edu.pk:Pum158491
kcu-bandung@bpjs-kesehatan.go.id:Bandun9@V-01
mariamirame:[NOT_SAVED]
stefania.scotto.d@circolobenci.edu.it:Joj70028
srmacedo@tjsp.jus.br:Raparecida$1967
jaynie@bishopcottongirlsschool.edu.in:Ratnam2010$
kanathip_sr61@live.rmutl.ac.th:1579900881951
7733591733@bariavungtau.itrithuc.vn:Emgalam0979
0928082022@mail.utec.edu.sv:20071993
17005227@stu.mmu.ac.uk:CobaltCollective1
astk@lntecc.com:Yes@2022!
jacks:Qhyf5f123
bangredjibril27@univmetiers.ci:Ronnie25
felicaaccmo@xs4all.nl:norbertog
459019646@behera3.moe.edu.eg:Std#070125
ignat.le.alina@utcluj.didatec.ro:n&qze4;ooC6B_HXrr{]q
kau19820@sheridancollege.ca:HM8LPLpb
a16091@eduga.pt:Jsc61093
445294903@sohag2.moe.edu.eg:Std#031011
villanueva.327230@ortigas-cainta.sti.edu.ph:Cyrusthedog07
kacper.antoniewicz@gastronomikpoznan.pl:Kapitrans123
stuf2014000732@privatemoe.ae:abcd@2021
damien@grouplm3.com:UCFdamo98
nicolas.domingos2@etec.sp.gov.br:Chapolinedaora@
1279761@senati.pe:Virtual20
marcosviniciusoliveira25@emdircevalerio.com.br:dirce2021#
camayaco@representanteventas.com:Colombia1
arda.akbuerue@stud.bs-aarau.ch:pJd3s6usmwka
f133250792@taalim.ma:Uusrz4416
2181714@sohag2.moe.edu.eg:Emp#740804
cppssmanabi@iess.gob.ec:Coordinacionz4
dagonzalezrodr@unadvirtual.edu.co:Servicioskarim17
a2059@2zm9b.onmicrosoft.com:Rosh@1234
alyssa.ocampo@puertoprincesa.sti.ph;Alyssa716;https://login.microsoftonline.com/common/login
s3922255@rb.moe.gov.sa:85P@s8sWr5688
julvasiu1059@emokykla.lt:Slapta.3841059
luis.pozog@ug.edu.ec:Puho3825
452740396@alex2.moe.edu.eg:Std#061217
444839388@ismailia1.moe.edu.eg:Std#031128
03438916541@edumail.com.br:T1f6p5
jose.urrutia440@educacionbogota.edu.co:Xkokade321
loussaiefyoussefkarim@islaib.u-jendouba.tn:XKZp@GWkbx
466195409@giza2.moe.edu.eg:Asd123@#$%
Addisonreverse@gmail.com:Freeyp267
spulido06@uan.edu.co:3102599424SyP-
s3395602@asrb.moe.gov.sa:Nn11223366
cjrojas@skandia.com.co:JuanPablo04%
eddie.escribano@nrinet.com:Kata4077
ramg05@uqo.ca:Sarah/2408
pkunthan@egco.com:Pum0842424747
vsotomayor@ulasalle.edu.bo:+vero2017
451277940@assiut1.moe.edu.eg:Std#041030
r.abusamhan@ltuc.com:RR.@12369
1424861@dakahliya2.moe.edu.eg:AREF#magd690606
mhussein@alexu.edu.eg:up!HUsEN4@
wbn_cahyanandahwarni@guruinovatif.com:WBN-ELC1
892154501@qq.com:Lmc!990531
22-CS-71@students.uettaxila.edu.pk:Kanwar@24680
410266828@kafrelsheikh1.moe.edu.eg:Superm@n06
hrodriguez@sinci.com:L1caw2022
humza.farooq@bigcreative.education;iplaysniper34;;https://login.microsoftonline.com/common/oauth2/authorize
zohaib.akber@guest.jazz.com.pk:Rolex@123456
13161155@modelo.edu.mx:Paola291277
cvaldiviah@chapingo.mx:Mason*2022
mildred.espiritu01.gov.ph:MamMil@143
dgartz@email.itt-tech.edu:03101990
Nabillaamani2000@gmail.com:Nabil28082000@
25823@davinci-leiden.nl:zomer@123
20alan.korcz@presentationcollegecarlow.com:Brayan132406.
prasanna.raj@asterhospital.com:Welcome@2021
341888@mijncarmelhengelo.nl:@Jax12321
przemys艂aw.borochowski@sp2szprotawa.pl:Popoki123
mhd.alfarakh@std.yildiz.edu.tr:Darkrider12.34
b071410503@student.utem.edu.my:Hujankilat24
weingut@oppelmayer.at:WGOppelmayer1638
mohamed.1464429@t1.moe.edu.eg:egyptM@1464429
dawns@live,com.au:Peterborough-38
201610171@tese.edu.mx:Fop78729
bstraczek@szkola51.onmicrosoft.com:Giszowiec123
a719.lucas.varela@epcv.cv:EPCV@2021
debarati.kargupta@stu.adamasuniversity.ac.in:chemistry@123
1901680294@danang.itrithuc.vn:Hht12348765@
nsc5001418@est.univalle.edu:C@ns110913
patriciocortesv@live.com:Pjcc1902
74095670@usat.pe:Yoplac-Torrejon@123
st2020512@365.stucom.com:yeixR8bLq
2k2010thb130@zpschool.edu.pk:Pakistan2020
allemparedes@gmail.com:cKjT83xA6
2036319@std.hu.edu.jo:HU@31808
0512310141@alumnos.univa.mx:Zam120303
petr.baran@libertysteelgroup.com:Ponorka12
mohamed.bastawy@diamond-dpc.com:Basta@2021
17-33254-1@student.aiub.edu:Haua1010
yesenia.colcha@unach.edu.ec:Yecris.95
5870665@aluno.uniasselvi.com.br:R@40454467885
jayden.laforce@cspne.ca:Xns812
rlpzarquitetura@rlpzarquitetura.onmicrosoft.com:Arquitetura1308
444801341@dakahliya4.moe.edu.eg:Std#040223
tristan.appiah-kubi@leerling-obscamelot.nl:LOLKOEK141
kosictomislav99@gmail.com:K9hg7q9215
antoinette.holtshausen@momentumconsult.co.za:Welcome123#9
oscarolesen@kinetonhighschool.org.uk:*Starbucks*
lpreble@preblemedicalservices.com:ZxcvMnbo15734
jp.hilario0874@student.tsu.edu.ph:jppogi@45
scoth123@izewr.onmicrosoft.com:Hor90382
21001159@basecollege.in:Lun34616
haidang@1drive.site:Dang1979@
00273024@red.unid.mx:Wall-E2012
anjani-sdn5panjer@mkkskebumen.org:Aanufiaziz1
a.hussain0508@education.qa:50944504
mahmoud.jouda@std.medipol.edu.tr:Mahmoud123456
admin@visualtechsolujm.onmicrosoft.com:password@123
00001078252865sp@aluno.educacao.sp.gov.br:peixoto2021
448200139@cairo5.moe.edu.eg:Std#060520
1095@thegroveschool365.onmicrosoft.com:Grove2004
1851042835@e.tlu.edu.vn:Juh13959
anish.shankar@gmail.com:Anand_achu73
admin@cauceara.onmicrosoft.com:Dut06865
wacharapool.na@rmuti.ac.th:Perfect3145
86303418231:Pedro092229
tybahp2075.edu.in:Purva1995#Outlook
nur.koza@pinartekstil.com.tr:Pinar2021**
khairulanuar.hukarim@malaysiaairlines.com:Zitron21!
nicola.ragozzini@itigiordani.onmicrosoft.com:Nick2006
christian.garcia.cabrera@udla.edu.ec:m@zinger1983
kevin.jimenezmnty@uanl.edu.mx:7YCtRV79
21917114@dut4life.ac.za:$$Dut010824
tyas.christonika@binus.ac.id:b!Nu$22112001
3220222787425@qaed.edu.pk:64261910
tushar.gandhi@nextag.com:Nextag77
jasmin.pezic@gov.si:jasmin-2028
4301751118@student.hcmup.edu.vn:Khanh@hcmup
211190125033@gecbhuj1.gujgov.edu.in:Gecb@123
fadiladyahayu@students.undip.ac.id:Fa159910{}
p112273@siswa.ukm.edu.my:Nadia112273
1715941@aswan1.moe.edu.eg:Emb#830209
966560100@est.mep.go.cr:HOLAbuenasTARDES1234
jose.vivas@franksintl.com:1418358309
hector.fajardo@vant.mx:FajH3c2020
benjie.painagan@deped.gov.ph:B3nzch08
ivaneyvieira:Pintos@2018
cv.ferindomitramandiri:896842
abdulrahmanrajab7757_sd@edu.bsu.edu.eg:1205ESLAM.
rbaez@alnap.com.do:Manzana6
dpurgue@sowit.com.ar:L3nt3srotos
MattoCotral:Emanuele1092000
a.mohamed01032@education.qa:ahmed2007
hakantoprak@fisanetwork.com:Tunus2023.
ee18048@aluno.agvaf.edu.pt:MARbia10.10
zaell_sic@tesco.edu.mx:Comickskate-1999
zuly.lemusc@multicaja.cl:Klap.2023
dpacan1@glowacki.p9.pl:Osama2333
smorris22@uagrantham.edu:Nisey0101$
eabate@asdfoundations.org:Eliel282023
464941834@newvalley1.moe.edu.eg:Std#100104
komi.ahiakpo@financialsontime.com:@Al0m0ss0u2018
4080495@aluno.uniasselvi.com.br:J@05145947992
cbrumby_1@gavirtualschool.org:UCxd*&76
449984309@minia2.moe.edu.eg:Std#040523
s4798354@jzg.moe.gov.sa:Gatewey@457453
dennis.kycyku@schulewislig.ch:Schule22
marcin.trojakowski@zseitolsztyn.onmicrosoft.com:#Kwiatek1337PL
ayman.205613@azhar.moe.edu.eg:AA.22446688aa
fitra-paputungan@ecampus.ut.ac.id:Baru123456#
anrdelid@ntlworld.com:Monkey77593
esteban.cadena@espoch.edu.ec:SKIpe2021
stu1660135@dpf.edu.lk:Ovidu11@
jlflores@toyo-eng.com:Wesse1!4$7&4$
halas.karel@zsohrada.cz:Elektrika37
K03048:sman@0322
olga.torres08@unitec.edu:Ernestito1320
mira.sallal@nes.edu.jo:mirarami123
nuntiya.nak@live.ku.th:Ployk1150@
max@vistagaming.com:YanisvX9HZKwkze4dCFv
20-200-5-08-0001@sxconlineclass.in:Debolt55@
tony_newcrew@yahoo.com.vn:Doimatkhaudi@1127
abdel.29812151803559@com.usc.edu.eg:Boody*2010
232e74102@alumno.ujat.mx:123807423
458275018@fayoum2.moe.edu.eg:Std#070628
442491826@sharkia2.moe.edu.eg:Std#030129
lagmsd@univie.onmicrosoft.com:Habicher1!@_
controledetodo@hotmai:88@.Ne./
aftubillara@projectpie.biz:lyan8888
kachm_re09@student.itstep.org:36Zg99Tp
l.samurine.2111293.sch.id:Noah5416
matheuscoltro7@gmail.com:MTHSma80ma05MTHS
486697736@qaliobia2.moe.edu.eg:Std#050416
mita.zeng@esi-tech.net:Qooqoo71529
0519633@students.dadeschools.net:120608ms
maciej.binczyk@teb.edu.pl:Maciek2004
22587@davfbd14.onmicrosoft.com:ta-272/5
akshat.vidyarthi2019@vitstudent.ac.in:Akshat@2608
andersonssilveira96@gmail.com:Aeg131019
zaheer.abbas11@guest.jazz.com.pk:X(bEj82m
afranklin05707@student.tacomacc.edu:201369057
gfxGsjhhv@laposte.net:96car1
budisantoso07@officeoriginal.com:NokiaLumia5205
464166083@dakahliya1.moe.edu.eg:Std#010630
mkaur786@ncstudents.niagaracollege.ca:Surinderpal@1234
eko.pramesti.13@guruinovatif.com:V1skosit4s
maltepe@yatsan.com:Cnk2020!
george.chemkang@lutheranworld.org:Yaddb2022
lhashani@ips-psg.de:RAz56fBi
infoplusapgnespcol2@grupovanti.com:Grupo_Vanti1*
marcelo.scarpel@nepos.com.br:MSnps1919
81281@icpnachi.edu.pe:Qoj89613
ye.escalona@duocuc.cl:Yeg.190220.
alinmihai@mathmatei.ro:qyXYdUtMch$Z
jordan.robinson@snhu.edu:USdB@9Ng5gKUJMz
dejan@pajkic.rs:Zuk38359
ar00136267@prosegur.com:2002Once25!
naki.salma@univ.teluq.ca:Salma-28
movies1@801zbs.onmicrosoft.com:Lak66899
56_r6os_o2_u26@eprosveta.ac.rs:Unalena0709
efragosod1800@alumno.ipn.mx:1pN1023HO18EU
chayaphak@plus.co.th:Ao02102524
1540112886@kus.ac.th:Klong484
momento70:Momenelabd1970
f18bsmc003@students.fui.edu.pk:stu@123456
doanminhthong6a5.c2tp@ms.phuly.edu.vn:6a56789A@
113848150021@r5-1.deped.gov.ph:Tor26008
pmatumbo@hope.cg:Phillipians2
jsolguinr@unadvirtual.edu.co:Zebaxtyan13
poonam.redkar@newhorizonsms.org:Sanskruti2013
sanjay@accurate.co.za:N0t4u2c@2016
10394@spspanchkula.onmicrosoft.com:teams@123
phacr@koutfood.com:Phfsari8
msantander@infocallp.edu.bo:Cad62793
308180:455882
468193660@qaliobia3.moe.edu.eg:Std#030611
andres.montanio@espoch.edu.ec:@Asmr0201
prima.kurniawan@bankmandiri.co.id:Mandiri9
capili.mariasophiamay@ue.edu.ph:b1r3o5o7k9s#
sivan@azhagar.onmicrosoft.com:Aqi622@alagu
rolandowalterhc@gmail.com:8977Lr.2020
rizki.kurniawan@sig.id:Semenindonesia2018
pulkiit.singla@hcl.com:Asdfuiop1@
loulou.hallal@st.ul.edu.lb:q$9P4A!z
175891@mcpsmd.org:coolon
abdullatif.zanabili.1@stud.hs-emden-leer.de:@@Zimpu442h
469883522@kafrelsheikh1.moe.edu.eg:std#041112
troy.lehmann@student.education.wa.edu.au:Abc123456789
s.przegalinski@szkolarzaska.edu.pl:Krakow-2020!
b161150049.mn:sF98121015
jenelyn.s.lozada@sunlife.com.ph:Jhen123696
3095@tngqatar0.onmicrosoft.com:Salman@2013
thangaraju@autotex.net:stCNC@Raj17
s300069591@ddsbstudent.ca:Bedwarspro713713@
singhdivyanshu07678@gmail.com:Manipal@123
khassan@geomatex.onmicrosoft.com:Aceg2580
gabinete.sms@cuiaba.mt.gov.br:@gab#sms2018
kevin.leekwanweng@creditfix.co.uk:Welcome12!
aham_amat_2018@edu.helwan.edu.eg:01524022811Zz
458058837@luxor1.moe.edu.eg:Std#011528
ex_ignite@uandes.cl:Ignite.2016
202307493546@alunos.estacio.br:Amo112895
490570994@behera3.moe.edu.eg:Std#050713
ayafifipetrojet.com.eg:ahmed2016
emanuel.gologan@scoalalumina.ro:nagolog@1Eparo
resortpartner_frenchalps@leavetown.com:YW?n@XQu@fzEqtW2
yassine.elidrissi@vsolution-tech.com:Pi9d2D7Z
prakash.raveendiren@student.tdsb.on.ca:prakash5
jakzda2322@edu.wroclaw.pl:Gwiazda12#
Gaurav_talwar:naina@123
408269996@sohag4.moe.edu.eg:Std#030311
juan.dominguez2319@aulamexiquense.mx:Messi@230189
mohamed.elbeltagi@icdeamicis.edu.it:17031979Ra@
ranbousheh@outlook.sa:Dom16074
chappeux@gmail.com:Cicada@William@09917011
minecreft.diego12345@gmail.com:Suw77427
205869902@idf.il:Gilzivraz1
layaleajamy@hotmail.com:soonlink
wc16612@wesleycollege.lk:2007830@n
yeny.pinzon-p@uniminuto.edu.co:97091926419
tranlehoangvu0306@thptanlac.onmicrosoft.com:29101997Vu
lsergio@uolinc.com:Vi200300@
ckwerit@idi.co.ug:1234Uganda/
rm87541@fiap.com.br:260203
6455200136@stu.pim.ac.th:1101801264829
llemus1@wgu.edu:Mistico263
val20212070@mail.udes.edu.co:Juanes422
ucz.szura.dominik@spwojanowo.onmicrosoft.com:Dominik0808
roland.collart@gerresheimer.com:GFus!on200r
protacio_3220065@letran-calamba.edu.ph:october_1013
king:Skgt%282
459240225@fayoum3.moe.edu.eg:Std#070811
aya.com_13121@com.kfs.edu.eg:Yoka20908602
UNKNOWN:Mithulan1199
72110149.alaa@acu.edu.eg:Acu12345
ayushraj9e@dpsbokaro.onmicrosoft.com:RAJAYU850@
cidocuno@te916297206r1.onmicrosoft.com:Cidoc99_Uno
117823043@st.tvu.edu.vn:Lynkhn22?
smadrigalr058@ulacit.ed.cr:M4dr1g4l
adejesuscandanoza@unibarranquilla.edu.co:Anthonny17
cursointune@cursoomc.onmicrosoft.com:O03s12o18
carlos.venancio_randstad:Globo#2020
1800379@alunoimpacta.com.br:Felipe7075
e124148@esoft.academy:Hah00890
ulises.calderon@hipotecario.com.sv:Neve167452@Sep
S:Bon17995
smit.kansara@elproschools.edu.in:Sam_2007
jhon.jrincon@esap.edu.co:Jjrt22022*
javier.hernandez@agricolahimalaya.com:Xvier@82
fabianbalaz@trenstan.onmicrosoft.com:Traktor+Oral
sandyarfar@hotmail.com:Toro1971
raeddib@nachinsurance.com:Nokia@8850
bsalib@arpuplus.com:4131135@BE
SIMOHAMMED.DARGOUL@taalim.ma:1151346
200433@student.sru.edu.kh:Appleid12
R5378@on365.plus:reinold41986@
tomas.arauz1@utp.ac.pa:Tommy0697
duquerj:D26*1915
3660201771129@qaed.edu.pk:Vri302329
issaa118.310@parkhighstanmore.org.uk:basket9
453958232@monofeya2.moe.edu.eg:Std#060825
myid0029@bongseoe.cneo365.kr:gksrnr29^^
rburbana@cendoj.ramajudicial.gov.co:juzgado#8
pedro.meneses@epg.usil.pe:Pedro2021
orivaldo.pagani@cemirim.onmicrosoft.com:Paganes4040
an:Konohaa1796@
662671:giano2002@
kevialdu:LordKnigth2024*
sdonkers@clsa.ca:Tuz25107
stevenhui1014@gwu.edu:Hds991014!
2003010800477@ofppt-edu.ma:Karima200310
abidiraef@isgs.u-sousse.tn:Cjs?k9WaS2
marthayolanda.aleman@docentecoahuila.gob.mx:Martha72
gabriel.debril@etudiant.univ-rennes1.fr:Kenz@1234
nathalie.perez0965@uhispano.ac.cr:Mantequilla.123
{mail}:121606ra
1823801010207@tdmu.edu.vn:120500Anh
samy.jolliet@studentfr.ch:Nike1630.
trong202534632@st.utc.edu.vn:Khanhtrong160502
islam.badawy:bH632Hd5
mouhssine.ouaali@taalim.ma:tY3QJEs+3aT5_/
cherry.garcia002@r3-2.deped.gov.ph:Leanne$Dionysius
s2812346@estb.moe.gov.sa:mmm*1234
samar.marabut@comelec.gov.ph:yu8m-ka.)s23PTA
varada.harikumar@otis.com:Google@123
jan.pajic@ferratt.com:FerrPaji123*
msh501014@gu.edu.eg:Mohh00998
1169447853@q:CQYLOVEYHY1314..
13810zeq@wcdsb.ca:Jessie1972
angulow@globalhitss.com:Wil_150804
goh_yu_han_larissa@students.edu.sg:khs2022
UNKNOWN:5341453Olrac25!
461-vishal@dealer.royalenfield.com:Royal@123
HASSAN.BENIDER@taalim.ma:Malak@1976
202359@faithlcs.qld.edu.au:kyegee05
apoorv_katiyar:Apoorv@316040
abhishek.m4@ugamsolutions.com:Ugam@123
pijus.petraitis1@jonuciupg.lt:h72d3u$27Kl
stu0311816@dpf.edu.lk:Abd0312012
Chandrashekar@316:chandhupavi@316
marlon-souza3:Marlon983
victor.Mhumi@dhl.co.tz:victor.mhumi@dhl.co.tz
dkamorteguir@ulibertadores.edu.co:Maya8340
mister.mojahed-23463@stuabroad.moe.edu.eg:Mr854295
rosinskipawel@sp2dmiasto.onmicrosoft.com:Pawel_R12
camille.latour@alged.com:Florian1406
supinf@cattapretadv.onmicrosoft.com:$uporte@Tecbi$100%
dini.indri-ppl@manduta.sch.id:123456Dni
misael.ortiz15@my.unitec.edu.mx:315045417
473544063@gharbeia1.moe.edu.eg:Std#010817
sarel@prbb.co.za:PRBB
k1977@ashub.onmicrosoft.com:GCs-M@rdi-8-5$$_$-Ds2
5-c-ninad@94222.onmicrosoft.com:1234@pass
2426749028@bacgiang.itrithuc.vn:7A@ta2007
masonamarasinghe@outlook.com:Marmite2016
margnella@academyofathens.gr:m@rg2020
s00166323@tbr.edu:Topher761
402522@behera2.moe.edu.eg:Emp#761219
s3038092@mkhb.moe.gov.sa:SAL@sal123
mateo.buitragoo@colegio-americano.edu.co:Buitrago2019
jaragon2818@sin.conalep.edu.mx:Conalep045
450844351@dakahliya1.moe.edu.eg:Std#050218
jose.ramos@tdoriente.com:PuroBrasil2775
dn717234@iteso.mx:1Makacaneloluna.
5801537224@ninhthuan.itrithuc.vn:Trang@123
filip.sana@gajdosova.onmicrosoft.com:Pof08417
s145024125@taalim.ma:Gamv5264
eliasgalarzaromero@teodorokelly.edu.ec:Eliasga1410
mario.villasenor@orioninc.com:Ja69in77mj1307*
sanchli006@hasdk12.org:123933
ovm2014@sanviator.edu.co:ovmaT2014
Camilo.guerrerod@campusucc.edu.co;Camiloguerrero82;https://login.microsoftonline.com/common/login
e_2012101327a@uncp.edu.pe:BEBE0BErre
diego.real@utp.ac.pa:Fortnite88$
i201420544@cibertec.edu.pe:Km6t2j6c
keshab@nathbhattarai.onmicrosoft.com:sabina@123
202301112711@alunos.estacio.br:Eliza1404_
semahat.ozturk@mbaokullari.k12.tr:Mba35221721250
rwa1001156457@rwastudents.com:stu1234*
n145005762@taalim.ma:m2RUfnXgay
russell.jonathan232@stu.edu.tt:Education2007
luisclaudio@ekmsirenes.com.br:lc240673
sangitalamaf327@vibrant.com.np:sangitalamaf327@vibrant.com.np
303713-karthi@dealer.royalenfield.com:Akan@6789
marvelouspictures@link365office.my.id:@sukses12345
00005040284@aakashicampus.com:De@260406
akinozer@micro-365.com:General4*
admin@sigitek02.onmicrosoft.com:Kensium@123
sccdlw@gmail.com:Office5406326
ramzimuradrajab.alnaimat@st.uskudar.edu.tr:R98715836733*
apc:apc
1904010077@ms.hanu.edu.vn:Sanri8888
nflanagan651@westhoughton-high.org:Flanagan1#
tdassociates@totalmed.com:Td@@2018
ma03@ciscollege.edu.lb:Dob95755
201907151@o6u.edu.eg:kerst0100**
qusibrsh1517863@estudiantes.edu.ec:gatoRomano73@
deilda@deildaestevaodefreitas.onmicrosoft.com:AaA91174124
92333:Hao20010329
hs081-2112van0674@lamdong.itrithuc.vn:Lp@161224
danang@tarunanusantara.sch.id:Niko#16012003
brijkishorprasad@gs.zzu.edu.cn:dxnmb%&(*HKI4156)*%
tromana@compensar.com:LP100pre$1
MEEKETKETAN.TANK78@svkmmumbai.onmicrosoft.com:Welcome@1234
john.guevara@meduca.edu.pa:Caminoreal129
imagens.pe@acenderengenharia.com.br:Cax51746
000700:W@!jcZYs4+qDk8
abdelrahman17194.edu.eg:01554327877Aa
raqayyum@outlook.com:kingarther123
albes29@ulaval.ca:Natsu.78@98
pa.ortega@ms.uncu.edu.ar:Walther_22
leader1@vadsakulaku.onmicrosoft.com:Laku.333
rudra.madhavtotewad@vibgyorschools.in:doremon@4
xdenzel@student.oakschristian.org:6XEnQqDC
hugo.hernandezgomez@usp.ceu.es:aoRusmy3080mineraL
muhammad.saim2@pakturkmaarif.edu.pk:jreck32d
ashish.wasake@mahait.org:Aston$1995
leandro@tamanduatvbr.onmicrosoft.com:R44#&I22O
pbhargav@ealabs.in:GOLDENindia007
admin@immomatchcvba.onmicrosoft.com:Nb2021//
fabianlumbi@puceamazonas.edu.ec:Qom63294
mju6003101330@mju.ac.th:13101998
prom.daro@rufa.mcfa.gov.kh:Vuy20493
18th01@parrswood.manchester.sch.uk:Cardboard12
mio.meier@smg-gun.de:52A0x7bC5N5L
210200484@est.mep.go.cr:Isabela28
lady.nunez@alpina.com:Enero2018
dconfessor-adv@outlook.com.br:EAfifa1989*
454019658@dakahliya1.moe.edu.eg:Std#060925
vicnrb@hotmail.com:Mo343517
423244771@snablus.edu.ps:ahmadmaalee2812@
shimon@tracespan.com:Cus75726
diogo.osorio1901@gmail.com:@haxorus19
rafael.naressi@afya.com.br:rafa583500#RN
nguyenhuutuong@thcscuonggiannx.onmicrosoft.com:Huutuong123
leonescobedo@caritas.org.mx:Joj56128
malimon@cofepris.gob.mx:siul.15abr
26002865@pttgcgroup.com:P@$$yang234
p149915@jb.moe.gov.sa:Amjed@f1394
UNKNOWN:uT01092002
erdemyalcin@365ofis.com:13251325m*
hamzahhafiz@student.telkomuniversity.ac.id:H@mzah221202
UNKNOWN:gxni7ilf.iwycel
ashley.delgado@csdar.org:Password2024
gonzalesvek@friscoisd.org:101519801
gunwara4159@gmail.com:Lucky*@Home10795SK&ms
lubomira.balunova182@edu.ku.sk:Lubkka249@
00sagar_das:Sagar@00
2015-00033@sanbeda.edu.ph:BalayDako1234
alejandro.garcia.c@salesianos.edu.co:Cachorro14
nicolle.llacsa@upsjb.edu.pe:ALONZHO1234
williamlo@willpglo.onmicrosoft.com:WillieFrankie88@8
felix@alpha-assurednetlink.com:F@hb324!
soporte.jmls@outlook.com:Mex.2022**
mohamed160704@feng.bu.edu.eg:moawed145m
fueanglada.c+AEA-supergourmetth.com:jillySMILE11
j.villarroelcid@gmail.com:Lia072011
floissacadrien@gmail.com:RAPgame6*
dionnequinones@colegiosnavales.edu.co:1
daniel.rodriguez@bizerba.com:Mizama.880888biz
jennifer.hendricks@snhu.edu:MJU&NHY^bgt5
mireleis9892100@estudiantes3.edu.ec:Mireleis2021
pedro.uni.brasuka:75951535pedro
2777320@assiut2.moe.edu.eg:emp#801224
pmora@zspwier.onmicrosoft.com:Zkopyta123321?
ssalazar35@region1.mineduc.edu.gt:38A5186245XD0a12
2000440700@moej.edu.jo:Moe@2322002
ad@hoahoconline.com:Hoahoc90
Lobo:1234
mmbusiro@hivfreegeneration.org:2022Kenyan+12
geilzaporto@ima.ufrj.br:adivinhaGuilherme@9145
watanyu.hnu@stu.nida.ac.th:bosco2018
joao.santos@engenhos.net:Leo200121@
ymaa1592793@teacher.moe.edu.eg:yostoskaras
agnaldorosario@omatapalo.com:Edurne11@@
omamawag@hazelriggclaims.com:April20,2018
aaron@habatat.com:W1lco1111
e_2020101653h@uncp.edu.pe:Mikol_1702
aaron@mysolutions.ph:Estim@tor
juar20202@becasbenitojuarez.gob.mx:r3610n4L$2
amir.moghal@moylescourt.co.uk:Amir2610
11620210051@alunosmaristas.com.br:m200@14122009
ezequiel_17_97@hotmail.com:Popcorn1978!
linas@linasempresas.onmicrosoft.com:jhannyk1234A
04164302@sempreunama.com.br:Silva@41224
david.gageiro.neiva@aen1loures.org:Ninamaria1.
gerges.tharwat@muriya.om:Oman2020
luz.reyes@telefonica.com:Vuela.2021
t022609k@student.staffs.ac.uk:simpatic17
ittaqullahsiswogo@gmail.com:Mutulingga1978
analistas.helpdesk.ve@telefonica.com:AHD.ve123**
moon.electrical@gphispat.com.bd:moon27@GPH
Info@lyabomart.com:kLhKBaPew5
453978729@minia2.moe.edu.eg:Std#060817
mhlywa@sp5.pila.pl:Robobobbo123
306040380@est.mep.go.cr:Hilary2012
isabelle.neveu001@csssamares.gouv.qc.ca:patate24#
mohamed_diab45@sh-eng.menofia.edu.eg:01200824821Aa
pedido.movel@grupofleury.com.br:fleury@223
pgomes@iom.int:Dolalovesguppy@fish
nicola.bruco@istitutocomprensivoleonardodavinci.it:NB123456@
bgrsc1@bkr.co.kr:bgrsc0604!!
amna.s6_oos@gemselearning.com:ensure34
ajdin.sosic@oszd.edu.ba:Alsad28101974@
paansanabria@clases.santaclara.edu.py:Brujillizas1
2_f_'a_e,<A]]:k
albert.ngwa@ghs.gov.gh:Wesoamo19.
michaslmikee@gmail.co.uk:411sher
639815@sv.vnua.edu.vn:Mmn2010@#
bh700573@sju.edu:Haagen03!!
baradero@iurd.com.ar:Laq67552
ep836228112@edu.mon.bg:Tr123456789
b6616@office11.top:Nibbles23#
chiara_amico@studenti.naba.it:acBBP25676
batikeri.s@zen3.com:#Es_s$vD;48hq/v
nancy.marino@educacion.gob.ec:NZmv2023+
s171115@bwwtc.edu.hk:Jason59334202
724658@qena1.moe.edu.eg:Emp#720101
kai.chiverton@abbeyacademies.co.uk:KC2010
nourhan.712291@t3.moe.edu.eg:egyptM@e712291
457182448@redsea1.moe.edu.eg:Aa1234567#
bhavesh.thale@relayexpress.in:Quick@2024
comancianu.andrei@lefo.ro:unaicnamoc@1Eparo
ganang.pamungkas.20@gmail.com:Ganang2009
aphuangn@dc01.fujixerox.net:Spring11
nicole.mindru@cnchogas.scoala365.ro:XyZis[OQt1vA20
guru.saran@bfil.co.in:indian@123
vydra.ferari2@outlook.com:viktorka
18ur0713_ms@psu.edu.ph:DarkSide03
3015540@aluno.uniasselvi.com.br:V@02550807278
dat.2373801011419@vanlanguni.vn:VLU10072005
takundachakanyuka@lusitaniaprimary.co.zw:N980243a
kaspars.taurin@caljan.com:Ritehite1122
15conorhealy@coola.ie:Arsenal11
luis.fragoso21@my.unitec.edu.mx:321001380
rasino.jateng04@jatengpintar.id:Ayah1991
eyshila.gomes@fatec.sp.gov.br:UmqpawEk1
mortiz@vinccler.net:GABY01m$
bsolymosi@mingeo.hu:Kjhg1234
doganmetin@sahinozalit.com:Metin01dogan
s4866002.gov.sa:Fkha_2020
jeff@ckcgingoog.edu.ph:sAdmAn_063091
medavid@acsk12.org:14044
455380320@qaliobia2.moe.edu.eg:Std#050923
2226774590@ataa.sch.sa:Ben25ben80
2023018@phuocvinh.sgdbinhduong.edu.vn:buithingocquyen2005#
avehpra@outlook.com:xD{?#jM!TXvG
VIPULA7640-13@mmsssv.onmicrosoft.com:Kud78966
oficinapizzeriagiulio@gmail.com:LaL43612?
101516863898:Babu8123@#
sudhakarj@tataprojects.com:tpl@0922
fernando.ferraz3@etec.sp.gov.br:ediolara@256
lewis.d@students.stmikes.co.uk:quickRaccoon20
rjmejiag@unah.hn:Panadero123-+
yorleny.mosquera@pi.edu.co:Dagaby19!
458771103@fayoum2.moe.edu.eg:Std#070830
bilawaltunia@onedrive8tb.com:kvm808Worm
ds250586@ncr.com:DON!s3t!4w4n.1
shebaz_ansarii.in:shaistaansari1
gonzalez_daniel@teamsamericana.edu.co:rOCO1044603574
amberraj.10@iespsb.onmicrosoft.com:zow97636
1111001@laxmimavijagatpur.edu.np:Yur34598
00078070@red.unid.mx:Eva.Monic@23
20221106201@ogr.msgsu.edu.tr:Lizardking2859
nmartin@area-tecnica.com:Pol46680130
tpaskiewicz@affiliatedcontrol.com:V9C7X5Z1x2f25
juank2421@hotmail.com:GENEhe21
ethan.james.gollin@gmail.com:July2463?!
raul.ortiz@grimann.com.mx:1415Oigr2
jose.pinto2.br:jose111
mohdfauziabd@staf.uitm.edu.my:Yasir@6109
455740105@redsea1.moe.edu.eg:Std#041225
test01@ngenioussolutions.com:Ngss@1234
production@sumeru.net:Eldhose@12345
@:@@2002
robertogchen00@gmail.com:C5T28j#cm2)49T/
tuannm@mobifone.vn:Dunglamthe9@
houssem.slaimi@enis.u-sfax.tn:Houssem2020
naeem.muhammad@tw1.com:Hiba12345
19beacalll@stbedeslytham.lancs.sch.uk:Dayredsun2
gustavo.drumond@fonntesgeotecnica.com:?Drum0112@
mostafa_en30895109@f-eng.tanta.edu.eg:Qum12891
2822296:awv69678
s9888888@asrb.moe.gov.sa:Amr@8008WS
m130469430@taalim.ma:Ramo@2006
mario.gervasi@motta.it:motta2021-1
s9615552@mkhb.moe.gov.sa:42P@s9sW0r3245
UNKNOWN:775212
uyanik_42_@hotmail.com:Vuduo085270
d.kokkinos@archirodon.net:Irene2003
1321305663@qq.com:HZvqb601
madhu@lowcodelabs.in:Mady.sudhan12
al261177@gordonstate.edu:Mylife2001
sallam.m@outlook.sa:Malekandmaya22
pietrzak_mateusz_7405648u@uczniowie.zst.net.pl:NorbertGierczak691569326
458374408@newvalley1.moe.edu.eg:Std#061128
adtann.my:Soy37148
arindialcala@love968.onmicrosoft.com:ari.0814
1526248@senati.pe:Pelagato1016
01948537@student.commnet.edu:Myschool77$
jedsarid.tats@bumail.net:JTRUdfc1
bandish.bhattacharyya8088@vitstudent.ac.in:&88Yn8xK
chanp01@heiway.net:heineken@1597
dave.mcpherson@mcpshe.com:Mcp#1028
reyessan002@hasdk12.org:127962
chernandez@etciberoamerica.com.gt:Cinthia1988
elinger.quinit001@ncr1.deped.gov.ph:Floatingako1
1072803@sga.pucminas.br:luiz1143
hiltonmanormaintenance@coniferllc.com:Cameron1
600021537@musd.net:02202004
asmita.229527@som.tu.edu.np:somtu@18
2013093400651@alunocarioca.rio:rio28/05/2008
l.torresv@est.tecnologicovalparaiso.cl:Loreto16
roxan_8_12@hotmail.com:Claveonp1234567
722498@luxor1.moe.edu.eg:Emp#71ff17
devsardana007@gmail.com:devsardana2020
gilson@vixsystem.com.br:Max830405
486628176@dakahliya1.moe.edu.eg:Std#080428
113855150018@r5-1.deped.gov.ph:NLCA@2024
hsmithv@usma.com.pa:Nalgoso99
aditya021622@greenwoodhigh.edu.in:7=kBW+G_
2006000155@ilbc.edu.mm:Htin2022
294083@monofeya1.moe.edu.eg:Emp#680809
453923886@assiut1.moe.edu.eg:Std#060311
stu96295@thebes.edu.eg:705PFS63
marina.dagostino@justargentina.com:Marina.866
tdawkins73443@troy.edu:Mikuismylife27!
jeanluc.muscat@stjameshospital.com:Luffy101
jesus.marquez@iteso.mx:_LAjamona12
s4219876@mb.moe.gov.sa:Hani5037
rt59706129@edu.mon.bg:reni13.10
454788734@sohag1.moe.edu.eg:ERtyu+2022
brunorodri@escoladotrabalhador40.com.br:zeHsi9-mivzip-qumgew
1359634@senati.pe:YC150604z
10756322@uvu.edu:Eatdirt5058UVU
admin@adelmannvieh.onmicrosoft.com:Adelvieh2228
4501901598@student.hcmue.edu.vn:[NOT_SAVED]
jhonatan.li@cec.com.br:cec@202201
//login.microsoftonline.com</Value>:</String>
m26700@vip365s.com:Wotjr3467!
jrpardo@corona.com.co:Soportecorona20242
riveraj070@ecc.edu:Iamthenumber1boss
abdulrafay7858@gmail.com:Ar@#ceme6556
210403004@ostimteknik.edu.tr:1414Melih14
andrexbox2222:Senhaxbox
zoz67380907@gmail.com:joja2009
samantha.ehigiamusoe@stu.ocsb.ca:Sam053
meetgorasia@meetgorasia.onmicrosoft.com:nevilmeet2A@
lipari.1501966@studenti.uniroma1.it:Ivanni.41183
mg.smit@student.alfa-college.nl:Rp8yRP6mm
yunizecrystalgrace.magarzo@wvsu.edu.ph:Websu2023
henribeianoun@yahoo.co.jp:N72828qxoqx
458528097@northsinai1.moe.edu.eg:Std#070325
1341924@learn.vsb.bc.ca:readforfun
semartinez@uniempresarial.edu.co:Uniempresarial2022
weedbaxt888@gotvdsb.ca:Savage88
radouane.nsibi@sidibouzid.r-iset.tn:06017746rR
ygangadara@gmail.com:gANGA#3139
5801031@aluno.uniasselvi.com.br:M@06642256166
jarred:Brexitncc1701d@
160168.za:Daw2109#
amam_emat_2018@edu.helwan.edu.eg:Abc@12345
raimundanobre@outlook.pt:220379
k148059889@taalim.ma:Dujq4425
ats.documentosjpassivo@itapevarec.com.br:Vob13217
gerardo.gonzalezsnc@uanl.edu.mx:gV3VZ28f
jun.esto@r12.deped.gov.ph:Hyper001
victoria.perdomo@ihci.edu.hn:Kzomber96@
jmcbride352@marion.flvs.net:COBE2828
sanchezh@clinicasierravista.org:Cowboys@8520
tonjesja@yahoo.fr:kawa6aki3
s631513@ese.gov.ae:s631513@ese.gov.ae
rayhant.rabujeva@schueler.kae.be:Andertecker24
support@scoot-tigerair.com:Scoot-2017
amey@golivefaster.onmicrosoft.com:Welcome@1234
admin:Monday@01
szymon.konopka@spbiszcza.onmicrosoft.com:5553sz.nb
521213221@sha.edu.eg:30103300103128
an.dh@nexwave.com.vn:Bupbup123
angelica.vergara@friogan.com:Angie1820*
9231589@students.k12.dc.us:011204
1804120008@students.stamford.edu:HSstiu@2019
danielius.kemfertas@mokiniai.tuskulenai.lt:Bestpro123
sebugoni:pX2W3hpM
p130366490@taalim.ma:Kjjh6688
vapt.tmt@jadlog.com.br:V482732@p
s1072796@o365st.pu.edu.tw:James50505
muhammad.fajar@iconpln.co.id:Fadjar16
apechf@truper.com:4b1s93c8
thienphuc@thienphuc1235.onmicrosoft.com:a3951059A
madelgadillo1@poligran.edu.co:V21176661#m
ZL315018@vario-onderwijsgroep.nl:Z7orNGmW
satishoggu.satishoggu@kbr.com:Password@kbr1234
452120104@sohag1.moe.edu.eg:Std#070722
457287080@behera2.moe.edu.eg:Std#070425
444669340@alex2.moe.edu.eg:moohmad
whym01@blackburn.ac.uk:SHithead68
karchiladze.nikala@students.gov.ge:basana121212
admonimprenta@aphgc.es:04091992
jacob.brazier@scarisbrickhallschool.co.uk:Damwood107!!
2023827244@isiswa.uitm.edu.my:+pL&!Eg9XF(e89y
akash.x4@mphasis.com:AbudhabiDubai@2024
fzp0254h@dee.edu.mx:Viroce81
paulo.hrosa@rioeduca.net:netinho@26
jharper17@tiverton.devon.sch.uk:khdhjhjh4
abdiali@unhcr.org:Himilo@prime1
eriko.1998.edlc@gmail.com:71965542
npic10666@npic.edu.kh:Chhv34380
macelaru.darius@vcarlova.ro:uralecam@1Eparo
s2488750@estb.moe.gov.sa:楔漏楔陇楔袔楔卤些鈥炐┾€炐ㄐ佇ば┾€炐?25楔袆些袃楔褦66些鈥?
jesse.joseph@stu.sitalcollege.edu.tt:06/05/2005jj
17badareg@rbhs.co.uk:Adam190106
426959508@tulkarm.edu.ps:kokoko@@@123
akinlusii2@gator.uhd.edu:Physics102
nancy.bunag@ncr2.deped.gov.ph:nancy.bunag@ncr2.deped.gov.ph
fraziedm25@pwcs-edu.org:Redfishdot1!
22f-bit.47@texascollege.edu.np:HancyMahHo@123
jbrazewell@yewlandsacademy.org:Wednesday2
haviv.benhamo.cn000281@see-security.com:Hbh301745691
julio.nole@inprolec.cl:Lalito999
joansanchezmk11009@gmail.com:5,betzi,ada
s6234840@asrb.moe.gov.sa:Omarskrm7715
r.torresvaldes@yahoo.es:hagaloustedmismo
rahmadadiwijaya@365.telkomuniversity.ac.id:Lmspunya@di1
cholladaa@teamactuary.com:BuaBua05#
ian.vazquez.b001@udal.edu.mx:ian122005.
030151306@unifacs.edu.br:06066166
hloaiza@profesores.uniajc.edu.co:Huber=58
2405573255@bacgiang.itrithuc.vn:19092007-dung
e143137340@taalim.ma:jYn8HPQgUE
alu1117@colegiodoave.pt:Dinis1117
stuf20180010520@ese.gov.ae:ScH#eDu@218831
tsu113013@up.ac.th:19102548
buitram.neu@gmail.com:MinhChau@2019
phuthaned.th@rmuti.ac.th:0864582188za
ramizan.alfarizqi@qwldr.onmicrosoft.com:@Remy911026
2071875@fayoum2.moe.edu.eg:Has$884560
k47ngovubaolong7@tnh.edu.vn:Kdtm17062007
446476614@alex2.moe.edu.eg:Nada#2005
peter.m.boufrancis@apotres.edu.lb:Ruv43420
johnmar.marin@linio.com:Linio3105.
archish.singh@vibgyorschools.in:ampro@2011
72888412@unam.edu.pe:celeste.953520511
211d26003@alumno.ujat.mx:KaynViego
17060032@lums.edu.pk:Imkhan1122
hg09680687@edu.mon.bg:Vd8709237061
202305048121@alunos.estacio.br:doKvi0-haszac-sakqyh
cpiazza@uade.edu.ar:candela2023
mfifolato@lpht.com.br:Mb36635528
omar.soliman1@std.medipol.edu.tr:Panasonic1-
21.hsninhgiang.459@tmt.edu.vn:Demo@123
adrik.dilawar@student.akesu.org:rUy88112
451013037@qena1.moe.edu.eg:Std#070601
t.kafando_etu@enset-media.ac.ma:Berto@10
azra.cicekdag@ms-engelsdorf.edu.graz.at:#AzrCic14#
antonino.golbe@vas.edu.vn:gerron1268321
grwfscmm2016811@pgc.edu.pk:P2016811AWab
jay.chen@smspa.onmicrosoft.com:Lop70563ch
f.vallesteros@qlickhealth.onmicrosoft.com:123456789
888808898@behera8.moe.edu.eg:Std#080808
78xisf16rabinbasnet@viswaniketan.edu.np:Us@bl#*e12
carlos.quintero21@itca.edu.sv:Skate002
alsayyadm@stud.kai.ru:n2uren0c
infspc15@outlook.com\:6tb48*k1chke
andre.gallegos@tecsup.edu.pe:Jonterry322_
ramontorres@sabesp.com.br:Ramon07092006*
6510122561002@365.pnru.ac.th:15920001Bigben*
cmi1_001@office.dlit.ac.th:Acom@999
arman.veloso@lumen.com:Seenzoned@2021!!
s2958076@rb.moe.gov.sa:Lkhg1234
2027h.bighama:Bighama219
457995561.edu.eg:Std#070920
jeniffer.novoa@upec.edu.ec:Ligerceros3547
444847759@sohag2.moe.edu.eg:Std#041001
N00094759@upn.pe:nani051016**A
d0961018.edu.tw:Jing20020202
fernando.oliveira100@aluno.unip.br:72322461Fe@
kristolezo@outlook.com:corona2023
452481590@minia4.moe.edu.eg:Std#080212
dianny.contreras.rueda@mep.go.cr:SDCo2576
live@freevolut.com:Yagudin99
alu0101217352@ull.edu.es:Brava2000
yunho7515@swsge.goe.go.kr:Qw796642?
462510361@monofeya1.moe.edu.eg:_Vu2Fi$xu_#?YP6
karlapatriciatorresg18.ce70@dgeti.sems.gob.mx:Bfvk3520
m136485523@taalim.ma:Chamarissani@2004
debocha@meneft.onmicrosoft.com:DJOCKOtoumy2008
idesa.david@r4b.deped.gov.ph:d@isy2021
skhare@eteaminc.com:eTeam@#$2020
t357525@tbkb.moe.gov.sa:0535938872Aa
983263@pdsb.net:zakeer12
136542160401@ncr2.deped.gov.ph:djestudent1+
rafael.dejesus@sener.es:welcome2"
derimat26@issaquah.wednet.edu:0892571
9550@davcsp.org:13@November@2005
giuseppe@durso2003.onmicrosoft.com:Giuspeppe@03
santiago.herreram@envigado.edu.co:Nuq99847
452426917@kafrelsheikh1.moe.edu.eg:Std#060327
support1@kirz.co.th:Duf15860@107
hawra_k_almajed0172@moe.bh:051110172Hoor
sebastian.wildner@helfende-franken.de:Burner69!
chgudaya342093@estudiantes.edu.ec:novenoA2021
dourado:Marley12072018
mihai.gradinaru@sgnb.scoala365.ro:Dragasani1x
fsibarani@msi-cegah.com:TtProj3ct
1705httb028@huha.edu.vn:lamam123
natalie@headland.net.au:Daisy2007
128227150029@r10.deped.gov.ph:Qoq35830
cholawat.p@kkumail.com:lovediary1
10590034-da@apgsws.onmicrosoft.com:Syambabu@123
nisan.aksornwong@wpp.com:#Bangtan13
venketraman.n@hcl.com:zion@2018
11r062@pises.edu.sa:_Ok@comeback
avikash.pardassie@my.uwi.edu:19990423
22bar10077@cuchd.in:@JImin5419
konghai999@oniontw.onmicrosoft.com:Lin320212039
449891093@alex2.moe.edu.eg:Std#030919
1236@1drive.site:826652tA
10023238@mahasiswa.itb.ac.id:mhsITB#756766
unopar839s@unoparead.com.br:celi@2023
s4433321@rb.moe.gov.sa:74P@s84sW0r765
k65384@365hub.top:lONDON0528902457
128548140186@r11.deped.gov.ph:Futo9859
T274032902007@moe.edu.kw:145328
Gracesv088eum@bluewin.ch:4_2k3V.akC!C
455288743@qaliobia2.moe.edu.eg:Std#050515
contabilidad@oxiebro.com:Juanolis131005
warieralien@seoul.ac.kr:alien1998@#*
a13641@aeazeitao.pt:Fernandomafalda06012008
hasan.khan@yc.com.sa:Hamza@4758
17009324@qmu.ac.uk:Anitram.98
188923@mcpsmd.org:wellis11E
UNKNOWN:supermotard9606@
k56.1717710060@ftu.edu.vn:Nminhhang.285
m141050321@taalim.ma:ANNASSanis1998
timothyivanwibowo@students.undip.ac.id:16M@ret1998
usr_o365_cloud@bancofiecombo.onmicrosoft.com:lsmrpsit2020O
pxr@ourh0me.onmicrosoft.com:Hellokite?!2008
ac8382@student.jamk.fi:Ka104640464
457778525@gharbeia3.moe.edu.eg:Std#070303
robert@advancedsigns.co.uk:Millybong2019
1902160000033@iimtindia.net.in:Sbsbuwbww@1
booking4@mytravelthru.com:Cub93672
stuf20180011796@privatemoe.ae:PMahl55#
senpay.416@gmail.com:senpay@2021
d133281448:qjDQbkPR5G
josegabriel.arediano@tup.edu.ph:09272573377GabGab944
mroper8@liberty.edu:Allenhoney@1
natanielkomanicky@gymonika.onmicrosoft.com:Hurvikaka7548
RJONES1@yonkerspublicschools.org:richard7
gowthamv@vemanait.edu.in:Gowtham12@
hiranjan.perera@dialog.lk:80088888RoyaL_#
454349204@fayoum2.moe.edu.eg:Std#060709
adachihitachi@outlook.com:WellingtonDC122
rustylouis@yahoo.com:G12Philippines
463622305@sohag2.moe.edu.eg:Std#071204
talegolov1@gmail.com:Agolov13
eduardo.pmelo@ufrpe.br:Streetcar#17
586648@pvpusd.net:02414
betsaida.quinonez@educacion.gob.ec:Abril2020*
yaliwe.jere@mchezo.rw:2008S@sh@09
mbock@rrjhlaw.com:Joey1212
yc785@njms.rutgers.edu:1823Dotnjms!
luka4712@assensskoler.dk:Hej47hej
ahmed_en30894677@f-eng.tanta.edu.eg:Yuz50251
k136472774@taalim.ma:Nubj10894
hce077bce014@hcoe.edu.np:Subasna@@@&
ranyelle_aquias0342@claretschool.edu.ph:Dayne2005^
huseyincagatay@ogr.trakya.edu.tr:Hus60yin
tfy01@tsatstudent.org.uk:Gains.Array
16shaniabridgidmcgee@mohillcommunitycollege.ie:Fpkm4882
paula.pereira@aerm.pt:Anapereira1968
211420631036@panimalarengg.onmicrosoft.com:Tus81731
UNKNOWN:18pmn08139@aiou.edu.pk
gonzales.x94@gmail.com:Phxaz6021994$
luke74351@gmail.com:Fenix@152730
mayara.cunha@parceiro-anhanguera.com.br:Gd4#HYSv
2409@diyafahinternationalschool.com:Gab29031
dafatvoffice@officeku.id:Officeku22
yfigueroacr32@spartanburg4.org:2Tym3&x8
oscar.moralesr@sabes.edu.mx:Temporal815
202205186458@alunos.estacio.br:043933@Ch
kardos.tibor@meorg.hu:Lw38hK09
cbu24bfns@cbu.ca:981015
20-02-14@truongthcshoabinh.edu.vn:Hieu2462009
yaser.barbour@std.medipol.edu.tr:Barbour123
nicofrometn@yahoo.com:52297d199641
182e45237@alumno.ujat.mx:176731786
zona14@fragadis.es:Fragadi$zona14
31201027186@ueh.edu.vn:Pattocatto0104
yaribel.ortega@meduca.edu.pa:Ymi120321*
ALEXANDRA.RIASCOS@esap.edu.co:Jdeg2022
juan.diaz660@educacionbogota.edu.co:Pinchopancho710
brad.clouser@gmail.com:azvar3212!
lic_sah1@petromasila-block5.com:PETRO@2022
18130024@student.hindustanuniv.ac.in:Anbukalai007#
uyendp201009@thcscaovien.edu.vn:1308ThcsCV
jonathanking@marion.flvs.net:Doritos#1
thuecvc44@truongtohieu.onmicrosoft.com:Hieukute87
bb@presentationstudio.com:Fahu1865
20180015490@my.xu.edu.ph:2010@home
travis@sheridanadvisors.com:Viking1$
mattdegramont@gmail.com:100569Ab+
1018514376:andreslove
l139091722@taalim.ma:Otje8203
463258760@fayoum2.moe.edu.eg:Ahmad&1234
ahmed@madeinqatar.qa:@Welc0me_2023$
sanjojo@alumni.uv.es:Saxo1993
seifeldin93@hotmail.com:cPTyBR_5~Wvh56z
b.zarmoska@maisadour.com:Montala21....
mymusaabjr@gmail.com:072606kg
UNKNOWN:20008@jpc.school.nz
jrrp8780@estudiantes.edu.ec:Rpjr2020_
kmcfa1@ocdsb.ca:6893592410
rayyan4064.ups@unitypublicschool.com:abrar123,.
63023@chts.min-saude.pt:9080809
halil.oztekin@metyx.com:Pomp1.176
vansh19494@dewanpublicschoolmeerut.onmicrosoft.com:Mok19494
479805328@behera1.moe.edu.eg:Std#040710
jennifer.jolliffe@gegpower.is:12Yomexu
kristelranname@laposte.net:2w0ou$
msus@crestron.io:Ab143019
javier.duranr@alumno.msev.gob.mx:dURDUR123123
filicapatranoiu@gmail.com:Arriva006!
2022113719@fmu.edu.br:Ikselam2412
a.v.meleshko@students.psu.by:16.01.2001
mohamedelgamry830-27747@stuabroad.moe.edu.eg:mhhh271985@
joshua.mercer@5ca.com:Outofmymind1!!
abdelilah.gharib@taalim.ma:MAJAliss2016
leonor.maio@student.ie.edu:Ctrknctrkn3
suryadas:Das12345*
s148087338@taalim.ma:saber1997.com
c145003931@taalim.ma:Egvs7283
kook2025@thai27.onmicrosoft.com:Thk041124
nguyenhailinh140101@:Medical091.
469977779@alex2.moe.edu.eg:Core#_2008
danielsimmerman-592973@hotmail.com:Mix2745162
ge20101254@wipro.com:Myfriends@123
vq1-nguyenvunamanh@cecvn.edu.vn:CEC1234@
juan.lopez-ja@uniminuto.edu.co:Mamiteamo5.
22271@manurewa.school.nz:Sc7polia
ali_a_alshabbaq7357@moe.bh:Nkoa2905
tyowffdiVAny@ntlworld.com:tern@d
lfernandablanco@unibarranquilla.edu.co:Luisafer1907
financeiro@monarca.net.br:Sucesso@2018!
steve940910@gmail.com:s23387439
loiphathien@gmail.com:Fujinet2018
sarahabdullah212:Sa19_2371994
22146@apspune.com:ic62634y#
nathaniel509@csda.ca:steb88
syedguljar@midnapore1.onmicrosoft.com:Syedsahebislam@2001
admin@umusapro.co.za:Gof74502
b32789@office365.blue:qlRl33@@
202006259@o6u.edu.eg:Mm12341234
mlovera@correoargentino.com.ar:22518202
naji-dz@hotmail.com:sne12@274
mssanchezsan:1005340809Maicol
dr:Peebles@123
1301618c@student.tp.edu.sg:tB448530
jelopezg_cb@est.emi.edu.bo:jhonn12345valeri!
s2951607.gov.sa:RehamGood123
ggarciae:AnaCaza75
15135@stemegypt.edu.eg:Antikka01000070635
rmuftiu286@obps.org:student21
codse222f-022@student.nibm.lk:Phoenix#1234
78906@assiut2.moe.edu.eg:Emp#730416
ahmed195135@feng.bu.edu.eg:Was02928
maria.paiva@dpsp.com.br:drogaria
ryassine@cherrycreekschools.org:11201848
450676318@qena1.moe.edu.eg:zz@@12@@98**44
vitoon.pho@mail.rru.ac.th:0856508003
kulkarnipankaj96@dsclatur.org:ppaavvaann@123
wayusuf@cougarnet.uh.edu:Wadiwala99@
gomez.erick@upana.edu.gt:RODOLFO888.gt
dapid.r@hsb.co.id:01Jan1995!
janide.pierre@florl.concorde.edu:!@Summer33!@
benitojuareztm2009@hotmail.com:Epr0163b
sudeep.varma@vibgyorschools.in:vib@321$
fernanda.kiem@bicharalaw.com.br:Novo2018
2108751:Ar@348351
1920044@famaqui.edu.br:Famaqui2021
4823016850@danang.itrithuc.vn:S1mp!ord
kshitijbhaskar@kgpian.iitkgp.ac.in:Pratyusha@123
s.thapa57@wlv.ac.uk:<BhagCovid19>
oslozano1@poligran.edu.co:29140221Fe*
jr2015-0577@uce.edu.do:2324142
bhenry05@my.blueridgectc.edu:005010
lg17056@ues.edu.sv:30244
msoha@mail.valenciacollege.edu:Passcat93
mmoh1912@mpsedu.org:cabdikariin
1414065@st.brevardschools.org:Trey102308jh
muhammadbilal@aonecrete.onmicrosoft.com:4.5v3sx5d9S-XBN
puqwex@gmail.com:Yakup1504?
tint8989@estudiantes.edu.ec:Tommate888988
L20270988@tuxtla.tecnm.mx:XLOgan12345@123
sofia.galarza@educacion.gob.ec:Docente2022*
12111217@nablus.edu.ps:Ibn**12172**
mustafa.shuaib@axcellservice.com:Axcell@1234
nikke.kettunen@opp.eduvantaa.fi:nikkeonni2019
190066@colmiljosemariacordoba.edu.co:emma123$$$
lmartin@capstoneemail.com:Landonm1234!
m.aladwani@khawalid.sa:W140@s500
s4155399@estb.moe.gov.sa:Lonely12345
r139815234@taalim.ma:Anas2004anas
lrylan9468@episd.org:20050901
dpillman833@prrd8.ca:238a1649
mahinour.ezzeldin@must.edu.eg:m35m21MMW75@
dashanr@sltc.ac.lk:Zov03954
caio.araujo@colegioatlanticomacae.com.br:Mega643364
stu1660091@dpf.edu.lk:pASIDU8*
panimalar.k@hcl.com:Goku@12@
oglapiak1@zskakolewo.onmicrosoft.com:Lubieplacki2
dchuquimarca@udet.edu.ec:Md06021982
adminathsalaqabiya@ncth.ae:9803608330@tanka
support@qarva.com:x27sT495
arinchaya.th@kmitl.ac.th:nK2muvcqai
nguyenquangminh_t65@hus.edu.vn:Minhhus02
21135260@st.hcmuaf.edu.vn:1105934021Dung
kristjan.jerman@merkur.si:Skoda123456
paballonkopane97@gmail.com:8663Errol@
473636575@giza2.moe.edu.eg:Asd123@#$%
mahmoudelmarsafy.2020@azhar.edu.eg:P@ssw0rd
969650495:Mujervirtuosa.26
abdalrahaman.mohamed152300092@el-eng.menofia.edu.eg:abdo@1257411#
olderico.genaro@etec.sp.gov.br:#cedric10
med0013@uah.edu:Lun3scaballos!
buang.yulianto@umk.ac.id:4#awW$kYN6YOHE
anupamdutta0011@t.5tb.in:GAMINGWORLD2255
dr.akumar@pciglobal.org:Global2017@PCI
junankar:swastik1012
mitzaglipay@gmail.com:Chemistry0921!
hoaiana8-8088@ththinhhao.edu.vn:888888-a
shyam-sundar.rajesh-ext@alstomgroup.com:锌褩袇6D
portizs5@correo.uss.cl:#Disociao2
isaac.lubwama@ug.knightfrank.com:@33Zerah33
21095181.dat@student.iuh.edu.vn:Bestzedvn123
3004018@gharbeia1.moe.edu.eg:Raemb_3281
re29912t@wipro.com:Dell@000
21119348@thedps.org:Dt030901
8808888888@student.hcmue.edu.vn:VHMy89088008
cvu2103.206@napa.vn:Hoang2005
j.gutierrez3@unapec.edu.do:gtz223556787@J
4drim@lancersnetwork.onmicrosoft.com:Rim@#1234
llilian.payne@umip.ac.pa:Lilianelis10
banks@abuqir.com:Bank1921
6819391007@lamdong.itrithuc.vn:01688255825aZ,
s9084828.gov.sa:Aana3mrk@
119129@edupcc.nl:#3XHFa&9
amanda.diaz@coah.conalep.edu.mx:Ar@celi2
kschiller@weabenefits.com:SpreadLove20@)
r4ybbna@hotmail.nl:TAcy313
2110375@dcoht.edu.vn:Bindeptrai123
avillalobos@tikafoods.com:Wuv79879
beatriz-elaine.lee@beaumont.org:Beebear123!
s_45767@bkbirlacollegekalyan.com:ADITYA@20_
wilson.chaves2371@correo.policia.gov.co:titanic880318
450765246@sohag1.moe.edu.eg:Dh654321**
yettuveettil501@crownhills.leicester.sch.uk:Hubburasool786
s8515779@estb.moe.gov.sa:Ob159915
450450507@sharkia2.moe.edu.eg:Std#050314
edivaldosantos.oliveira@solistica.com:LUjoao15@
202404340@unapec.edu.do:5qgws.9MQU.PMUt
siimmihkelp@gmail.com:Auto224706
lqdtm2101967@igcschool.edu.vn:@khanhvy050306
tti43142@gmail.com:ISma29
a24059@alunos.aepbs.net:Rodrigo12
andres.guerrero@unad.edu.co:Bangiratsu1.
888888088.edu.eg:Std#088008
UNKNOWN;Celeste_Argueta;https://login.microsoftonline.com/common/login
cristian.mosquera.0342@miremington.edu.co:Popb1552
463145248@gharbeia3.moe.edu.eg:Std#308090
tbablani@hallen.com:6316176119Sahil#
camila.silva1@ufu.br:Camis1911.
jawuan.johnson@cmsdk12.org:Jbb764200
630476@live.hcu.ac.th:Fap10560
elias.vegatrabado@alumnos.fundacionvictoria.edu.es:eliasbega
arlisyakhira@guruinovatif.com:Tembaga270882
468954094@fayoum2.moe.edu.eg:Std#090212
dawilches@ucundinamarca.edu.co:Megalucari7Q
johnatanbarraza@colnuestrasenoradelpilar.edu.co:wolfjbr08$
pattye@escoladotrabalhador40.com.br:Gomes4578*
tunno.005844@laba.edu:DcRvJVKG4j+U(&!
luanhptps27615@fpt.edu.vn:luanluan12@
roberto.58@teleperformance.com.br:7798252@feh
nitaybl2011@gmail.com:rrFZmJTn7MgW6aX
A8204@oline365.sbs:godiamond60!
ehab.mohamed@stemsharkya.moe.edu.eg:AlphAvector2017
anavictoria.cortes@ceuni.edu.mx:Anavictoria29
nurullah.ari@ogr.yeniyuzyil.edu.tr:G(b93C2p*Hn+G@)
455353350@giza2.moe.edu.eg:Std#041205
gj.cantillo@uniandes.edu.co:GABYgabyGABY0
imraa164.310@parkhighstanmore.org.uk:Still&66
ausdachai.sang@kmutt.ac.th:Astdadchai12@
sitcoffice@nanoservice0915.onmicrosoft.com:Motherloveyousomuch08
admin@rijony.onmicrosoft.com:Miraphael444&
juanf.villegas@educacion.gob.ec:EduJV21*
20233067@hti.edu.eg:djEwahWtUFnIGq6CvkKqmxRsKe+A2kC5I5euL7u3g6+XwYlO/xeNi74z
seoyoungchoi@chungwoon.sen.es.kr:Cgwon0227!
409185363@cairo4.moe.edu.eg:Std#050114
mukutadze.guram@students.gov.ge:Guram22.
00003455524@aakashicampus.com:Ee@070806
34ha2008229@myboston.co.za:B9803136271085!
umairashraf@ffceducation.onmicrosoft.com:poiuy@1234
jmd4838@students.uc-bcf.edu.ph:Deguzman0811
212771596@idf.il:Nati270202
558225255@benisuef2.moe.edu.eg:Std#272723
LR-18-21193@ufhec.edu.do:tuto0104
mark.marcelo@unlitechsolutions.com:Alter@14344
phlemai16@schueler.billroth73.at:Phle3038
apacheco@isise.edu.pe:74929883
murilo.cardoso@objetivocaragua.com.br:Jungya1234
diego.silva@sercom.com.br:Serc@2019
sand.mann@verizon.net:_-$@_O57R
vinayaksaxena159@outlook.com:020315072000$Olo
583228:Asasenpai1
malak.abahri@gsalexandre.ma:Qal41525
zanlinphyo@tusittwe.edu.mm:Gon28636
maksim@emokykla.lt:Kasablanka1!
dalegerard@highland-k12.org:toby12345
makine.dentale@lidem.education:TSV@66270
637981:DanneFrida8283
2201040035@ms.hanu.edu.vn:Hanu15022003
kalibredrhrt@email.com:L_$-s198
dana.hall61@student.aiuonline.edu:SugarGliders2!
mercedes.barbuti@ingogroup.it:All.you.need.is.love.2010!
daniel@youtheater.co.il:Def@5678
teccssrpadmed@cendoj.ramajudicial.gov.co:gadp$4237
660112358024@live.bru.ac.th:fA#1mdak
schaid_hotmail.com#ext#@schaidhotmail.onmicrosoft.com:80201414aA@
comercial2bta@ccl.com.co:Colombia5
ajay.kiran2024@vitstudent.ac.in:ajayk1ran@vit
bunyamin.simsek@student.tdsb.on.ca:95090129
r.j.tabilin@fergusonint.school.nz:Vof61942
anil@garmentsl.com:Ans07111960
T209763@azharonline.edu.eg:Zog49031
zmpmra88l14c352o@studenti.unical.it:114748
stuf2011008695@ese.gov.ae:UAE#7000
coordinacioncartagena@ipscsc.com.co:Oriale1302
yosua.201804520008@student.atmajaya.ac.id:Maninblack312
scoh@gownet.com:votmdnjem@1
aynur.nuri.ri-104@samaxi.adpu.edu.az:musa0120@
452884184@cairo2.moe.edu.eg:Std#050710
l.aiello@kurse.ilt.ch:@Darklions888/
nimra.0122675@talmeez.pk:asd@29698
alexis.albinet@brainsonic.com:SxU@a75ft
lurdespachecoj@neuf.fr:But878to
jriveros@cremil.gov.co:Santi201
200433thuonga12k58@c3danphuong.edu.vn:Vut85670
daivik3c@zhuda.onmicrosoft.com:Priyanka1
snd0216129@ju.edu.jo:aqx@26
houcine.chelbi@tarbia.tn:Dref2021?
cbrooks5@wildcat.fvsu.edu:jAYDEN06
msabry@amer-group.com:Amer@6090
czteapa@inea.gob.mx:Juanpablo123
Mohamed.baali2@gmail.com:canada&2018%
anar.cumshudov.e@student.aztu.edu.az:QWdfghjkl13?
cedric.malala@globetom.com:!123four@MARIA92<>
asita.sharma@ais.amity.edu:aashi112
bolivar.orbe@educacion.gob.ec:16Jun2023*BO
daniel.s291917@cesurformacion.com:Daniel2003!
582322337@domyat2.moe.edu.eg:Allah2_Ahd
s.deastis@studenti.unipi.it:28Aprile1995
graou:UIrtsqhz6333
rony.rached@rosaire.edu.lb:Rony-2020
prabalr12@gmail.com:12cpr23cpR34@
sibuyile@tbhivcare.org:Sib2022#@!
472899509@gharbeia2.moe.edu.eg:Std#060703
Shadow2405:Shadow
mseyam@rapiscansystems.com:151292@DOdo
fcp975@firstcash.com:wY8zm762
u201914470@upc.edu.pe:15Fers@cha15
naumannl1@kbrs-vs.de:7Spartakus
451095261@qena1.moe.edu.eg:Std#070601
hardeep_kaur@armypublicschool11.onmicrosoft.com:sarabjit@78
james.sloan@snhu.edu:g=yux!y)bu3($cs
emadrigal@uia.ac.cr:Vor94292
admin@aukramaritime.onmicrosoft.com:wesker
451068043@sharkia2.moe.edu.eg:Std###1234
nattapon.tom@mail.kmutt.ac.th:nattapon@2539
ly_sengkuong@gee.itc.edu.kh:Mal55025
esteban.lopez@teck.com:esteban.Lopez722
muhammadfahmi.azme@teleflex.com:@90Teleflex90
465154891@cairo1.moe.edu.eg:Std#060824
joka22011@edu.kronobergskola.se:Smulan123
26006936@pttgcgroup.com:6936J@ruwat
kotchaporn.madison@mariehamn.ax:november88
453749605@alex4.moe.edu.eg:Std#051128
cristianchagasbarreto3@gmail.com:Si0318760181@@mvmv
1151731445@sknsits.onmicrosoft.com:simba@15
dajanakovacevic@dajana646.onmicrosoft.com:BL2wX(vDHC5Yx~
massimiliano.mola_bzs:Santa212
candil.wilmer@uniagraria.edu.co:Cw1003578131
christophe.alluard@yahoo.fr:Milo9876
tankieng.icc@outlook.com:Bond14032016X
468137416@dakahliya2.moe.edu.eg:Std#090802
uy00014652@prosegur.com:Agosto-2022
admin@m365edu284672.onmicrosoft.com:95ubmgBkBS
450903380@kafrelsheikh2.moe.edu.eg:Std#050923
a.villanueva@techgroup.ae:Tech@2020
anagha@paradigm.in:Qod08326
clancyk18@st-wilfrids.co.uk:SANS12345#
tonio.herrera@soy.sena.edu.co:Pipe6673512@
trofa.giuseppina@mail.regione.molise.it:Michelangelo08
cLgMenTroe4316@aol.fr:hemQpx66t
ecastillo@asep.gob.pa:telco2019.
d12220024@peterpetraacid.onmicrosoft.com:@Nikita0024
jorge.gonzalez@tivit.com:Sistemas85**
8889888@senati.pe:lo$er0888lover
pm_a@ikiwi-tea.com:8ik,9ol.0p;/kht
ldperlaza@ccss.sa.cr:Daldi23.*/2527.
almanfakhar1212@gmail.com:almanfak1213
noelle_espiritu@dlsu.edu.ph:123Daehyun!
ramzan12345678910111213141516171819202122232425262@10qdc6.onmicrosoft.com:Allah786
thanhkt@deltafood.vn:Dtf*66888
novaklukas.b14@rg.prostejov.cz:Lukis2008
sat_sales@suminoaapico.com:Sales@202010
shakhtar.mts20ceme@student.nust.edu.pk:K$Pa8tq+
dhanusharif123@outlook.com:Jbma@9632
466177739@gharbeia4.moe.edu.eg:Std#777777
bahcesehir.umraniye@bahcesehir.k12.tr:123Umraniye456
jo.:0895594740sa
mohamed.hamd2@xceedcc.com:MTHzht22252582775
sruane@nmc.edu:Cherry#1
457371840@sharkia3.moe.edu.eg:Std#070310
eicsciv@gmail.com:eics@2018
nopparutr64@nu.ac.th:nu340932
moctar.badji@ucad.edu.sn:201004F2Q/u
baratashvili.nikolo4@students.gov.ge:nikoloz123
0666131@cscotesud.qc.ca:legj8570
c01230@utp.edu.pe:MyR1911%
Duck21112005@gmail.com:Duck9999
julan_hamed@hotmail.com:NajahSalman5
papidze.zura1@students.gov.ge:Pepela123
1311778@senati.pe:Virtual20
rfarfan9888@pucesm.edu.ec:Richiefarfan8.
kylrzhou@mail.ulsan.ac.kr:Major&Minor7
luizb.2018.edu.br:Pxemcq42++
45260@psdschools.org:6323Ck45260
kacper.dylewski@sp9.miastolomza.pl:MilukaNTe2
ali_r_abdulla5941@moe.bh:Ar66365722
wafee.iyusr@ac.isb.edu.bn:Wafee123
kausshal28:fccu@1234
damarisechep2022@gmail.com:123456
xensakell@iep.edu.gr:#Xensak2872
461949137@sohag2.moe.edu.eg:Std#080520
rasantino@paschoalotto.com.br:Nemsei9761
dalhatugorar@accessbankplc.com:aclo8710
w.khattab@v3international.com:Wagdy0147014703*
mtalib.me14scme@student.nust.edu.pk:Scme@1234
wo104630@cabrillopointacademy.org:Hh123456!!!w
20166256@student.hust.edu.vn:Dcm.2808
aroger@aforp.eu:NBA12morante
intaketeam@thomaskeel.com:IT,tkl2023!
tp2568@sthelens.org.uk:Baba123
bptn7101046@hcma.edu.vn:Leanhtuan@123
watbangkhanun06@watbangkhanunschool.onmicrosoft.com:Asd222222
keyner.valle122.edu.ni:Kv20221997!
office584@365per.onmicrosoft.com:Verfarkas8+
chameesharavindu@gmail.com:9GM2HHNBP@@D9rD
64122@ucebolonline.edu.bo:Calabuig31
gaggrey@maxam.net:0542037470aA
1khadhoormoh@hdsb.ca:drmj
tinanorris@tin.it:N$--_ic
vtamayoa@fmsnor.org:Mecebima1
19901208@majancollege.edu.om:ta1278914
azwinfihanie@alumni.undip.ac.id:7276KAli?
6343031924@student.chula.ac.th:6j4A27t4
2000097829@fcstu.org:12012009
of174@original78.onmicrosoft.com:Iphone3gs
kamartinez@roccacr.com:Rocca.2023ka$$
project@projectlaudo.onmicrosoft.com:gustavo@2023
ug17cs86@amaljyothi.in:Kaizel18
tungih@smrt.com.sg:*irtysh028576
br05153334@prosegur.com:Flx1982!
akt.sharepoint@akhuwat.org.pk:Pakistan@123
adnan.elariss@edu.korsholm.fi:12!Addebadde
survey_fm20062010-75896@stuabroad.moe.edu.eg:Egypt#00612
grzybova1@pribinka.edupage.org:Joc98551
nomsa.mfuza@ekurhuleni.gov.za:Lwethu#2024
19421084ksa@aou.edu.sa:Ahbek22s
guilhermemaduro3383@iphispano.pt:7Guiepedro
frveheal9932913@estudiantes2.edu.ec:Luisa.21
003527@arscentro.min-saude.pt:Mario1962*
gabriel.cardoso30@fatec.sp.gov.br:Gtc27061
santiago_.barcot@ielamercedmosquera.edu.co:Raj08412
coradeschifederico@23gdjk.onmicrosoft.com:Edox210673Edox210673
scottd11@dyc.edu:Panas2013
lsanchezn1@est.ups.edu.ec:Javier26311215
senasacajas@trp.com.ar:Trp2024puerto
19b1num0845@stud.num.edu.mn:88669576Ts88
infantesergio904:G4rv5s2008
info@doreanseminaria.gr:Lu19$66p
455133048@qena1.moe.edu.eg:Std#040118
himawan.pristianto@student.uty.ac.id:himawanPW47
mloachamin8055.ec:alejandra_MDG24
jordan.winston@firstgroup.com:firstTRANSITSUMMER2022$
syazwan.norman@microlink.com.my:P@xxw0rd
ivan.ibuno@gstt.nhs.uk:2410Itoski2410#14
Hi:Siri1234
solidyb@solidyb.onmicrosoft.com:Vat515218279*
alejandro.gonzalezadffr@uanl.edu.mx:Sangelios1@
sc-2021-00558@uniremhos.edu.do:T2BCCrPJ
duc.truong@emcvn.vn:Td20071960$$
081670033@ogr.uludag.edu.tr:Omerfaruk1521
kandoi:mamta@6265
sioly.monsalve@gmail.com:hermanos1015
battjojo67@gmail.com:Bakegu&5
thuriya.linthein@dulwich-yangon.com.mm:tlDCY2018
mussage.saide@uzambeze.ac.mz:Outubro@2001
15psa07422@aiou.edu.pk:Navy1298
coskun.pirim@hilton.com:QA8ZR3pg
severyn_di@ffeks.dnu.edu.ua:Tanos4825
d130274528@taalim.ma:Znljq7439
fatwa@apps365.work:uwauwa99$$
subantamajumdar.frckolfac@aakashicampus.com:Amrefrc10812#
487263426@qaliobia3.moe.edu.eg:Std@#12345
milena.ferreira@simeragro.com.br:Mf.05505340164
olivasc84@gmail.com:independent*13
458170142@fayoum1.moe.edu.eg:Moh#$12345
m23012@g.metro-cit.ac.jp:Code45273652.hrk
830011982@csusaflstudent.org:gr12082010!
oleg.slusarenko@tetratech.com:Welcome2021
457967164.edu.eg:Std#070819
trainee240@wingmangroup.com.au:Madapaka05##
aspukas2019@neale-wade.org:p@leMetal95
ttman.anhduong.kr@gdkontum.edu.vn:Kontum@123
sendyindra2205@gmail.com:Asdwqe123
ali.farman@dsstudents.com:Rayyanmanan@100
mohamed.bouhouch@arcol.ma:MB@2021*+
PraiasConstrutora@PraiasConstrutora977.onmicrosoft.com:pgc2650@
UNKNOWN:NDLmpATj5.tUGWc
jr651@ms365pro.site:Julioalves01
anuj.16679@dnyanasadhanacollege.org:Ramesh@123
yosipovich@alumni.technion.ac.il:38ybT-Gz6S
r134435266@taalim.ma:Hkvl8680
Valdystalone@gmail.com:Gesta96/
z.hasnain-2022@hull.ac.uk:MAenglish@1998
gabriel.nino@sgs.edu.co:Soyprospera2021*
eleves904798@tarbia.tn:YngN8860
florin@microintel.com.au:27BraSof$razvan
oltin.dogaru@upb.ro:Oltin12#
fatboy@stu.mao.office.gy:Officepalote76
chiriacniki1@gmail.com:Platinum123*
dfloresg015@alumno.uaemex.mx:dadameng
joel.barraza@colsanjoseanunciacion.edu.co:Jb1042418779#
112134150307@r5-1.deped.gov.ph:Timjul82427
kyle@clientreachpro.com:Harry507
joejimenez@iskolarngbayan.pup.edu.ph:Sophieangela-071219
lk554512@schools.mk:Lmk06077
bakayoko.aboubakar@univ-na.ci;Maman001;https://login.microsoftonline.com/common/oauth2/authorize
vaibhavkumar200@outlook.com:Nick@1705
joaoprzyczynski14cre@educacao.rs.gov.br:Escolajoaop11
geraldine.enciso@est.zamorano.edu:Ayacucho*123
lhjfscem2080148@pgc.edu.pk:muhP2080148
medilinkp@jkintranet.com:CASHLESS@12345
mju6514101389@mju.ac.th:MJU@28042005
049161085@ecampus.ut.ac.id:mifta000475
d137619707@taalim.ma:Zwsi9290
jakub.ciborski@chmura.zsgs.olsztyn.pl:Kuba220704
emad.elsaid2145@ci.menofia.edu.eg:Tabana123
01/01/2020:MyM
888880898@giza8.moe.edu.eg:Std#088008
fil:Fdilip232123212321@@
jugdah@gmail.com:jugdah.pilotesondestin
+6281385651721:undip2022
rogerio.jesus88@etec.sp.gov.br:*Eu88888888
antonis@blueatlasrobotics.com:g8UJ3F6UXLW65Mr
heinrich.ervald@pyp.ee:Meieit676
erwin.juarez@vitalialimentos.com:Porcicola2022
098518682:Gamesa.2020.1985
zulhairi.assahari@lentorhealth.com:S9401639h
07pkb1927@aiou.edu.pk:n6615932@M
dias.e@pucpr.edu.br:ed@@2010
stc21am005@stthomascollege.ac.in:Allenabraham@2003
matheus.teixeira@3corp.com.br:3Corp@123
kacperkarykowski@zpowach.onmicrosoft.com:Kotlet07
enkhtur@itc.gov.mn:Bishka@8989
p135377589@taalim.ma:ouail@2002
jesus.obando.chacon@est.una.ac.cr:02Alito02
phil9990@mail.hansenberg.dk:hb040585
jaelmwende@mylife.mku.ac.ke:jaelmwendengei
bryanjlagos96:Masterkyriu12
pascal.amiaud:Sabo4760
ahmed.elibrahim_elhajem@gavle.se:ahmadalabrhem1221
ahmedyil@a1.free365.org:kamileecher12345
adilson.campos12@etec.sp.gov.br:powerguido12
zbray3784@colliervilledragons.org:Awesome!1
212d22070.mx:1975379007
602782@kernhigh.org:Hollywood323
chaiwat_th@cmu.ac.th:Fang@165.com
brayan1995esc@hotmail.com:Ositoloco102
ajmal.0947785@talmeez.pk:asd@12065
vikramsingh@heromotors.com:India@032019
ypaarima@ug.edu.gh:@Frank1981
mateuszgasinski@oswiata.rawamazowiecka.pl:Gasiniak11
sumit10047@wpsaligarh.onmicrosoft.com:Foz57017
davigaitanis@outlook.com:25801Y0036830b!
mikayla.sorno@tup.edu.ph:Grazielle_19
18ln0922_ms@psu.edu.ph:Ange0922
jeanduia@hotmail.com:HeAnJe@0330
rute.mendes@emeraldhouse.pt:Xum58942
jlinares@cies.org.bo:assilem123*
466448604@qaliobia1.moe.edu.eg:Std#081215
1045721.edu.eg:Emp#690620
18338@myoffice.site:901511J@s
natgarcia@chinabank.ph:Coffee@28
digital.system@orcintelligence.onmicrosoft.com:Kg014glte01abe4791alexA0579,.2106
luiza.spahiu@kphvie.ac.at:LUI2002lui
guerzyfyomar@f.odpan.cn:omar1+1omar
g0018@zuis.edu.jo:zuis3510
3106194366@haiphong.itrithuc.vn:Gdhp@683784
1111540317@fadp.edu.co:1111540317
a440218231@my.uvm.edu.mx:josue#29
datduc.tran@kofaxtest.onmicrosoft.com:K00fax!@#
2648187:156883
roaa46533rchic@tele2.nl:8536o@Coo71
kovac1@zsbosany.edu.sk:Tuc61635
quan202534591@st.utc.edu.vn:Qu@n05102ka2
306707@apps.everettsd.org:01-06
411156356@minia2.moe.edu.eg:Std#030608
jorge.dzul.acad272@cam.conalep.edu.mx:Ezequiel27
f_fundadores@fedco.com.co:f3dc0t13nD456
g.mere.huacollo@isur.edu.pe:Elinor10gu
sbs0030236@est.univalle.edu:sansebnic11
sourav.mallik@bsigroup.com:Ltsomlik@1972
justin.adames1.pa:Jeremy026
21348194@psm.edu.ve:monica2323
benjamin.estrada@industrialisrael.edu.gt:Dar48883B
mayra.lizcanof@campusucc.edu.co:Belkis24.02
450508870@qaliobia2.moe.edu.eg:Std#050207
f.cidgonzlez@uandresbello.edu:Karliwiis1234
cesar.rivera_almaraz@comunidad.unam.mx:Mortalkombat99@
gonzalesam@students.nu-baliwag.edu.ph:Ewe8K9xG8kcD
admin@gdczambia.co.zm:QAZxxccvvbbnnMLP456..
edwinclarke_furnitureltd@hotmail.com:Information123a.
jonathan@brokerva.com:Ichiban11!
452932849@giza1.moe.edu.eg:Std#105992
kgarcia1521@conalepmex.edu.mx:A211070034-7KAGG
danieltoor@unisabana.edu.co:8888889888Forever#
damian.bak@uczen.psp21.pl:DamBak37
frankie@dvecs.com:C628q-ge400106
s.troszczynski@uczen.eduwarszawa.pl:Szymek07
shikhar.gupta8@s.amity.edu:NULL
448183098@fayoum2.moe.edu.eg:Std#090214
salkar@mittelschule-perg.at:salihkerim38
lauala@eltiempo.com:Cat06san9874**
edith.faustino@oxxo.com:Tabasco!2041
joshua@naganno.onmicrosoft.com:hqdYP2HGEkeMQ@2
trevor.calhoun@stu.jefferson.kyschools.us:StartApt73
109537190605@ncr2.deped.gov.ph:719060522@Na.nes
kcsiia12@kebcsdwd.onmicrosoft.com:@a4567@std
palotas.zsolt.abel@diakok.szigja.hu:Boby0422
rrodriguez91@estudiantes.areandina.edu.co:Andina2020*
rojas.olga@javeriana.edu.co:NICOLASANDRES123
631196@fayoum2.moe.edu.eg:Emp#781008
UNKNOWN:Lovedove07.
tuvapon.sronsadang@students.stamford.edu:ZeroC200
2017218207@isise.edu.pe:X046602647CT.i
elisabetta.serra@corteconti.it:MartaCarla0*
jdgarridov@unadvirtual.edu.co:Jessica23.1998
carolinevantilburg@mozaiek0118.nl:Welkombij0118!
zsbarath2017b@egyesiskola.hu:lal48840
flowartxseren@gmail.com:Password
457344858@sohag2.moe.edu.eg:Std#070714
quyen.n176371@vanlanguni.vn:Q151199XXx
regnecathy9402@talktalk.net:jayhow_
jason@dtf-arch.com:Tansi.92
aliadam192@gmail.com:King@0162118535
nmnaorbe@mymail.mapua.edu.ph:Queenyewon123!
ab.camad@alum.up.edu.pe:201710451antu
2834-2016@lms.indus.edu.pk:asd@594
jrcorpuz@eei.com.ph:Skillet088
allali.salah-eddine@ofppt-edu.ma:salah@2003
it2@shamsmed.com:Sobeh*14128600
maricela.salcedo@estudiantes3.edu.ec:MJ12345sol
nike.quadry@lagosstate.gov.ng:quadry
cristian.blandont@comunidad.iush.edu.co:Cristian@2019
jgasanov@finex.ge:Shingo1991
luanraposo@hotmail.com:18109024man
antonio.rdz.g@nube.unadmexico.mx:Flux3r54
457303803.edu.eg:Std#070901
chandramouli.gollappagari@bajajfinserv.in:Myworld@2010
20180171@hti.edu.eg:Ahmedlittley27
19001175.duy@student.iuh.edu.vn:221100Duy@
berto.couto@mv.com.br:mvmv@@1987
stu0310859@dpf.edu.lk:ABD0312002
emirhan.yasar@ogr.deu.edu.tr:Emir1907
ctregion5.generico@outlook.com:Morales842
rmguerrero93@soy.sena.edu.co:R0n4ldm01s3s
jpenab@ath.com.co:Seditronik2021*
aleksandar.vasic@icodefactory.com:Hu@weig700
matt.peterson@usadvisors.com:2011Zr1!
lbarrios418@tecnocomfenalco.edu.co:1049926822Barrios
victor971:kron73
xuan.le_hn@eastern.vn:Xuan190691@
fauzi.nofal@lcapr.org:Fabian12345
fraserc@csjonquiere.qc.ca:Kwy0fi4!
l16121666@morelia.tecnm.mx:0110354a
21380451@loscabos.tecnm.mx:@JESUS26david12
sandeshk@axiomconsult.com:2BA14me089
20ba054@srcc.edu:Fuck3525
kenzo.lecharpentier@hei.yncrea.fr:er6uw9jw
409119476@qena1.moe.edu.eg:Std#030113
ivyabendan13@gmail.com:skwelaparasfuture
798342361:r2eCE11z
karla.ribeiro@e-boticario.com.br:223556
galaxy.consultan@woden.com.co:C0nsult4n2022*
88988888@mylife.unisa.ac.za:fbq88cdc
s8522378@rb.moe.gov.sa:Cond1234$$
sittua09734@lpsb.org.uk:August17
464590692@fayoum2.moe.edu.eg:Ms010674#$
6137730@aluno.uniasselvi.com.br:H@07785358435
450538336@cairo1.moe.edu.eg:Std#050705
483033882@qaliobia1.moe.edu.eg:Stda1234*#
455569919@dakahliya1.moe.edu.eg:Std#123451
marivarav@icpna-rg.edu.pe:Gus06936
gopi16omh0014@dsreduin.onmicrosoft.com:GOSR1N@Hd
ColeAnne.15:P@ssw0rd2024
473762521@dakahliya4.moe.edu.eg:9Y%vA76Bx^
canezal.269835@cubao.sti.edu.ph:Nor82006
030922354@ecampus.ut.ac.id:Ut27111993
achemad.akib@akr.co.id:Akrberau2021!
emircan.ozcan@stu.bahcesehir.k12.tr:Bk46783!
accconsultant23@gmail.com:Kael@122310
a426006@umm.edu.mx:426006KV.123E
e22cseu1406@bennett.edu.in:Archana@2014
00001078419693sp@aluno.educacao.sp.gov.br:ditchan0202
mmoncadaa@post.emi.edu.bo:Dpdcv.15*2021
ct750@i365ms.com:Antonella0618
upatel7471@conestogac.on.ca:upatel7471@conestogac.on.ca
subhalaxmidwibedi@gmail.com:AcWurgoshuv1
ahmed.30934569@f-eng.tanta.edu.eg:Cul30577
u17201140@utp.edu.pe:Airistm400+
sipp5738@estudiantes.edu.ec:Samu2099.
sandya@gsteas.lk:sand@gs321
6010015565@stou.ac.th:1620200038527
fabio.monti@delvi.tech:G@bry3L2013$
zetrak:insu2016
laura.duarte@skytel.com.py:@4404029
jmtaveras@bsc.com.do:Universo19
ferrer.305303@novaliches.sti.edu.ph:limang5Blu3
jmontes1462@utm.edu.ec:N92XCZ1m
1317809@sga.pucminas.br:luna8844
mattholmes60@outlook.com:BhjK6A.yczSh..t
2017min48@student.uet.edu.pk:Irfani05.
jawad@aglpak.com:j@w@dedge@*#123
trymso@viken.no:Drugdealer123
3201913458@alexu.edu.eg:Aa@30006170200929
24018100@sch.moe.edu.eg:Shalapy2020
41023129l@ntnu.edu.tw:@Csy120512051205
jforsythe7784@davidsondavie.edu:LilJraps4420071738!
lucasdss@fastshop.com.br:Fast@42733088866
kantorikto@zs4.plzen-edu.cz:obeTova1*
stu_02470@sjsapp.edu.do:VHfnk369
ezeddine.ftoutou@enim.u-monastir.tn:moufidaHAY3E
support:SUPPORT$19$ESK
00002752033@aakashicampus.com:Ga@180306
adrian.helfer.pe:MagicLoves88
yrodrigo2920@pue.conalep.edu.mx:Conalep153
jsocia@drcog.onmicrosoft.com:NinerBSB11
jordyconga@ilp.edu.pe:Pontificia2024
stephanieh@ccm.edu.jm:1Barrington
ma4110400@gmail.com:ss87892920
cristian.tofan@gundlach-automotive.com:Bogdan4114
481135417@gharbeia1.moe.edu.eg:Std#040618
studenthelpdesk.mo.us:Meramec2022
01203423409:Norhan366
y.roth@hwarchitekten.ch:RegenSchein%800
luca@yipagf.onmicrosoft.com:Regalo123*
408582991@ismailia1.moe.edu.eg:Std#050418
abusaad3354@moe.gov.sa:AaB@555917917
pratap@111dwd.onmicrosoft.com:ANANTDESHMUKH@123
thr@lfta.onmicrosoft.com:DP90vhLg3blJaGZu
s118832895457@mkhb.moe.gov.sa:Mf56a"123M
7181465@formacao.iefp.pt:iEFP08011997
453781931@qena2.moe.edu.eg:Std#060809
maria.abreu.181260@edu.objetivoportal.com.br:11037=Sayaka.cobra
tashi_202016003@smit.smu.edu.in:Pemayangtse@1
23132699@imail.sunway.edu.my:Uzumaki.13
nnb@kpmom.onmicrosoft.com:Wuc235061
usk5748@unaccoschool.site:Tesla@123
c.jean.santos@aeccombr.onmicrosoft.com:23jcls32*
al3ola05@al3ola05.onmicrosoft.com:800310682arAR
deniz.sariel.edu.tr:Ds161902
20shartwright@heanorgatespencer.com:Kittykatbarnie96!?huhboblolhahaha
bulcu.radu@tmturda.ro:uclub@1Eparo
l15360714@tehuacan.tecnm.mx:Emmanuel.2020
hebaallah_ali@bus.asu.edu.eg:Mahmoud98
soporte@ayudaenlinea.es:R3n4ult*11
johnpaul.dacillo@r5-2.deped.gov.ph:11johnp@ul23
abeer.1300109@t1.moe.edu.eg:egyptM@e1300109
UNKNOWN:paroliguri12
s.baena@getaclub.io:SbRi123*
juan.moralesh@my.unitec.edu.mx:1a-2b-3c
odette.gudito@cit.edu:ONG.0312
s3003001@rg.moe.gov.sa:Aa1122334455
marco.malizia@claro.com.br:Senha23/22
info@jazeancoffee.com:saudcoffee@2023
epos_tester8user@agency.manulife.co.id:Manu2022#
10037813@bridgeportedu.net:20050105
477_r5os_o5_u9@eprosveta.ac.rs:Ti.53292319
burakkaynaci@365saglam.com:a1c56F1Ec3f86
diegov@sagradocorazon.edu.bo:Sagradoes123*
bhaskar.naik.csit2024@trident.ac.in:Familyandfriends
ivan.quinterob@ica.gov.co:Naranjo24*
454084039@monofeya3.moe.edu.eg:Safe#06093
mohamed.1618023@stemdakahlia.moe.edu.eg:Password5007
16bmedayese@atlantic-hall.net:Ilovemyself25
g135555451@taalim.ma:Yassine1998
tospkn2098@theorbisschool.online:Orbis@2021
8889888@domyat8.moe.edu.eg:Emp#888088
sonam:s2@sonam1050
rangaw@sunketa.com:6pdGXxdeY2Al6QUS1RNt
cesar.ayala@cajamorelia.mx:Control7410*
450618084@giza6.moe.edu.eg:Moh#123456
pratibha.vadnerkar@despune.org:Shilpa@30
202202636355@alunos.estacio.br:028022@El
indrajeet06:9850159928iR
a.dhaiba@aurore.asso.fr:NdHdU26A
geissonsantos@educacao.niteroi.rj.gov.br:As25as25
tobias.kopas@skolavolgogradska.cz:agent007
fisu_la29@student.itstep.org:NULL
armes0454@sps81.org:mongraal
luis3456nata@gmail.com:kRv$df25N/tt!_M
jashei2019@bas-darmstadt.de:Huzuka35
assia.chahal@std.balamand.edu.lb:tmaka2101994@@@@
info@ciudad.ng:Xur74438
haneen8899@outlook.com:Haneen@2000
mohammed@mohammedky1221.onmicrosoft.com:6PSfrTrv3XfvhXR
409467058@dakahliya1.moe.edu.eg:Std#021212
egdeals@goempowergroup.com:Empower19$
abimanyu_k@hotmail.com:Padmorini2309
202211482985@alunos.estacio.br:Rosy/6352
r120079876@taalim.ma:samaka@19
16halsalll@stcuthberts.com:Welcomeyear10
alena039x@gmail.com:naomimm96
170302025@live.unilag.edu.ng:SUBOMIII3*
unknown:Mr07062014
t20a8992@educacion.edu.do:kxzvx2@R
182b42005@alumno.ujat.mx:1916074649
D130881290@taalim.ma:KHALIDsuper23
32238@jedu.gov.sa:ali13978g
22300195@students.afda.co.za:@mine123
keihinbr@keihinbr.com.br:Ktb@4670
tahuudien2101@365ms.biz:Phuc@12345
is16111075@es.itesi.edu.mx:Hounder123
Avril:Nekobb15
ais20515@apple.sch.ae:Lur02677
kelvin.alba1@stu.ocsb.ca:kelvin.alba1@stu.ocsb.ca
mohanndmk@y4mqr.onmicrosoft.com:gajala@9
2040211029@mhs.its.ac.id:Duta2172
8170419u@opatoweksp.edu.pl:92_E.y4QUaVphrp
lgol10.br:Kratos@10
arbabhassan@arbabbeautyproducts.onmicrosoft.com:M.nad33mj15072002
samud.vishnuvardhan2021@vitstudent.ac.in:Vishnu@teamspass1234
sminster@nadel.com:cre8Tiv1922%
craigaoxton@outlook.com:Travel123$
t02u0359@andrapanchyat2.onmicrosoft.com:Xub37303
hazem.saadawi@eehconline.onmicrosoft.com:P@ssw0rd
220:Rambo2020
rvazquez@imsa.edu:Ramon123abc@
jonathan.1623@gmail.com:zangetsu23
450464036@qena2.moe.edu.eg:Std#050522
starbucks.hemel@cineworld.co.uk:Cineworld01
zahidhassan@x2gbv.onmicrosoft.com:433726Microsoft$s
jgaspari@bonnardtransport.fr:Migr2016
eduard.cirjila@liceulcumpanact.ro:Ubey2457
youssef.1220065@stemalex.moe.edu.eg:Ykskrtrt1
davisn27@pwcs-edu.org:Gokuthegod12345
hskt10530@tmt.edu.vn:Demo@123
alimonta@vates.com:%Martes2023%
s2090636@asrb.moe.gov.sa:ABL3OOABL3OO193
pre2_046@office.dlit.ac.th:Nattawit1
ldegerminy@arb1531.rmgc.ro:4B*l*M4Bsm
ashraf.saudian@taib.com.bn:Fatyn@!6112008
sch.b.lp.ge.26651@makkahedu.gov.sa:Kk0555556890
lestrollip@telkomsa.net:lest5615
mpalacios@latroncal.com:junielmivida6
guilherme.silveira18@etec.sp.gov.br:sobral2005%
486476672@kafrelsheikh1.moe.edu.eg:herkes64
3422551@minia1.moe.edu.eg:Nehad#1994
1262902@senati.pe:Carpiopizarro318
eessa@ncksa.com:Don't010
mtarantola@ismett.edu:Briciola12
697276:HemSid@02
N00127311@UPN.PE:Soyelmejordetodos123
s8980888@ng.moe.gov.sa:s8980888@ng.moe.gov.sa
451147600@sharkia2.moe.edu.eg:Std#050603
201901816@upana.edu.gt:Guatemala2020
subha.manna@vaaaninfra.com:subha@789
jbetancur@evolution-it.com.co:-Evolution2024-
202211247961@alunos.estacio.br:Cristo1122.
brahim.benabderrazzak@telcabo.com:Errachidia/86
s136104668@taalim.ma:Hamza123
454473639@dakahliya2.moe.edu.eg:Std#060119
51138-f18@hu.edu.pk:asd.4486
prodilan12@hotmail.com:SS11REY@25
ahmed419553@fci.bu.edu.eg:Std#040404
wazz.com:Hapekurusak1.
esbonnyang'au92.go.ke:!Rambeka&078
robson.scardini@missoesnacionais.org.br:Aline.2005
admin.do:loinSauna5%
bjoern.adaew@edu.bernoulligymnasium.at:Urusmartan1
pedro.fuchs@p4ed.com:Dw3m2ag8b7
LT2124A4C02H@thptlinhtrung.edu.vn:35981210A@
chefmcnair@fscacademy.onmicrosoft.com:Zhiarama15
480963655@giza6.moe.edu.eg:Std#060828
lik.edu.au:Covid-19isaproblem!
ali_m_alberri0416@moe.bh:Yloo3572
ibreiza66@365ori.net:Tutul8558
455629140@qaliobia2.moe.edu.eg:Std#060309
l58311@aln.iseg.ulisboa.pt:Z59bQRHpBg
b031810218@student.utem.edu.my:kakashi98
pk300581@mi.com:ahmad@123
808888@behera8.moe.edu.eg:Emp#880808
aysun.ulker@isik.edu.tr:qpZxf3206+
maria.jimenezfl@anahuac.mx:Maye131001&
201902253981@alunos.estacio.br:Ch@n12465266
nndan.b@hcl.com:Anjalinanda@1617
k133496639@taalim.ma:Kueu3790
594826@luxor1.moe.edu.eg:mtp#711005
receivable@techgroup.ae:TG#ble.2019
e.deasismarenco@studentbvh.edu.gt:BVh*2021@
acc0001@morningtonps.vic.edu.au:Darkvader69420
marwan.omar@itcan.ae:P@kistan1947!
07ovechr@timeskule.no:Ford3721
karthik.s1_mhs@gemselearning.com:sankar1254
1a1.20.8.8748.id:Makdam13
20192910@farn-ct.ac.uk:Diadem201921
21dh131167@st.huflit.edu.vn:Minhduy25012003
kochajszymon@spbychawa.onmicrosoft.com:Adrian312312
t640814@asrb.moe.gov.sa:AHmad6677
jua.neiral@duocuc.cl:J1u2a3n4__
huevitoconmuchacatsun:flor2721200211
MED.MAHDI@IsetRades.com:Dortmundbvb1909
pit-dev@almutlak.com:Pdev@mt@dev365
ali.smd@generalpharma.com:GPL@123456
carloslouegi.mendoza@tup.edu.ph:Carloslouegi2017
Foster.Blake@mail.dc.state.fl.us:Suzuki11
asdrubal.toala@educacion.gob.ec:S78eqyrg*
b.valarian@bub.edu.bh:BUB@2019
thedah1@365.fredrikstad.no:Theo2009
wilmer.bohorquezy@ug.edu.ec:Wil20015
ghkmufc@ghkmufc.onmicrosoft.com:Mallabyfc1991
crtoledo18@alumnos.utalca.cl:VJyR1810
jonathan.lozano@colegiocomfenalcoibague.edu.co:Comfenalco*
kmn4585@mavs.uta.edu:Winni3Is4Wi3n3r!
stjl.junta3@nayarit.gob.mx:Juntaespecial3
hruwaili7988@moe.gov.sa:Haftgst987@987@
duong.hoang@bvishanoi.com:L0calC0mputer
areider@butler.edu:40022228
e267345@metu.edu.tr:e267345@metu.edu.tr
mangrabador@rcnradio.com.co:P4ut4s2023man%%
indrakurniawan@wbpcoid.onmicrosoft.com:Wbp54321
202104056524@alunos.estacio.br:Baruc123.
skikupa2u@xkx.me:Shanbaz786@
pedro@embraplan.com.br:Embr@pll@N
p1297@amadeo.pt:Herondina1#
Mhady9855@gmail.com:Mh654321
proyectotdem@tdemsrl.com:Claro.2021
MINEDUC:33kimchiYX
avish.khanna11187@iisunivacin.onmicrosoft.com:Juq10030
enrique.celis@medway.com:Lascabanas44$&2
r134531348@taalim.ma:Tuttaposte00
Joey30213:;rq7,Yse5WrCz_W
christian.fernandezr@cfe.mx:06032016Cass
wilson.ramon@educacion.gob.ec:Zon@72020**
arcega.247530@tarlac.sti.edu.ph:09089662281Ab
elbouzidi.hamza2@ofppt-edu.ma:abdo/hafida1997
studentelicorniandrea@innocenzododicesimo.onmicrosoft.com:ProDesignIT00
GVIGNESH27:27@02@1993
tichyva@zs15.plzen-edu.cz:vajicko259
vinicius.souza02@cs.up.edu.br:Vinup@8&46
p08@proterisco.com.br:proterisco@2019
stum21015526@ese.gov.ae:46ZuBBwsU8tO
ns30142041@edu.mon.bg:37513872Ns
ert40@office365.fun:Dayosideho1
matanbe7@ac.sce.ac.il:Golanela19
md181608@students.lcisd.org:157032
hana.sevcikova@zscermaka.online:2022005Ab
454405896@ismailia1.moe.edu.eg:Std#060127
heinkowin@jcgv.com.mm:@Hein243092
kirtis@apexmail.in:Prakriti@1
luka.soric@skole.hr:2DanKR3A
xescobar@binaira.com.ec:Tte@dororanita0702
365a.nurhayati@guruinovatif.com:Ruy90652
ismail.ukla.el.far20@ogr.atauni.edu.tr:Yldrm1993.
Nasim:Its1lyforme
55565@lln.sint-michiel.be:Lolding1?
426668232@tulkarm.edu.ps:Tul@42666
47761@aum.edu.kw:Aa1001200230034004elaf..
461888153@dakahliya1.moe.edu.eg:Std#071115
ri20181609@wipro.com:1Poblacion
50003814@mahindra.com:Mahindra@1234
monton_j@nesic-thai.com:Ne$i(4410#
darna.maslov@hotmail.com:morska2002
mario.buerkle@it-bfw.de:Mib280676
6330092225@student.chula.ac.th:Binkiss282545
t202069@mkhb.moe.gov.sa:Rawas5796
455871243@monofeya3.moe.edu.eg:Aa#1234567
pwalukiewicz@sp4.edu.elk.pl:Kob13634
m.ashraf1@ptclgroup.com:Karni@313
cb.en.p2ael19005@cb.students.amrita.edu:Asif@u11
15nma01194@aiou.edu.pk:Pakistan@@@###25801
cross.border@ultlogistics.com:thiri+sandar
Michael.Justice@lhsa.com:Lh868708
flescano1@hilton.com:Levar130710+
edgar-okoh.arnold@calebuniversity.edu.ng:Edgararnold17
carla.freitas@groundforce.pt:Madeira9129b!
michal.kiliszek@zsrs.eu:Mwabt2003
devansht2023@ihmddn.com:Dark242@Light
julie.sambeault@csmv.qc.ca:haze63
alemroz4@edu.lublin.eu:Zoz72831
bimbo.com:?kBw+?U-8H*fgCj
kacstef19@edu.gdansk.pl:haslo1234567890
mk271171@schools.mk:Marko2005!
Danieljoseph534@gmail.com:Carrottribe3
lenny.grandjean@edu.univ-fcomte.fr:?
it22899460@my.sliit.lk:@#HL123ms
bifgaf@hotmail.com:nano@@@@
contacto@innovauniversidad.edu.mx:max98988
v15295@365e.live:Marginadmin@365
postulante2021i@epgunheval.edu.pe:Postulante2021
daniel.schuller@bwedu.de:Agan3550
soker@renplussas.onmicrosoft.com:alikakito1
s7909170@mkhg.moe.gov.sa:aM160319
gulab@kkyadav143.onmicrosoft.com:Rgcsccenter7211212@
filipepetermann2014@hotmail.com:2r02G6IC7Jza
20.03.danh.tranphat@thcshuynhthuckhangtb.edu.vn:Hocsinh@123
lkwilliesjcs@yahoo.co.jp:MA_rlEy1
smeehan@gauger-associates.com:GA38795;GA38795
1313633@aluno.uniasselvi.com.br:Rastagirl15
johan_sgarcia10@soy.sena.edu.co:JSGP10272006
afiasarponmaa.boadi@gmail.com:Spooky@1241
joao.muanda@jez-it.com:00001987MANA@@@
2022583301@ogr.cu.edu.tr:Mari77Asf77
ldrkdeq7@t.odmail.cn:Nirvanaasa00
eduarda.alexandrino@parceiro-anhanguera.com.br:PL0308@2020
m134284818@taalim.ma:Xkqf10630
201804538@o6u.edu.eg:AC7origins
UNKNOWN:Karla2906
pb231510005@upbatam.ac.id:Yeah17liu
19434@microsofteam.smamuhammadiyah2yk.sch.id:Cun39090
31230446@unipaulistana.edu.br:@pEDROYAN1231234
e_2016101348d@uncp.edu.pe:Kira.2619_1997
razeen.m@quesscorp.com:Itchu@2525
wn11thsci.ayush_ugale@potegroupofeducation.com:Ayush262004
silvana.serafina@klarconstrutora.com.br:Dut18849
carlos@binus.ac.id;Lizardcoons1;https://login.microsoftonline.com
rafaelcastrobrito@gmail.com:22031980rrca
31231025247@ueh.edu.vn:Ueh@068305010563
rafael.oliveira@ccnsps.onmicrosoft.com:LuaSol2009
a:TheLoneWolf524
said.elmeddiki@taalim.ma:Maroc@1975
2019143524@talento.tls.edu.pe:R@924738
mfl.5thfloor@azimgroup.com:Mf5t@38#
10167@gshash.onmicrosoft.com:Kenken6666
26010031@sfcollege.edu:QWerty0410@
greencalls@maservicesgroup.com.au:hashmi777
a2032.qui@tranhungdaogv.edu.vn:XuanQuy140104
s5079767@estb.moe.gov.sa:Mm1357909
nguyenchi12@pnsqt.onmicrosoft.com:chi122012!
anniesieiatix@bt.com:83582kd
msoffice072@office365svip.tw:Winwill88
26nwilson@flastudents.net:FLAWelcome!
j10cmbuc@cendoj.ramajudicial.gov.co:Juzgado10CM
muhammad.ardalani@teamcomtech.com:Dod62288
haitrieu.inde@gmail.com:vietstar@28ptd
messaour@katoennatie.com:Matrix007
s9220705@mkhb.moe.gov.sa:78P@s90sW0r1727
kanishka.hettiarachchi@pearson.com:Sasi@1039
3925073:HasifMJ99
ra00182148@pucsp.edu.br:27Novembro1996
cintafarhamna:0310Maha02
65223110@cmru.ac.th:02/05/2546
1951121366@e.tlu.edu.vn:221133
3231178@aluno.uniasselvi.com.br:V@doin852
laura.urrego@ane.gov.co:Cronos2710*
gabriel.carvalho212@etec.sp.gov.br:1656Ga#
awang.wijayanto-consultant@prudential.co.id:P@Pru_86
herbert.gomez@aes.com:Herango$64
claudia.rus@ubbcluj.ro:nimicfaraD
korbinian.lindner56059zw@schaff-bar.de:Zwar2830
vcharalampous7@st.schools.ac.cy:Costas2001
lokinhatquan@thienphuc1235.onmicrosoft.com:a3951059A
426833893@tubas.edu.ps:Moe@42683
alessandrotrader2020@outlook.com:Miubn0101
kortiz87@unisalle.edu.co:vdu1u-wp4$
ele082nadra@email.com:18829a
debasish.p@splenta.com:G(V!U4CJwB9fqp-
falegre@baufest.com:falegre124570
u21100441@utp.edu.pe:u21100441@utp.edu.pe
gabino.calderon@cfe.mx:Comision0101*
alexandervillaossio@hotmail.com:kena1970@
telghazawy@cissegypt.com:Ciss2020$$
juliene.carvalho@parceiro-unopar.com.br:O1Gi$inN
1289396@csdc.qc.ca:BibouBibouBibou123!
toma-gheorge.radulescu@scoalagheorghetatarescu.ro:Faraparola0
ilias.tiet@lmg.schulen-lev.de:Gupi5603
PNICOLALDEA254@alumnos.imf.com:@Sjl6ryuko
yy71326518@edu.mon.bg:Tralala22
daniel.ndungo@learnovate.co.ke:daniel.ndungo@learnovate.co.ke
18ur0027_ms@psu.edu.ph:Hah65258
bernabe.303783@meycauayan.sti.edu.ph:Shigetora01
451879513@alex2.moe.edu.eg:Std#070727
mkt-novosnegocios-38.com:Xok50375
jakub.smieja@pieszycensp.pl:kubas2011
muhammad_luzman_danish_jasni@students.edu.sg:Zerotwoxx016
alyssa.harris3@snhu.edu:Iloveschool9!
arhr@365mspro.com:ApjuFax2336#
luis.gomez@penalolen.alcantara.cl:Maucarlui07
stu60722@ardenuniversity.ac.uk:TpNZDRbNmFZqjn
mariawnna.harris@student.arbor145.org:Arbor123
228585@ccboe.com:forklike15
mys0207121@ju.edu.jo:m$5586
w.tavarez@student.keiseruniversity.edu:Universe#20
pakartutorialpro@gmail.com:Sukm4n4g@
faculty023@bkip.in:Nitish@2020
bellod@utb.edu.co:DgB25012002
informativo.decanato@ug.edu.ec:Dec@nato2017
s6323375@mkhg.moe.gov.sa:Ghalaa2428
457618839@dakahliya1.moe.edu.eg:Std#070415
midhunev@kpnmail.nl:arsEntiI0
gamal.1225666@t1.moe.edu.eg:gamal_125
tructt02@acb.com.vn:Hai@1990
minamaged2362003@gmail.com:Std#030901
ridafaiz007@gmail.com:Rid@159753
jerueda@distraves.com:Distraves2017*
agc@yesilay.org.tr:Ag02029191*
paulinewg@b360inc.com:Posho@99Giks
tmalickbryan@gmail.com:Papa@
synguyen@ql5t.onmicrosoft.com:Ngocmine08042007@
bulkiewicz.jakub@sp2drawsko.pl:Bullek112
wilder.umana2582@correo.policia.gov.co:Wilder2772.
abumuhammad@my.lonestar.edu:7sunflower
uwindemeyejeandedieu@reb.ac.rw:Ishimweshema@2
bryan.salgado@itacacapital.com:1t4c4.2808.
student_menna_mansour@nayzakschool.com:Bon09202
nakamurak@eaera365.onmicrosoft.com:Koudai1515
thu.luuhoai@vib.com.vn:vibVIB456
008880@unionb.com:apr@8080
yudanssolemanotsl:Progres86
b136017780@taalim.ma:None
lescalera@thrivespc.com:Izabella88
222200040@unifacs.edu.br:03445059
s5901081630011@office.kmutnb.ac.th:COB090317058
s029914@ad.viko.lt:Apeil2020
ga932328@wipro.com:4Ellapot
d18407@365i.team:Ozerk19962018!
yaseer@yaseerarafat.onmicrosoft.com:01712819889ABul
riyaz.r@cromaservices.com:Sanjari@2024
azizan@ums.edu.my:p@ss12345
7748687341@bariavungtau.itrithuc.vn:Vy0933736131
germanantonio045@crpolytechnic.in:Gamer0729144615*
alvinyudharamadhan@sman3surabaya.sch.id:ggALVIN321
andrie.lesmana@kemenkeu.go.id:@Dreply202r
richellemary.maglinte@deped.gov.ph:@Rori041615
jalaez@deustoseidor.com:428_ahbJA
utpm.cadva@adventistas.org:12345678
bapc.4985@o365.saint-genes.com:audrey11020
ivanov@bg.fcen.uba.ar:3427Trophon
luz.lopez@colegioverbo.edu.gt:P1cesaLun@
i201621400@cibertec.edu.pe:Arb90jja
sapnanaani7@gmail.com:Rashmi2050
pluta.blazej@zs6sobieski.edu.pl:Babi2008!
sgil@agrogemso.com:Checo2119
Badjalal1987@gmail.com:Archi2006
riaevendy@telkomuniversity.ac.id:Sisca089800*
0149@tngqatar0.onmicrosoft.com:Hassan1212
helen.robles@upb.edu.co:Valerinzapatarobles6
mildred.barrios@meduca.edu.pa:Decolores13
1201032@hup.edu.vn:?
136880140781@ncr1.deped.gov.ph:0965571@Ib
hanialsayed.80808889-88898@stuabroad.moe.edu.eg:ahawed8008=
1314935@cairo2.moe.edu.eg:Emp#730625
eric@kuster.fr:=%wSYxg,
plamprou5@st.schools.ac.cy:Pana1185144
cecuga_jakub@sp74krakow.szkolnastrona.pl:Kuba2010
hussain.raza@jugnu.pk:Bhutto57388
isabel.lin@oviedo.colegiosclaretianas.org:Yongfu1977
m.daly3006@myu.aac.tn:Mynano0622*
raul.cerrato@at.seg-social.es:raul0112
26ha280@havenhigh.net:Hollow.123
gallant20@go.byuh.edu:Oke96993114$
Grazia.Quattromini@asmbasilicata.it:0.AXMA6ro0y_K4X0ywOxetp_W8t7yUX56k6HNOuL5jNkwp11NzAAg.AgABAAEAAAD--DLA3VO7QrddgJg7WevrAgDs_wUA9P_wdbuNsY-5aEYsEFxmkOEsOqmBXjA8ZITgYKft9JGKK9EyTXbISXZD-3w8-IKv58DCvRByY4OqlFFKWuf5KPyIOxRdr06vudqb5dp_am5Zz1AgXGER99WNaTNdbmlOOOAbqW-2FKC3HQPtoq4MBGxmBAcTXODG4jjJ0Xok9GNflGOP4VtvUDJ4j3mpl2dJ8kmhZm3Jpcrge1G121e_X5fRcDncz_qsMiLihcKYLi0EH2_-fXHqL1XmnGdsN-NKuWY32SVtUqwd7IoNUZP0KLa8St6kcGQAUhLMOe5Gk54eeYeDCS0s6F62Dwq2B_DHNOdWjCmmA57NkvukmkFUFdVhDUdIxJIFYvHnl-5Wx24-Hka9U1_3Jx0V56hxcK5sAL5XZLTp7W4kXYmW97Jzt9NJrqP0auDUGPUCJ2z8-CJSsqEushPdp25ketS0hW-XwfyKN1ueQOvefpvmCG9ByyFaYgtNQlYW_XQ3UULfo3FY3W1vl9nG4l2N8h45NYGLctQVUDqtBVDV7jCuZ4eWQfaAUreocp5KdFfg-CbnnEQEDNrqkbMhpo6MKk9L_jJs62gJAMyIcGxc79HzlNdIOL-dH2QMUmsrZUooxY4yEVtxsvAInqxrTLR3dR94n8zIkadM_EqKm7shlaGNt5-ICtVlWMZ1SfPcxkWf8RWuoMuC6F1bSXPaSXTV0KvyMjaFfqZV4EqIyVSfwok3oexTAxwqzbMFhsiW-vt7e8lAHd_-XXMmJ_SbugO6dybQP79INog
br23@ms365.id:Fuckthat911
100487596@unimail.derby.ac.uk:X1992m1992
timoz121074@yahoo.com.au:Berger121074
uwpbyd95423@stu.mao.office.gy:Trangtnt22
std.19.201702697.eg:01118177322a.a
9130@eshte.pt:R!14648820
tmiro@flybaghdad.net:Vuv26998
mayank-8h-15838@apsjaipur.edu.in:Ma@140907
drom425@lebcedars.org:rom14122
loridejo7341927@estudiantes2.edu.ec:123456
454260496.edu.eg:Std#060907
21mdswe164@uetmardan.edu.pk:SWE@C2whSj
osmar.jimenez@caminosips.com:Jaziel051021
tibenganas@gmail.com:TASOGMU@2022
f110060232@taalim.ma:Amine@2005
kc223955@students.lcisd.org:881302
nvalerogut@educacionbogota.edu.co:B*822$)C@f6;<;^
dbyors@eamanti.com:shinyW@ve32
sramoscha0001@mymail.lausd.net:sherlyn15
aneyra1711:panicatthedisco1711
melvin.arriaza@unah.hn:Lanocheeramagica666.
nuuk@cambridgemty.edu.mx:Cambridge123
aly.mmostafa@eagles.school:Rul53560
librarian@crestar.com.sg:CEGlib2020
hassan.iqbal@emshighschool.com:HiNh@143
yasmin_1713422049@mhs.unj.ac.id:Vgbm3122
201804021512@alunos.estacio.br:F.QiYYNL75h5yFy
Juan.Bustamante@massygroup.com:Zaz61251
anie190033.au:shun@mb1234567890new
477903479@luxor1.moe.edu.eg:emp#123456
cbj331254@stu.mcpss.com:Cj01112010
psarmiento2@alu.bue.edu.ar:psarmiento2
chris.biganiro@gmail.com:topmap54
8880888@senati.pe:yeferyampi880808
alessandra.fanelli@studenti.abaroma.it:Cfnl68bd
a2605@office2021.co:Aasel@786
62672258@delacruz.edu.pe:Todoencristo0
s9934900@rb.moe.gov.sa:sh078787"
mohamadmf@albna888.onmicrosoft.com:Ahmad@1515
navarrete.juan1@uniagraria.edu.co:nj1003510281
00003079292@aakashicampus.com:29@tanmay
0000777171@aiou.edu.pk:Xahg7286
halfmoonbayefi@daum.net:uoifnk
jan.spacek@zsflc.cz:Medved009
r137473602@taalim.ma:Kuuf6780
anton.rezk@outlook.com:Std#020630
utm972t93-6679@utmatamoros.edu.mx:Ray999595
201802102731c162@cusscahmedabad.gujgov.edu.in:Rehan@00125
yunchenlo@cathaylife.com.tw:2rgigAAL
b041910073@student.utem.edu.my:Kydar2000#
mauro.rivera@global.komatsu:Emilyysiulan9505
krajakaruna@naita.edu.lk:GunasekarA123@
103120109@nitt.edu:103120109@nitt.edu
hlee@foliot.com:Muk41245
khang.2275801010108@vanlanguni.vn:VLU01122004
447158745@benisuef1.moe.edu.eg:Std#041127
odilon@nedfellowships.org:@didi22227
2036565@std.hu.edu.jo:HU@30478
s6901020@estg.moe.gov.sa:PQ_SH3R676
t9759941@rb.moe.gov.sa:ALLAHALLAH@$2023Nana
1pr_19_u09@lo5oln.onmicrosoft.com:Taz95925
dmadrid96@hotmail.com:Nuces996
m1776@arcodigos.cl:Cop0102040509
409495225@dakahliya1.moe.edu.eg:Nn0100@#$0100
rugile.guzovijute@mprc.lt:Comanche1992
mnaahmed14@hotmail.com:merna5933
linda.figueredo@esap.edu.co:Clave.1118566888*
joao_romero@sfj.edu.pe:Romero1206
20170034@ulsavictoria.edu.mx:1810Rm1945
mjmh5306:123@123Aa
454292895@sohag2.moe.edu.eg:Std#060901
daonv@winds.vn:123456Aa@
00004180731@aakashicampus.com:Sh@100303
ng190002@gemencheh.mrsm.edu.my:password@1
447522791@cairo5.moe.edu.eg:Std#030221
202403410281@alunos.estacio.br:@Luiza33
jibinkj009@hotmail.com:Iphonexr@4454
mayedalmuhairi69@hotmail.com:P#7Vcmtp2D6S
19-10097@formanite.fccollege.edu.pk:FCCU@20Microsoft99178
daniel.rogozinski@wmzdz.edu.pl:Danrog2004
samya.souza@sistemafiep.org.br:STI@2024
mmrlobigas@iskolarngbayan.pup.edu.ph;Crmlijmk19;https://login.microsoftonline.com/
445332055@qena1.moe.edu.eg:Std#041121
diogo.gaulia@hotmail.com:Laika.001
3712@ghsallahabad.org:atulya@18
rplante@assopluriels.fr:01London06!
robi'atul@smpn2gpl.sch.id:Ra210589
prayeur2@numerique-educatif.fr:Polo_54110
a_suttikulchornsu@unaids.org:s303884@initial1505$
zima@zimaelzayat.onmicrosoft.com:yXDU9d5yC4nRxAR
szymon.olowski@sp3zabki.pl:FIFITOKOKS1111111111
piero.farias@extension.udep.edu.pe:feargod
kevin.forster.2196@alunomelies.com.br:kfms@3889#
damasio@sme.prefeitura.sp.gov.br:D1m1s46.reis
rm30244376@edu.mon.bg:recephassan2007
pasquale.angelino3@studenti.unicampania.it:FrancescA-2000
268715@student.pwr.edu.pl:RiblKMgrWwUbpwBb
13112272@st.hcmuaf.edu.vn:p3h30ng0k@
slopez155@estudiantes.areandina.edu.co:A1jgp65gprm8*
youssif.283501@t2.moe.edu.eg:Moheb@2094
marianneangeles.apalla@ncr2.deped.gov.ph:PureC042020
admin@thearkconnect.com:3FvfM8AcN99Gft7
claudia.yumbo@educacion.gob.ec:CY700502*
ej.dumancelav8@fmsnor.org:poix9888$
marcojrmachado@gmail.com:Miguel###2021
melissa.negrini@cs.unicid.edu.br:Bolt232225
marcello.mangano@energying.it:912Base912!
e00000227630.mx:D4v1db3t4n#
haillary.cantillo@medellin.edu.co:Manuela0820++
silvia.martinez@uadec.edu.mx:xx4xx/xxxL*
framirez45@estudiantes.areandina.edu.co:Puravida.1012
jeffreyb.quizon@iesqh.onmicrosoft.com:Jbq791032
nkubiak@uczen.sp18.kalisz.pl:Witcher2010
fparra@solaryled.cl:Fp.2022.
a:AKHSMK908621@ah
longg412@taowebngon.com:@T0iYeuVietNam
payne_racing@outlook.com:Alyssa06
u22217135@utp.edu.pe:nicolasito0826
9131@ebaveromar.com:Alves.2020
458314239@ismailia1.moe.edu.eg:Std#071001
u21224708@utp.edu.pe:abram1235
fhenriquez@colegium.com:Michu0376
admin@mandkkft.onmicrosoft.com:Bakkermann1
edinson.tamara@correo.policia.gov.co:Smart2023++
marcosconcordia.com@hotmail.com:Marleide524*
valenzuelal.jesus1@docente.sonora.edu.mx:Black_Clover_00
al141122@alumnos.uacj.mx:ZATG81013
flavia_bertelli@hotmail.com:Batatafeliz123
20071a04b8@vnrvjiet.org:J@thin5103
sanjeev.kumar@cromaservices.com:Sanjari@2024
esoriano@stratusvideo.com:technicolor
gilcut@thechildrensfocus.com:Ilove14101998
josemoura@bbts.com.br:cl144570##
445254527@redsea1.moe.edu.eg:Std#050318
seif@hni.ae:Polo1992
c-dharmendra@ecisolutions.com:10aug@1981
robert.picoiu@lgrcat.ro:Mereujocuri2
klehvymnp2@gmail.com:KK5REAISBIELL
giorgio.amantea.192@studenti.unirc.it:Mntgrg596
4822986000:dpsgv@123
100716820@unimail.derby.ac.uk:Theonlyramyt69!
463000@behera4.moe.edu.eg:Sayed#1977
carolina.aprilia@sdh.or.id:SDHCikarang2024#
mohameds.omar@elsewedypsp.com:ms@12345
ayoub.benmansour01@edu.uca.ma:119911@Qadri
458948634.edu.eg:Shadd##111
imane_echatibi@um5.ac.ma:J134214694
lutfiahsungkar.2019@student.uny.ac.id:vivi0801
2259956@newvalley1.moe.edu.eg:Samahr##11
1442743@dakahliya2.moe.edu.eg:Abogamal1#
d.gimbert@eybens.onmicrosoft.com:%PaSs001%
ely:chicagofire2021#
lgnuguid@student.hau.edu.ph:Password09321047061
jenny-shen@student.scusd.edu:purple24grass
154904@csgkluiverboom.nl:shishaastar2007
karo2772@zbc.dk:Kode2190
megaleano@correo.url.edu.gt:Messienel..123
2016114371@alu.uap.edu.pe:jorge1998*
patiput.tas@siamkubotadealer.com:Ploy.745240
jean.serpa@utec.edu.pe:Motk2020$
syukree.besar@mara.gov.my:p@ssw0rd
bjimenez0120.edu.mx:121324Halo33.
op:Cad62793
thanh.2272104040189@vanlanguni.vn:Chithanh910
47384@abana.it:Mike14**
ruben.ulloa@unah.hn:Ulloaz2010@
2019274992@isiswa.uitm.edu.my:Hazila5886
ajay.kumar@aapc.com:Secure@8826135600#
454489458@aswan1.moe.edu.eg:Std#060502
hallianali@cuiatd.edu.pk:Mvw@5965
suyogmhatre@bdo.in:June@2023
win.khi@student.mahidol.ac.th:n6y5auc3p
UNKNOWN:Thezelda1
anthony.peralta@cttech.org:AP132029@
504870176@est.mep.go.cr:Keva012009*
jsawczuk12@edu.bialapodlaska.pl:Janek2002!
sg2223@o365th.com:Em04042542
dedunuk@nvision.lk:Hpdvd1260#
kogawa@next-win.co.jp:00610061Xyz
szaidi@ffbl.com:abcd@12345
kakhuashvili.giorgi@students.gov.ge:kaxua2004
karnadi@methodisttamora.onmicrosoft.com:kR8014025260
15184@rj.com:1q2w3e4r
justa.perea@pucese.edu.ec:Livpk+81
toloza456@hotmail.com:91355936jatc.
jorge.celis.co@uniminuto.edu.co:Jorgecelis20@
ingrid.landivar@educacion.gob.ec:Nicolita2020
heatherkatemontgomery@gmail.com:cccs#2023
omarjavier.lopez@avianca.com:Avion.360
11102983@cc.peralta.edu:Finessin510-
455292871@qaliobia2.moe.edu.eg:Std#060623
phuongktp@nguyenanninh.sgdbinhduong.edu.vn:Phuongkhue09@
mahmoud.230328@t2.moe.edu.eg:0244684475@mb
nongnapat.p@saffron-collection.com:ORB@2022!
gbzalloum20@ph.just.edu.jo:G220022zzz@@
2256808@dakahliya2.moe.edu.eg:Emp#720101
spratlt@mmicnc.com:Spring2018
nhandtt@myvbi.vn:Hanoi1996
10118@dwhs.co.uk:Sakter2005
matthias.riederle@egauschuledischingen.onmicrosoft.com:Wiesel82
lucasneves45@hotmail.com:hornet06
laocoonte@elgriego.onmicrosoft.com:IreAlex@128182
41017867@parisnanterre.fr:ASsmr2223&18
chandra.shekhar@spinny.com:Pratap@123
8323@heathpark.net:Sydney1!
rafael.soares66@etec.sp.gov.br:wsRGM1808
jirapat.m@extreme.co.th:syrup[pew].12
lht600@0yhs1.onmicrosoft.com:Lht1234567890123456
14453@ma-web.nl:asdfzxcv
T240567@azharonline.edu.eg:@1GV)Z<!
ceejaybutaydante.ms@ucv.edu.ph:Ceejay15
F130265924@taalim.ma:Aziz1234
prof.mariateresamiranda@aeferreiradasilva.org:Afon1963
ncardozo@petrosantander.com.co:Cacase67
Nagarajagouda_Patil:Nagaraju@304
2314759@asu.edu.om:20732322
ahmedt592@macomb.edu:Green101.
c14619@claro.com.pe:Carl0$23
shivansh2310:Shiv1234@
454066840@giza4.moe.edu.eg:Std#060813
125222140043@r9.deped.gov.ph:Narra8*malalis
djgualdronl@colegiolatinoamericano.edu.co:rxkx6871RX
o.makalo@favbet.com:Zyflt.cm?xnj'njgjcktlybqhfp_666
kkenny@mplthealthcare.com:Welcome7723
2019977076@ses.yu.edu.jo:Sara079156
vinceczar.celeres@tup.edu.ph:p@$$GOandCLCt
0931719@students.dadeschools.net:121605gs
2425348925@bacgiang.itrithuc.vn:hoang14012012@
innocent_ghazi@hotmail.com:pakistan12345!@#$
sompod@caddcore.net:Pub59325
2744810@minia1.moe.edu.eg:Gody@2020
jestrella@egdhdih.mil.do:Elloco234
luis.schroeder@gek-unna.de:WdSa43421
jogle2@my.gcu.edu:paprchasr213$
13312832@sch.moe.edu.eg:01113132947aA
lqdqt204455ttcschool.edu.vn:lop97lequydon
ujvari.viktoria@zoldsziget.suli.hu:Rar24355
302593866@student.rocmondriaan.nl:Q-aNieuw#266
sadikaljaburi100@hotmail.com:nwv56buw
ivy.bongbong@qbe.com:@Kamputhaw083179
2126@office365.uno:98765@tanim
2010017@dpsgrnoida.com:lavapihu
449660815@redsea1.moe.edu.eg:Std#050626
dean.nenadic@inel-montaza.hr:Dul39852
21311763@stu.mmu.ac.uk:Library23!
urie150198@gmail.com:panicatthedisco
mario.robles@uip.edu.pa:uip.2001
jessica.gardner@my.sheltonstate.edu:RelyonJehovah@2024
kasparjanssen@balancenl.onmicrosoft.com:Rumpnisse05?
d133913876@taalim.ma:N5KoGgxZJ1
guilhe.silva002@gmail.com:Kirito0130@#
leonardo.diazc@colegio-americano.edu.co:Diaz2019
wilfredo.delossantos@deped.gov.ph:JanjalaniJanjalanifalafoxaugmentin08
conta219@3meli.onmicrosoft.com:Zar85759
23tumaf@zshavlickova.onmicrosoft.com:filip2007
20204040020@std.nisantasi.edu.tr:jafar123*
sop.sch@mariaward-deggendorf.de:!S34#s78
k.mohammed2105@education.qa:Kk@123456
fauzanfanifadillah@smpitsitihajarmedan.sch.id:gKY+PmDX9V9yAP_
student.affairs@arc.aswu.edu.eg:Ali888898
andrasi.bence@bigsuli.hu:811604
hao.hero16@gmail.com:haomax@2810
1hruskr@ssno.cz:hcV3586+
marthachamalbide-padilla@dpss.lacounty.gov:Laurel1220
sheila@robinsonmed.com:Amos8128
17517@myoffice.site:ca@arki08_11A
itbin-2211-0038@horizoncampus.edu.lk:971121572@b1
hana.20203867@buc.edu.eg:N2o0u0r2@yahoo
sd-17-20361@ufhec.edu.do:Brea.8298074335
f17498@365i.team:MrcL2021
rloyolat@utp.edu.pe:Electronicmusician350
asimar12@asimar.onmicrosoft.com:#Asian@012
adriel.kerosi@jawabu.onmicrosoft.com:Richboy858
55364136@mylife.unisa.ac.za:sewela@1981
27bdurrant@tgschool.net:Welcome120209!
d.al-shahwani2808@education.qa:Digham11@
849367@cognizant.com:849367@cognizant.com
atn.4@unilever.com:Myabc@qwe@1234
yuriy.sorokuz@tele2.com:Dasa123456789
Jkt2000:'
kurt.grixti.b42645@mcast.edu.mt:MUltiku123
kdayhernandez@poligran.edu.co:A4la.n28
jhuntink@kinkelder.nl:Omejos17
alida.alvarado.ec:Ko2022dr.
sergio.cruz@firstcash.com:Altotonga1
acespedesc@isise.edu.pe:Tottus321
apachead48@gmail.com:cdttm09*
21a81a0467@sves.org.in:BDAEW7D9G3_lliq
jtorres@hamonesindus.com:Esin.18++
jompon.siamsak@accor.com:Aapc@1123456789
japg3491@estudiantes3.edu.ec:password
nam.nguyenhoang@azagroup.asia:Namnam9548
kmisiura@sptolkmicko.szkola.pl:Dorotka702
lr-2021-00482@ufhec.edu.do:Montero00482
5282693u@sp2.twardogora.edu.pl:Woy89468
vanshgupta@nalanda.edu.in:anuj#123
alida.alvarado@educacion.gob.ec:Ko2022dr.
s8088889@rb.moe.gov.sa:mohammad9..
s4461120@mkhb.moe.gov.sa:91P@s44sW0r5598
rvillafuerte@senati.pe:Lucario310
orlan.rocha@etec.sp.gov.br:61533957aA
kris@ezynode.com.au:Chickboi_123
043244142@ecampus.ut.ac.id:res201005@
sallemsamy8@stuabroad.moe.edu.eg:Sss0888008988
mauriciokeller@correios.com.br:Mau@1964
administrador@futurasec.com.br:G0t!@#ntk2016
krishnaalver.sumicad.21@usjr.edu.ph:kAss080100
aakash.kapadia@9infotech.com:Nil@2013
david.salazar@smartsolutionssas.com:Ss1017152947
nverma@baskethunt.in:vnik@7017
3315273@aluno.uniasselvi.com.br:H@11502505932
p.salas12@alumnos.santotomas.cl:Pablo123321.
u201622201.pe:Bakers123=
rshishabh13049@stfrancisschooljasidih.in:Eysysp4axt##
soso1.jeddah@hotmail.com:soso1399
10107@eden.org.tw:zxc159111
08088808880@edumail.com.br:belavida
perzo.hossain@student.tdsb.on.ca:Perzo1234
oscar.salvatierra.ec01@iesa.edu.gt:NULL
m-salah19@outlook.com:*Mo01112754765
cvco.184@cruzverde.com.co:Chia016*
john.quinde@uedvrb.onmicrosoft.com:AS2018trid
vladimir.medarski@blackboard.com:29Vlach92@(!@1
rgassuncao@rd.com.br:nimdasoldier12192329@So
aleks08.ivanov@gmail.com:L3l3k4k!
aadfaroks-35477@stuabroad.moe.edu.eg:asd0509540404A
wchifita@polytra.be:mail58atich63
andre.kukacka@hblva17.ac.at:u1gucn
cpachecop@doc.emi.edu.bo:Emi2020*
2815_mufaddal@abnschoolindore.in:Wajihiya@5253
sohila.20181235@buc.edu.eg:BUC_12350
2022044563@metro.ed.jp:&FZz3da!
navarro.rj@isieduph.onmicrosoft.com:wafz1129
gabconcam@alu.edu.gva.es:Conesilla2.0
khaled.samara@dariedu.tn:Gml0991181315
isaiascarrera2@outlook.com:Martinez2
1410259@senati.pe:Mugrosin30
464746707@alex2.moe.edu.eg:Ahmed!2024
daniel.bertarioni@samtec.com:Samtec0816
anasansari790@xq7c0.onmicrosoft.com:Abcd@7906253957
jbakker1@reydel.com:[NOT_SAVED]
bruno.bmulin@sp.senac.br:$toyota654
11472.mme.issouf.aichatou.an.4.07.20@asblcohesion.be:Aissatou1
guimaraes.samuel@pucpr.edu.br:Tenho-22-anos
201806280@stu.jazanu.edu.sa:1110817358
cr:rio27/02/2010
s.farhan@zainint.onmicrosoft.com:Zad90762
emrecan.oezen@bildung.currenta.de:Ayseeda5858!
msvalladaresa@crear.ucal.edu.pe:12345qse
ba.feiradesantana@ead.br:Unifacs@21
sourcing.manager@edenfarm.id:9Ebs$c#tfr4LTG
jwlfscmm2104227@pgc.edu.pk:jwlfscmm2104227@pgc.edu.pk
mringwelski@wierzchowodworzec.onmicrosoft.com:Jasiak123
408756012@cairo6.moe.edu.eg:Std#030821
193357504@mayor.cl;9z4d4n3t;;https://login.microsoftonline.com/
5520786@aluno.uniasselvi.com.br:E@71964329400
M.TAMBURELLI@arpalombardia.it:D(+6$vvjj!EJZti
445439097@dakahliya1.moe.edu.eg:Std#040912
johanna.avecilla@educacion.gob.ec:JAEducar2023*
titusmuthoka61@mwalimu.tsc.go.ke:Kyuma1991#
1006030@wiringherlant.nl:Piepie1974
ocsai.gabor@netmedia.hu:OcsaiGabor1111
17200047@siswa365.um.edu.my:1725a630426
sokha.son@chipmong.com:01041989
leidyj.gordillom@ecci.edu.co:johana3634274
110478:0399Gr
nicrob602543@students.excelsior.com:Nr602543
gmunguia0022@mymail.lausd.net:Giovanni5040!
depotaluva@emamigroup.com:depot@1234
sekk08@uqo.ca:Luc@s1975
emtencabo@ppa.com.ph:Portpolice@1
31181023498@ueh.edu.vn:b-m@4RBG
1560601@senati.pe:Tarrillo2023
Ajmal.0947785@talmeez.pk:asd@12065
ithipon@epyothin.net:Gushimata69
joel.seguichep@ug.edu.ec:Tulipan10JV
15b1sh3360@stud.num.edu.mn:num!19961231
mmahmoud1036.shq:Wasamdodo_4122003
igerhold1@students.prairiestate.edu:SIDBOY@69
15gold199@holmer.org.uk;JHolmer798#;https://login.microsoftonline.com/common/login
453039356@dakahliya1.moe.edu.eg:Std#060525
3369686@aluno.uniasselvi.com.br:H@30717957268
angel.ochoa.ext@inetum.world:programador.123
458329474@fayoum2.moe.edu.eg:Std#070610
el-sayed3102043@arts.helwan.edu.eg:P@ssword123
leyder-balmaceda@upc.edu.co:Lyricklee12*
00004063973@aakashicampus.com:An@161008
jmtaveras@economia.gob.do:Inicio12
5540050043@stou.ac.th:1102700339913
p06358_2022@lyceum.lk:Chenu@2013
office.05@phooto.com.br:wSK8QGgXP
whitehat9021@x21g0.onmicrosoft.com:microsoft@1121
vencel.baresic@umszki.hu:serenity1967
agent50@tidfl.com:Tina0868
e0181818@csdessommets.qc.ca:cuho11
cbrune21@gmail.com:Gagus2020
alegonzalez@metrotel.com.ar:Ramones711.
444835517@minia2.moe.edu.eg:Std#040513
marco.reis@tonnietalent.com:Email@Tonnie2023
445853667@ismailia1.moe.edu.eg:Std#040701
bulz.mihai.gemil_ro@ohbse.onmicrosoft.com:M1crosoftt@102021
surya:ILOVEUmum
moncif.elkalai@alten.com:At#KDRUx8UcYSZvk
cupcake.myori@ymail:Fanda@04
10131749@student.cice.edu.hk:R4290916
camilo.zapata@telefonica.com:nanvlagio11*
ggmo365@ggmgastro.com:d5NGhstevb!kis-nhd
adgarciad@itc.edu.co:Garcia12dG12G
08084569370:avg75xtyhdfvwz
mst@merrittwoodwork.com:GC5Twq3b
amartinez@attmosferas.com:Tuz18947
v.an@kau.kz:Luh85319
hnorezstell@freenet.de:wmj63423-$_
mohamed.borhan@iconic-ds.com:#MHsmg26231612
marcoarce23@:marce15092011
id84x@techtitute.com:Odette98@
jawad.abdallah@ep-fdlc.education:Jfnj@?2014!JA
yousuckmyu@gmail.com:coolkid34
ariesorenz@guruinovatif.com:Aries_OrenZ1
udzilauri.nika@students.gov.ge:nika2007
s-hongja@bsd405.org:s#1016472
csturtevant@stalbansschool.org:123123bb5
sotelo.217008@davao.sti.edu.ph:djEwUNFiw10x130m/wRmFswrKT7vjO46jdNYzpjjR2ngIGRrXa5Mcg==
info@yamamaaunited.co:Wav11528
ventasfd@fedco.com.co:Fedco2022
c1levantamnh@kontum.itrithuc.vn:Ngochoi123456
stum2012028603@ese.gov.ae:P#21izjHFMVA
mrwaluyo@officeku.net:Victoria_272826
s7060168@mkhg.moe.gov.sa:0567529528dD
Jonah.carion3@gmail.com:1052022
bruno.pereira264@etec.sp.gov.br:Advb2301
michelefrancesconestola@itcarnaro.onmicrosoft.com:Grecosimona23
s9316719@mkhb.moe.gov.sa:47P@s29sW0r4181
ramiro.valdez@ezcorp.com:81297190.
jose@geciweb.com:ZmT5109Pc
01951083@student.commnet.edu:HemadriK@2003
mustafa.a2_akn@gemselearning.com:Leen@2012
isaiah.love369@students.lrsd.org:369214
laura@swc.es:Laur@2004
454297500@gharbeia1.moe.edu.eg:Std#060511
caner.bozkurt15@ogr.atauni.edu.tr:Cb7825652
00005346562@aakashicampus.com:Pr@051103
fa23-bee-091@isbstudent.comsats.edu.pk:7101-311
455384920@sohag2.moe.edu.eg:Std#080808
462367765@sharkia1.moe.edu.eg:Mn!3974663
claudia_cardeno@eficacia.co:$Support$.2017
460545829@monofeya1.moe.edu.eg:Std#090821
1027121gan@lc-ps.org:20061006
u17307983@utp.edu.pe:46813777
216229014@mycput.ac.za:Castlelager1
ha0401@andersoncollege.com:Anderson123
valeria.cejap@uanl.edu.mx:dS6D4KVn
nronen@kramerav.com:Patz2011
tfathelbab5329@samaschool.ae:A@12345!
marrand000@hsestudents.org:Hse990451
e_to.martinez.villanueva@universidadazteca.edu.mx:juanjose8888
170102036.edu.tr:56209030904
msoft720:7ujm8ik,
0135257761@fpz.hr:Svpe1112!
ing_gracia@hotmail.com:Ym9Vtqcs
e1315940641@live.uleam.edu.ec:Olindaxiii092001
alan.kubanski@sp69.waw.pl:NULL
411031846@benisuef1.moe.edu.eg:krLAhqJAe*9/hVV
santiagop@t.5tb.in:premium
rx.ortega@utn.edu.ec:Dulcemaria25
benjamin.orbegoso@hotmail.com:@pollito1598753
gleotticaolr@web.de:caLLas54021
j.piquerasmarin@edu.gva.es:Willy=197328465
cmoreno@tripways-ec.com:Morenocm01904
sifiso.malinga@trade-link.co.za:tlp@ssw0rdsm
29ehackett957@hempsteadschools.org:STU3593
luca.lippolis@arredissima.com:lithe123.,
rohan@metasynergy.marketing:Muhammadisgreat@123
aetr0001@ce.pucmm.edu.do:tusw31286D
mohamed.saber.2022@ngu.edu.eg:Nour*65186322
448335449@fayoum3.moe.edu.eg:Std#050412
UNKNOWN:Damjan1234
307921@r4a-2.deped.gov.ph:A1nhs@@1920
21127118.edu.vn:Ltngoc@713
str_ceb_jlepon@partners.microsoft.net:Welcome24!
julioteles888@gmail.com:Fradeteles97.
U08227042@o365.mcut.edu.tw:891215cindy
p05632_2021@lyceum.lk:Darshana101
dianmsh365-pro.id:5pkk/cmmkynx!z
micah.baldenegro@gmail.com:Hacim889?
e.refah2021@gtu.edu.tr:30OXygen.30*
ar.cariqueo@duocuc.cl:Cariqueo26
janweb@schueler.hocheifel.schule:Katze12!
mkopec@sp35sosnowiec.onmicrosoft.com:Bakugan1
loves96617665@outlook.com:Zx789456123
seanmacmillan@buildingdreams6977.onmicrosoft.com:HUNTERboy6977
elouzani-t.zohra@taalim.ma:Tz0123456789
451612033@minia2.moe.edu.eg:Std#051019
carlos06_as@hotmail.com:Andreamiamor452
omar.sabra.2024@aiu.edu.eg:Mra036477@01027475160
prarthana.2214507270@mujonline.edu.in:DGHX2004pss
sd04411@qpschools.qa:sjdjJnfd!8512
jasmine.e7@student.fortbendisd.com:lexiismybff2\
rileythompson@penistone-gs.uk:Avraam89**
2575479@fayoum2.moe.edu.eg:Emp#870420
a32714@aluno.filipa-vilhena.edu.pt:Joaninha2009
nbu@argos.co:Programas100
teodora.anton@ipsos.com:iulie2024
osama.kamal@talabat.com:O_7o_7O_7o_7O_7
42257690893@edumail.com.br:edson2002
450748084@minia1.moe.edu.eg:Std#050913
jmalvareza@ul.edu.co:Las11868
rchard@pilton.college:Pilton2020!
2020cs06@stu.mnsuet.edu.pk:NIGGA123
2755667.com.br:D@95034390272
0727446@student.osceolaschools.net:Verdi1234
mmustafa.me18asmme.edu.pk:Smme.12345
michal.nykles@zszakupy.cz:610028650
60008786@nrc.ac.uk:x-21-03-2003
18377491197:yjj@20011223
BrederickTheShifter@gmail.com:LuluBrichoun
matteo.scarfos@liceorechichipolistena.onmicrosoft.com:Dow52402
daniel.munoz@epsagroup.com:407Mega1993gti
cortijo-2018-00240@colegiomontano.edu.gt:C-2018-00240
da20602@office11.top:SMT@1988
188032850@mayor.cl:1754577a
nutsubidze.nikoloz8@students.gov.ge:Niksona26
swahab@esca.ma:FMBV8SkfD
desem@wikamail.id:wika@123
administrativo@futureit.com.br:Floresta123!@#
200306@studierende.htl-donaustadt.at:1977Dani3l240805!
space_acco@hotmail.co.th:Sep@2024!1996
a.wojcik@1lo.olsztyn.pl:Marchewka123
vmendozar@unadvirtual.edu.co:Lobulotemp33*
chri7n76@assensskoler.dk:CrellE1568
202101427@learner.open.ac.mu:@kailesh1124
joao.lopes@sis-rio.com.br:firstlogin
abm0033527@est.univalle.edu:igNACIO2014BELEN
jefferson.paspie.comm@ust.edu.ph:Hongbailiang1
jac0029@rosehillsc.vic.edu.au:Pepper12
43395741@isfd30.onmicrosoft.com:Y$',gzsj5p8mH^M
20201049655@std.nisantasi.edu.tr:569186565Tt!
473997036@dakahliya1.moe.edu.eg:Std#011124
altankhundaga.b@hunnucoal.com:Excel0803
lydie_u@office.pknu.ac.kr:6kDsxZJlSR7GSWR^c$kseyOd
s4986701@mg.moe.gov.sa:Jmolh635
ll-64597@broeders.be:7!90@?pK
nagwa.elshall@azizidevelopments.com:Azizi260002
it@xervonegypt.com:Newxe2020
rk2246@highamsparkschool.co.uk:300311icd
mirealmanza777@gmail.com:Em4HD307
4921093@aluno.uniasselvi.com.br:150195
marvin.gawallek@lotisosz.onmicrosoft.com:Cay10622
ila002@student.britishschool.lk:Waz61641
28307056@sempreung.com.br:Airfs@1818
jeyson.polaniar@campusucc.edu.co:POLANIArojas99
460900822@dakahliya1.moe.edu.eg:Std#070710
nuelorji98@outlook.com:Orji_manuel98
juantorreiro@uca.edu.ar:osjvd9
qubujodeje8365482@estudiantes3.edu.ec:Jossett0120
instalaciones@ibsupport.mx:InstalBS2023
s139179107@taalim.ma:Tt123456
ji:Bhavik15
georgewwarner@students.utech.edu.jm:Jot86392.
klos.diego@schueler.gms-waghaeusel.de:bruchsal.2008
omar_cer870304@nube.unadmexico.mx:B0ris0cv
446728652@redsea1.moe.edu.eg:Kero31102#
sp0013578254405080003@dispendik.surabaya.go.id:KittyCute123
s7104487@rb.moe.gov.sa:yaser.barbour74123
d.acuna@e.usfa.edu.bo:Alexcampos10092001
asimpson123@hornets.hssu.edu:Mosley20
niswatimmarufah@smanja.sch.id:06Aprl2006
hazem22252286@med.aswu.edu.eg:Metwally@me2
unknown:hafeez.max1
abhinay2111106@keshav.edu.du.ac.in:J-kXpwF(vX{X4.L
unopar0944@unoparead.com.br:Kroton@2021
hatice.usta@vadi.com.tr:Zab45012
wilson.okibe@africaprudential.com:Abuja@1234567
katkanok.kh@satitmsuin.onmicrosoft.com:Pob1449900844411
305400040@est.mep.go.cr:Fabiolaqv172519
k.bernadickaite@stud.lmta.lt:DrinkSwim59
83ma44361602@campus.economicas.uba.ar:Lucas#16
9304117@bridgeportedu.net:20001227
daniel.com:daniel.com
UNKNOWN:Ks8GR-B$q?pcsm9
syncreport@syncdatamaster.com:GFhdhYSSW##@H#@7
d140043128@taalim.ma:Abdel123
2024d.albassit@grgs.nsw.edu.au:H%sQj98F
sahil.gupta4@s.amity.edu:sahil.gupta4@s.amity.edu
jose.alejandre@my.unitec.edu.mx:ALEJANDRE1990
17cnowak@sptrzebownisko.pl:Wrzesien20
prosper@prochibwa.onmicrosoft.com:Maproto5.
alex@globe01.onmicrosoft.com:Nur687@MD000000
2002082507@alramlehschool.edu.jo:alramleh@123
imrane.kaissouni@outlook.com:skewerchess888@@
ssurmacz@rcezbilgoraj.lbl.pl:Czolg123
sv.lozanop14@fmsnor.org:Ep.1013011906
jghendricks@liberty.edu:HY^JU&ki8
vuth@northbridge.com.kh:SV@2022$$
be.lopez@itq.edu.ec:Zonaganjha1990
eng.abdulkareem.jassar@outlook.com:24&yb@qXDECr7j
vishal@wirana.com.sg:Laz53037
407799947@kafrelsheikh1.moe.edu.eg:rehabmahmoudrme431702571
angelo.edu.bo:emi2021*
sanjeewa.costa@fltechnicswbs.com:N*eb8kzpSPE9
lucina.barraza@inegi.org.mx:Baal8809267p0*
691233:irf@n1906
cans@vfsglobal.com:Vfsank@2021
l18260880@matamoros.tecnm.mx:Daz30388
marie.gueudet@benshi.fr:123Mailjet.456
helena.barros@farfetch.com:3p1cl3n4russ4
kaua.oliveira3@etec.sp.gov.br:DCBA10250272X?
g00088725:vP3mLxCj
2022014716@unfv.edu.pe:Luis2022
quang.nguyentam@hvpkkq.onmicrosoft.com:1968Qymnnmyq
6898@bisuae.ae:Vag87257
mai.ngothiquynh.hs@thptbavi.edu.vn:Ibuo0060
22040061027@erbakan.edu.tr:karaduman4206
443917179@cairo6.moe.edu.eg:Std#030709
2000125963@fcstu.org:08092007
ko17ville.heikkinen@edu.kuhmo.fi:Ville2010
a20201691@idat.edu.pe:951519183XDx
santiago.364333@sanfernando.sti.edu.ph:Kerwin1526
danielabanon12@gmail.com:lareina2021
274@denizlitobb.onmicrosoft.com:tiKAtiKA201993
rafaelcavalcante05@cs.cruzeirodosul.edu.br:Raf@1234
anieblas0002@mymail.lausd.net:nieblas3
stu1660568@dpf.edu.lk:Dil621#$
408342331@qaliobia2.moe.edu.eg:Std#020428
youmnico@gmail.com:YAHIA2010@kk
w.mohammed1609@education.qa:Lolo123456
grtfscmm2391149@pgc.edu.pk:P2391149@SVbs
ctang22@student.sdu.dk:Thegreentiger5"
458499222@cairo6.moe.edu.eg:Std#070623
dhamill@viejas.com:Divad619@
maryamyasser@hhvmob.onmicrosoft.com:Ali2705373
jsmolina@comfalagos.edu.co:GamesPower211
Ghenady@SyncDog.com:sdWSX123qwe
k143042590:omaima2003
d.llanten@evolsystem.me:Wafo0576
s6177951@mkhb.moe.gov.sa:0099887766Ali
sydela@spuqc.edu.ph:A20180340@
j.salasbravo@uandresbello.edu:Kine2021.
eleonora.marquez@nortedesantander.gov.co:EMC..1991
hdzy:hHQ$34ckgQ
a16949@aemgnascente.pt:Borutooli@@
omenng@umsystem.edu:AudreylikesWale1!
giorgio.olivieri@comnetspa.com:com@net01
dinis.abreu.25089@aeprs.pt:Toureiro33
jefferson.linares@correo.policia.gov.co:Toro2020
dsanchez@unex.net:Jarruchi20
462676388@sohag2.moe.edu.eg:Std#080707
satishkagra:Satish@123
adnan_s_alhosany6618@moe.bh:Jhkr9108
445242651@cairo5.moe.edu.eg:Std#040707
ronnie.robles@pa.gt.com:ronn!26oct23*
fialova.julie@ogdlysa.cz:Milanjekokot123
gururaj@smcon.co.in:Vinu@98895
damorales20@misena.edu.co:Armando25
7og0-mi3@233455.xyz:yan.02061221
oscarnajera@msn.com:s
juliobalbuenagomez@gmail.com:j2WKXjuDgQ&F+ur
lhrfscem1930399@pgc.edu.pk:(AwaisIqbal)6666
imane.essalhi@uir.ac.ma:Kow62903
elnadro69@helenaes.onmicrosoft.com:elnaROB1969
as3182@asso.me:Num37267
hgn365.winarasoadi@guruinovatif.com:3Mp4tDu4
477454791@giza1.moe.edu.eg:Std#060601
atul.kumar2018a@vitstudent.ac.in:0105ATULkumar
archisman.mukherjee@vibgyorschools.in:vib@321$
jessejin95@gmail.com:Jinny123
12046512@imail.sunway.edu.my:Bunda190369
3235785@aluno.uniasselvi.com.br:J@02578597219
coemitch@klxenergy.com:Mrcldc90503*
san_raksa@dtc1.itc.edu.kh:Raksa583XM
aula_isep01@ceu.es:4ul4h1fl3x
s220446036@stu.thk.edu.tr:Hasan2salakosman4
leon.drescher@stud.hkvaarau.ch:c$1MXnDN
jaime.magallon1@meduca.edu.pa:Ariel2772
nachmi7132@seagateyeshive.onmicrosoft.com:Mitt5817
snajdrma@zs31.plzen-edu.cz:siudqd3-
bruno.beti01@etec.sp.gov.br:Timao100anos
stu0310092@dpf.edu.lk:Abd0312014
hoangthingocnhu08102006@ttgdtxgiadinh.edu.vn:Nhumapnhuconheo2006
202309673541@alunos.estacio.br:Crow.4685@2739
katerina.donets:RfnthbyfLjytw8998
kkhalil@islam.gov.qa:55685142
orcomo10@free.stulive.com:orlandocontreras1959
a22a57369.do:angelANG6
mbakaol@accessbankplc.com:Access1$
lucas.grandvilliers@etu.formation-aftec.com:!Phanteks356!?
azakaharu:uyn.hgth123
s3877731@rmit.edu.vn:Mark@12345
na000117@on.mjc.ac.kr:knk140899.
61143783@bryce.edu.pe:Gap50038
tito8000@onedrive5tb.com:I363TJNO
paola.rodriguezher@campusucc.edu.co:Cano.pol4
s7688427@mkhb.moe.gov.sa:sal.gg77
jalban@autoplan.pe:briana123
renatawahyukurniawar@students.undip.ac.id:Seblakbakso01*
admin@aotto01.onmicrosoft.com:fnwo@@#6421
a09be085@21k.eu:82KycLuca-
72302743@ucsm.edu.pe:Ameth123
61200598@students.ukdw.ac.id:Eg110402
husam@fusionps.onmicrosoft.com:hosamgmail,,2011
i201913659@cibertec.edu.pe:Bella1704
obt2004.mgalo@pcapi-r4.org.ph:P4Aonlinetraining
451863514@qena2.moe.edu.eg:Std#070609
amahfouz@miraco.com.eg:Allah@400000
bashar.alshahrouri@mashrek.edu.jo:Efjo2013
1118@stpaulsccagra.edu.in:1221singh
k17918@office365svip.site:dudgns001!
barathametal@gmx.de:Bestell
caua.thiesen@alunoprepara.com.br:Caua123*
thu.2275801080163@vanlanguni.vn:@Thu25072004@
reychristianmagadia.ph:Lpu@20121987
sahmed@zewailcity.edu.eg:SASH@nah2079
rwaicssm2028305@pgc.edu.pk:Barret88
K134282115@taalim.ma:Mouadammar123
486591031@sharkia1.moe.edu.eg:Abdrhman#9
kkoch2@students.prairiestate.edu:Nandesh123
klinkoimaji@ptklinkokaryaimaji.onmicrosoft.com:Klinko*5
jpietras@sp11ino.onmicrosoft.com:Wur82185
bcs2203-006@beranang.kpm.edu.my:Scrubplace2015
kassiaimekacou@infas.edu.ci:Chermaitre1
addison.oshaughnessy@hvstudent.com:12358@Hvs
carlos.raya@contractor.fieldwood.mx:LKjpro78!
610047009@musd.net:04302008
margaret.bruns@ni.com:7u8i9O)p
202002701251@alunos.estacio.br:figueredo@123
milthon.alvarado@oxxo.com:Comercio*06
l120042504@taalim.ma:Nwts9130
ivanchavez.erma@gmail.com:ivanNayl88
erlan.pacheco@escolasesiba.com.br:e@Pj4r3x#
silvagiannina9@gmail.co:samuel
20161536@stu.uob.edu.bh:BCGBLR611G
nhat.207na34238@vanlanguni.vn:VLU04072002
486645249@monofeya2.moe.edu.eg:Std#000629
samyayaad@alexu.edu.eg:19610medo@
al306559.mx:LABJ85843
445687976@sohag2.moe.edu.eg:Std#040401
2012083001@vusi.info:7706258599dD
windapratiwi@students.undip.ac.id:Wp170200.
sv5745.org:Sv235341
a.mukhadze22@itstep.ge:HxpA)e)2p,RC7,.
ruben_arevalo@soy.sena.edu.co:1091969559.
0000499066@aiou.edu.pk:Rygq1782
dhilloar@student.eursc.eu:Arshk18
2219284@leedstrinity.ac.uk:Calculator1!
219084890@stu.ukzn.ac.za:Khabazela2019
ssUsanG@web.de:99911A
marcelo.dias9@fatec.sp.gov.br:@zaleroth1993
spdws3578131606090001@dispendik.surabaya.go.id:@Ptsai02
cambiental@niagro.com.br:Noemi26102016
aantwi1@tenda.gov.gh:Anointed@1991
panurat.su@live.ku.th:LiTtle@157511
ilhambasudara@bocilezwindek.onmicrosoft.com:ASDZXC123@#
510435@dunkin.eg:Cfc@01147370733
stum2016005768@ese.gov.ae:Uae@2016005768
17031881.quang@student.iuh.edu.vn:0982167998
duongj002@tcdsb.ca:password
rmz0190312@med.ju.edu.jo:Uoj@9649
amaan.meer@learner.manipal.edu:oOKANDGLUK88
jeancarlo.cascante.moya@mep.go.cr:Eeztcja297
454621677@gharbeia3.moe.edu.eg:Std#060806
abengtson@wpi.edu:Hovus1991
damian.borowiec@amrest.eu:Grudzien321321@
nabetseetienne@zbjzl.onmicrosoft.com:23Houngranbelcazzo&
lordes.cloud1@vip365.online:y3lr3h7!
wi04-2021@banphongam2021.onmicrosoft.com:04ta^kh]li
boubakri.yassir@ofppt-edu.ma:fPPt@/22
miro.santini@binus.ac.id:b!Nu$19022000
445063910@qaliobia2.moe.edu.eg:Std#030714
1101100@utp.edu.pe:Mariana.5
haidarah3304@gmail.com:haidarah3304@@@@
3101921985@haiphong.itrithuc.vn:Gdhp@258291
admin@modenaresort.it:Miao2016
felipe.malpartida@usil.pe:Felipefelipe12_
ellen.76125@pmc.fatcursos.org.br:#76763Erop87*
deniza.heine@siguldaspv.edu.lv:Naw21166
940695@sharkia2.moe.edu.eg:Emp#761218
naye.lb@gmail.com:Amor1985
9212@chuc.min-saude.pt:Tita2010
singhi9051.edu:Ishwari@9749
u3q-:047.done
l.c.kreeft@myrvec.nl:Koekblik3003!
cyndy.merilles@deped.gov.ph:Kyzzy0813Vern
lhjfscma2166623@pgc.edu.pk:Gujjar302@123
450581534@fayoum3.moe.edu.eg:Std#050405
kensonck@student.arteveldehs.be:Leomessi1!
GRAZIANOTREMOLADA@VIRGILIO.IT:mi180664
ghada22222583@m-eng.helwan.edu.eg:Jung_kook2777
406145618@monofeya3.moe.edu.eg:Std#021214
mahmoud31800371@mis.modern-academy.edu.eg:Hodacapo1
415348@ogr.ktu.edu.tr:aDEM1234
2036230@std.hu.edu.jo:1Lma1Lm$
kavisha.shah@svkmmumbai.onmicrosoft.com:Kavi1234@
chambi.6195244@umsa.edu.bo:crchm20/
4611@ahlconinternational.in:Master5582
william.pozo@santo.edu.ec:Willi@m12
houssem.hmaied@ext.heidelberg.com:KIArioGTLINE1012@
lapalominoa@unadvirtual.edu.co:Lolito12
cmerel@camilledelellis.fr:Sun56089
ricardo.lopes@mkbank.com.br:Code@140122
vogomez@registraduria.gov.co:Sultana2022*
zaman-ashad@bga-bd.com:Zaman@123
60498@aluno.grupoideal.com.br:Clarabela162
Steins:metalgearsolid7
122610480@est.mep.go.cr:270386fe
matheresa.mannag@deped.gov.ph:Dauntless01
tbilisi190@mes.gov.ge:Sardioni190
suhaelr@suhaelr.onmicrosoft.com:12342580Sr
zamojeda@comunidad.unam.mx:Gy4g%Aw3
nehad.2590203@tse.moe.edu.eg:egyptM@e2590203
yu12105007@yersin.edu.vn:Hieu0865787207
jcluciano@solarbr.com.br:Solar2023.
408052880@monofeya3.moe.edu.eg:Std#021123
ali.supriyanto@tso.astra.co.id:Condet@16
ayooluwa.odunayo@sbhsstudent.school.nz:phySari0
444957734@qaliobia2.moe.edu.eg:Std#031118
silvaap@fsoft.com.vn:DarioPerez200810***
wc5410xk.edu:Brianna@12
nmirzaei@bwc.org:NadMirAmir32123!!
s7627680@mkhb.moe.gov.sa:Yaseen2005
S1305003737@student.uph.edu:23bdb1e4!
a.qohhar@bapeten.go.id:alislam1*
7076725+AEA-aluno.uniasselvi.com.br:Westsoldier2904-
jirat.k_nk@niceapparelgroup.onmicrosoft.com:Hus78851
mimaduddinsyakti@students.undip.ac.id:Imed5kuy$
managwisech271@web.de:3chc0@$--@t4
wohlgemutha23@bolles.org:Arizonais#1
ltapias8@estudiantes.areandina.edu.co:Pass-2022
485967322@qaliobia3.moe.edu.eg:0101805+Aa
achyut.lath@learner.manipal.edu:Lucky@2503
mohammed.chahid@taalim.ma:Fqp5nNSb4s
dakksha.p_win@gemselearning.com:Wins2021
045287953@ecampus.ut.ac.id:#Ut29082002
eregistrationtdc20@bdta.moe.edu.bn:TDC20committee
coperaciones4@expresobrasilia.com:Febrero2020
henry@justmop.com:Jikedcrash1
euciane.santos@colegiosete.com.br:Eu271108
ahoxhara.al:Uet18493!2E6F
mamaaklat2021-69783@stuabroad.moe.edu.eg:Mazen100100
luissaulrr@gmail.com:dinero123
unknown:1432Ea#4
contact@mediaup07.ga:??Mostafa??123
kdpillag@itsjapon.edu.ec:Karenpilla16
464222890@fayoum1.moe.edu.eg:Moh#$12345
sudarmathi.vijayan@wittur.com:India1$India1$
Langelia@bbslahn.onmicrosoft.com:E10l10i10a10s10
esam.elnajar@stryker.com:Qazcdetgb135@
kw.phFAH@koutfood.com:rN9F9a
chelseag@ideanuova.com:Idea1212
eddiechung@e.ntu.edu.sg:S7307569F
rodrigo.pirralho.15213@aecoruche.pt:AdrianaMarco2009
fukuitecco@komrobot.onmicrosoft.com:01206703331
10049843@s.aca.edu.kw:Gba@1166
katarzyna.szmidt@student.ajp.edu.pl:Jarecki2009
jenneth.miranda001@r10.deped.gov.ph:Athena@1416
482127366@fayoum2.moe.edu.eg:080627#Std
475824646@alex2.moe.edu.eg:Na#1234567
perez.geovanny@uefli.edu.ec:Perezgeovanny*
bhalli.bhai@x8fq3.onmicrosoft.com:Bhalli@69bhai69
jose.vega13@upr.edu:JoseVega1976$%
anna.postovoitova@knlu.edu.ua:Pur87085
joseph.lowe@prosphere.com:M@Dron05
sgospodinov@hilscher.com:Xax123xax123@
everaldosilva@versatecnologia08.onmicrosoft.com:versa#08
ME004837905@alorica.com:Amazon.6541
lasterest@live.com:P@ssw0rdsky2020
sy.charvin00167@mgsiahmedabad.onmicrosoft.com:char@1234
maximilian.gutschi@lfsktn.onmicrosoft.com:Blobbfisch_64
21k4010049@hce.edu.vn:Billc1210ok
ell0014@heathmont.vic.edu.au:Apple516
roberto@yz8f8.onmicrosoft.com:Br@silMartins1966
es70601908@victoralvarezhuapaya.edu.pe:Juan70601908
amal.ahmed@aoa.edu.eg:Lequanoun.66
val.rudnicki@stud.uniroma3.it:Vale$998
elnathan.9380@ski.sch.id:THEelsons1995
9e_panshul.26688@fapsnewdelhi.net:4028May200740
tuyendung@sentaithu.vn:Sen@123321
wsl.wawan.26@gurukedirilagi.com:Sastraum2020
learntopenai@outlook.com:ducvinh0808
fauzanhabib@365.telkomuniversity.ac.id:4i5ep$JjTs
35870018803@ulife.com.br:pU-S087WJg
edoardo.ratto.alu@icsagliana.edu.it:Edoalfa07
dz021014@student.reading.ac.uk:Kids1234
wsc@discente.ifpe.edu.br:Plmmw0910
chrijois3822301@estudiantes2.edu.ec:Teamo123-
10720180254@alunosmaristas.com.br:m200@12900
norbert.zapszala@teb.edu.pl:Czemutorobie1
amanch@wipro.com:[NOT_SAVED]
jengarci@bancolombia.com.co:Laestacion.2008
g132087461@taalim.ma:Majda19.
25niljoh01@tromsoskolen.no:takker7
120970@heerbeeck.nl:Tovino88
d156073587@taalim.ma:mamansoso1988?!
463927830@monofeya1.moe.edu.eg:Std#070512
2897514@sharkia3.moe.edu.eg:Emp#800822
maria.chenguayen@wisetrackcorp.com:Majotachenu88
aaqil.baqi@mspsbs.moe.edu.bn:MSaaqil114
ranya.alghawi@ro.maarifschools.org:Rakan2009
youssef576222@feng.bu.edu.eg:@usf7engineer
louiehasanxiety101@gmail.com:Every197
cagomez@rbm.com.co:Febrero8027781/
467127443@minia1.moe.edu.eg:Std#090513
10-eythor@hvolsskoli.is:Gunnarsgerdi00
ofis_m1@pinartekstil.com.tr:Pinar2023*
455098277@redsea1.moe.edu.eg:Std#060529
milenaben袚颅tez:lamejor57
juan.aldanav@campusucc.edu.co:universidad22+
408268370@qaliobia2.moe.edu.eg:Std#030929
patryk.kicinski@sp45bialystok.onmicrosoft.com:Tup48954
es-amaa1962001@alexu.edu.eg:Medoo19016261
marcelmirjam@laposte.net:ArAgol
ben.archam@inphb.ci:challengeV2025
0055474@academico.ifmg.edu.br:030212Jb#
Zdsj7112:
ialsheikh@svs.edu.eg:Loro0570
earmijoss1@est.ups.edu.ec:E0106AAS6802ups
jennifer@castropizana.mx:*Jn145526*+
paula.montenegro2@meduca.edu.pa:PETA15ms
jl.rojo@consejogeneralenfermeria.org:Landaburu@2023#
ahmad.morad.com:raptorftw
marisa.wames@inss.gov.br:chuvasetembro*21
ryan.costa@salevirtual.com.br:Maroca10
2609008@aluno.uniasselvi.com.br:J@60514418087
qgg.sng.qinp@taqaqgg.com:Sham@1011
mking5630@student.pusd11.net:341708
varun.kalra@s.amity.edu:M@0625BE@1
0000283967@aiou.edu.pk:Mxyf3279
r136454797@taalim.ma:Khalil2005
jules.w1@student.fortbendisd.com:526879
goncalo.cunha.t0116666@edu.atec.pt:Tartarugasalo2003
931620902:yahyo2020
grovey.lequit002@deped.gov.ph:elhombre1234#
marco.chavezn@estudiantes3.edu.ec:MABfio0501
202106580@learner.open.ac.mu:Yannick007
enrique:Giovanni78690139
omar.hamdy@uofcanada.edu.eg:Alaska1212
654295003.ac.th:Naisun128
es-emadal-sayed2024@alexu.edu.eg:Emadeledawy@01090385037@01023295786
youssef.elmusaui@kpodevlindertuin-leerling.nl:8x201rv
edvalderramab@unadvirtual.edu.co:153426486Blanco.
520759@vistacollege.nl:#MailaNoukie07*
c-moon9@volvocars.biz:Mainframe21.
u63043471109@live.uru.ac.th:03112544KARbiw
192204030@ogr.comu.edu.tr:4030@rese
rebaz.mirani@dama-health.org:ReboDaredevil1738@
454165204@fayoum2.moe.edu.eg:Std#060316
41910115.hadir@acu.edu.eg:Wafaa1000
ratnasari.bakar@ibte.edu.bn:N@na1012403
muttsuri@outlook.com:111333aa
noble.jacob:ppajM1972
ecb1929@krcoe.onmicrosoft.com:Eceb19291
janguyen@cmls.systems:Welcome2020
leticia.marin@iosfa.gob.ar:Compras46
461966928.edu.eg:Asd123##@@
1651010841382@outlook.rmutr.ac.th:ss0904190816
850.797.905-04:425860
minhlh.b18vt287@stu.ptit.edu.vn:yenminhninh2101
andrea@mmesl.com:Xom49838
2022-1420@est.itsc.edu.do:Ktnh3516
j.racko@student.hsplzen.cz:Freyol9988*
andresd_penap@soy.sena.edu.co:DavidP12345
thuy.ttd@archetype-group.com:@RCHETYP3
ra:Rafa2509
463271410@fayoum2.moe.edu.eg:Emp#463271
90371@jzb.moe.gov.sa:Aa54321@
gn007092250@alorica.com:Alorica09172025
ad005909255@alorica.com:Blackpink24365**
28855381@escoladotrabalhador40.com.br:Naruto123
eunhye.lee03@student.qcc.cuny.edu:10231023Lee
iqbal.febriyanto@student.uty.ac.id:!Q2w3e0iqbal
Khanz2@nordex-ag.com:Karachi@2023
444763215@behera1.moe.edu.eg:Std#031102
spyboy@spyincl.onmicrosoft.com:Playbins@888
anass_khoudali@um5.ac.ma:1997ANASS
sanjay888@ametunivche.onmicrosoft.com:Madhavam8888A
wellprint@5tnfcz.onmicrosoft.com:xUt3jBzBB69hg@W
vanderhoofan@bangorslaters.com:12345678
mgarlit@crossroadsmission.org:Mission1
oneilydixon@gmail.com:Oneily14
minhtri20112012thcs@365banquyen.com:Lemontree1909@
2001108512@alhijazschools.edu.jo:fares1234
rathish.19is@kct.ac.in:Rathish@8012
r.martina@fokuswonen.nl:eastpakk1@
clement.sebillet@applidev.tv:Applidev!72
salman@iskaan.com:Wok19212
W9505572@live.tees.ac.uk:dharshini2501
97104966@st.deltion.nl:FabianColin2006
fvasquezv@alicorp.com.pe:Alicorp2019
std_2021017@fae.helwan.edu.eg:art@2021
cuhuy35@ycwwf.onmicrosoft.com:Huyhoangh3q.
r139233225@taalim.ma:Dioe9198
bmz4@eurofins.com:Bellchen.Gusi!424
waymon.:axfbx0914
12630tellez@unitesba.edu.mx:Cris6482
cesar.diaz4@alu.uclm.es:123Costillas
d_cortes@javeriana.edu.co:Dani13579
a1710888@idat.edu.pe:72804428R
estellachen@lflogistics.com:lifung@2211
it@myport.com.mm:it@myport.com.mm
dayanna.cabrera@uao.edu.co:Danna898dddcdc
AndresPorto:10031Mart
agamboa@colnuevoamanecer.com:CINAEEV-002
vincent.vanormelingen@student.hdcleuven.be:(Tingeling2007)
libbyfa2@optonline.net:adex2424
juan.olaya259@educacionbogota.edu.co:22/01/2019juan
deepika@abcsteps.com:#Bannaji197#
marcorodr@colegiadoscolypro.com:emaleIJ2021
DG905minuto@colegiosminutodedios.edu.co:8375560
yuvansh.madan@ais.amity.edu:@1693BF1S
749646@usd259.net:Student2020
hr@cutiescourt.com:D$8%3]u##v5x
fsjfscem1983531@pgc.edu.pk:hajP1983531
jeancarlo.quispe@ucsp.edu.pe:Jeancarlo2020
hgi01@hgiuk.onmicrosoft.com:Pantec123!
ca003605@cleethorpesacademy.co.uk:CleeAcad23
k60d3.chaubtn@c3yh.edu.vn:Choubui1$$
468636989@gharbeia1.moe.edu.eg:OmarEhab01200253854
19645a0323@vaagdevicollege.onmicrosoft.com:Thi@7869
17951943:746258
maksim.mushkin@mmfs.onmicrosoft.com:6e,kYSnY2
bryan.costa@ufrgs.br:Ninjabranco274@
nioannou7@st.schools.ac.cy:[NOT_SAVED]
allen.cueva@deped.gov.ph:cuevaALLEN#23
mulfscem2017611@pgc.edu.pk:P2017611ATed
20170117@aravali.edu.in:Aravali2b
jkflores16@region5.mineduc.edu.gt:@TheToyMaker32
nathalie.veliz.solis@gmail.com:n4th4l13
sania.mohamed-saindou@algest-consulting.com:Tr!777uVX
navnit2020@office365.com:aurva_2997
3160860358@haiphong.itrithuc.vn:Gdhp@612238
haudth2.2003131@msedu.edu.vn:Mshau@26071989
alex.ruiru@sbmbank.co.ke:$Kajiado19..
hillary.opinde@trademarkea.com:[NOT_SAVED]
kelfiegl@lla-imst.at:vfrtgb#31
6301101025146@trums.thonburi-u.ac.th:1769900512679548Pea
hugo.reyes@meduca.edu.pa:Eesh8phi
ucz.kac.bal462@sp1ozarow.pl:Poznanska127a
ansela_regina@manulife.co.id:Fano2009.
elvisa.jaganjac@osmmb.edu.ba:Tar10500
abhayishwar.r_ois@gemselearning.com:has
diouani.cheriff@outlook.com:Cherif2020@
21cs27499@citaverde.nl:70HltQ
stu0300321@dpf.edu.lk:por680270
321355547@idf.il:Riavzon68
camilo.hernandez.co:21052542Ca.+-*/
cb.jhorbi.pedrazas.l@upds.net.bo:granadino-lis01
vishal.pashte@pangulftech.com:Visp@2021
support@magictech-jo.com:Magic@2020
oyun.j@mta.gov.mn:mta-6628*
divyang:divyang@123
gabriel.dimkehoffman@students.nacs.k12.in.us:9118084
al096133@cncivirtual.mx:Madara12
s147054272@taalim.ma:Pdvm1284
jsarguello@ucundinamarca.edu.co:Hermanita123
joenard.tuastomban@mu.edu.ph:Nard04December1994
anne.prado@edu.pe.senac.br:VolteiRecife13
joshua-nam.kr:SKATNGUS98!
tpearson7516@student.wallace.edu:Wilderbeest5369
de.bui@archetype-group.com:Cuccut1134
1304790@senati.pe:Diego123456
yudy.castro@linio.com:Temporal2020
ww_miranda@smcm.edu.ph:Diet2309423907600
haze.laine@edu.ahlman.fi:Nipsunapsu556.
samzmcjid@outlook.com:Admin@123
1096508@students.dadeschools.net:041508kv
farins8599@zohomail.in:Shaikh@123
485965001@newvalley1.moe.edu.eg:Std#060314
202403002949@alunos.estacio.br:RRss*247365
khadija.mrani@taalim.ma:mramra@1979
mmmnbv102525@gmail.com:Kcccboy366997788
zyd0189500@ju.edu.jo:zaza4545@
vin袪鈥溞捖璫iusbassette:BASSETaTE1
stanojevic.gr63.2019@uns.ac.rs:Msteamlozinka123
dutnyklilyolse@orange.fr:38Specia
BasmaMuhammed@science.helwan.edu.eg:Kill2The4Light
484954.tcs@csn.edu.pk:Csn@123!
imorejon.edu.ec:123
banimazar@moe.edu.eg:3896872
47961854886@parceiros.toyota.com.br:47961Toyot@01
tcrnbl2@ucl.ac.uk:.b5120B5210UCL
alumno006@smprovidencia.pe:Mariajesus84
2604181@school.ecsd.net:Fishtab0550
s8146404@rb.moe.gov.sa:F-1122334455
triicya28@hotmail.com:joao@1328
luisa.limachi.46548@usalesiana.edu.bo:ALISONPIENSA_engrande68134472
tech2@propartner-incendie.fr:Technicien2@
stuart.jefferies@student.tafesa.edu.au:Discostu93
clf1355@lusofrances.pt:Colegio1355
shamimul.islam@unigroup-bd.com:Islam@234
anjan.dutta@in.roca.com:Vin0207anj
ra20067795-2@aluno.unicesumar.edu.br:Alikat12
6638228837.vn:Cmg!1234
arnram@erbege.onmicrosoft.com:Vi24cayli
jpadua_200000000447@uic.edu.ph:jpadua_200000000447@uic.edu.ph
muhammad_19000907@utp.edu.my:Nasir740
mariae.bajana@estudiantes3.edu.ec:Docente2020*
tiago.margalho.baje:TIAGOmBAJE2009
i201921601@cibertec.edu.pe:Fk4d735b!!
admin@outmedya.onmicrosoft.com:whyzopTi01*
pponce@franquiciagrido.cl:Pato8754
harshwardhan.gughane@aethereus.com:Aet@654321
469856607@redsea1.moe.edu.eg:Std#050620
19518001.toan@student.iuh.edu.vn:Hoductoan3615
mohammad.mamdouh@jugate.edu.jo:Mzh$2000
kk27943991@edu.mon.bg:kiko5000!
30118@iitu.edu.kz:fucktheyou01
ai0221113@mail.vnu.edu.tw:iRuD5T3_NdCpw6D
abduh.unair@officeoriginal.com:Thekharinku1
edson.com:3q1u2e34@@@
mawellmoran@marsk12.org:250037
s7253585@mkhg.moe.gov.sa:Sarah2050
341773703@educ.dpcdsb.org:Gonzaga2024
Gillyard.soares-externo@angloamerican.com:Gatao-18
purvi@protherapysolution.com:Dipur@1511
461019383@dakahliya1.moe.edu.eg:Std#080822
estevao.jesus@ast-sadc.com:L1dia923744842
8gr_yogeshp@skvveduin.onmicrosoft.com:Non43693
mohamed.21029@pharm.mti.edu.eg:0105518964Gemy
islam.gamal@fci.luxor.edu.eg:12345678Art
jjjjpayneeee@mail.ru:GUnterS
a59859@365site.net:Lee692956811
stu1660465@dpf.edu.lk:621Dar*%
clairej86@live.co.uk:Riza2000
ramy.20193175@buc.edu.eg:pathology321???
2223572021@mail.utec.edu.sv:21091994
despinoza@scoe.net:Fr33d0mScoe@
led3.com:@@lplvideos13@@
ecardenas5422@uta.edu.ec:1805045422_erick
ehablaith@gmail.com:(Ehab)1984
ovasquez@mineduc.gob.gt:Odilia2018$
w214803663@student.hccs.edu:Julio63@
landon.norton@students.glschools.org:4815
kythuatvien@eccbachkhoa.vn:Dathoaduc1234
lnavarroc@univalle.edu:144507
6200130973@kontum.itrithuc.vn:Hathuong12345
dissanay-et18016@stu.kln.ac.lk:kaveen1999
448280638@fayoum3.moe.edu.eg:Layla12112013
yuri.alencar01@etec.sp.gov.br:Pacooca89598EC16
veracruz@sstelematica.com.br:386235Ss
ltkdn.hs0417@danang.itrithuc.vn:Pox40906
1001301@students.fillmoreusd.org:Fillmore3345
claudia.rianol@campusucc.edu.co:1995.Colombia
marciastepanek@web.de:Fliegen7
ETQ.M~8:F$f+e_M
wal.mejdoubi@sjpa.be:5477stju*
alondra.ruiz@upsjb.edu.pe:ARXN7621020630xd
hernandez:18112000
samuele.bonfanti@studenti.iiscastigliano.it:Labea707
rivowala055@outlook.com:Sven?20934
juasesancheza@correo.udistrital.edu.co:Juan7695649#
stores.mlb@plasticalk.com:ANUpr$7834#
drogaria@supervidal.com:mirofar2020
carter.p@stoke.school.nz:Mars2440
am.riyadh@alameencollege.wa.edu.au:Year7@2022
1524535@sga.pucminas.br:!37125088rc
plataformas.3@digitalbluef.onmicrosoft.com:Cot38978
angela.dioquino@jollibee.com.ph:Hailey1983.
by89137683@edumon:21097422_MARIAN
r120016657@taalim.ma:Huaweinova7i
s2378290@jzg.moe.gov.sa:T-1396
juan2222627@correo.uis.edu.co:Loki2525
george.postolache@365.univ-ovidius.ro:americanuL1.
a294782@alumnos.uaslp.mx:%2l@caro2*
vihuynh7368@student.vus.edu.vn:Vu$@2720
jvaldivia2717@gto.conalep.edu.mx:Ruy22313
zselek.dymek.filip@edupolis.pl:2i%wD6%aG
harshit.32312@tafssp.com:9818709759Mim
itsupport@binhamem.com:Ffzxcl@789123
provas@reginacoeli-rs.com.br:Colegio453
458515507@behera2.moe.edu.eg:Std#070401
486311262@fayoum2.moe.edu.eg:Std#071001
19482791.anh@student.iuh.edu.vn:Anhlun2903@
aqs72@hotmail.com:DereK2024_
dq4qyfgyc8@privaterelay.appleid.com:Laithyard@1991
mpauletipiloux@planet.nl:xanf579
bmanar954@gimal.com:Kaplankarations442
453265793@dakahliya1.moe.edu.eg:Std#060923
aureliodiazmaroto-cc@fefcoll:Augero2511*
daw88nsdaD@terra.es:f88888il
miranda:Mirandacaiza2020.
jakubkotek93@gmail.com:VERONIKA94
yobigarcia88@unitec.edu:Gabriel88
frank:majitoguerrero99@
l65005aMtarazz@daum.net:27tolsim
eduardo.coto@altamar.edu.ni:Ecox121805200505
mohammad-ehssan.ahmad@iu-study.org:Mo01729822025@iu
r148081185@taalim.ma:Vhkp6718
k.lu47479@student.hcbe.net:12383100
2011161@student.edu.az:Aze14330924
arianmuriqi@drostroserealschule.onmicrosoft.com:Passwort1234
christian.issemou@cibc.com:Can237ot
automatizacion@jepkom.com:Jpkm12345
toratomu+AEA-areaconsultores.onmicrosoft.com:29201783V.
shaqraa2021@outlook.com:Shosho2017
mia.cerciello@msd.k12.ny.us:CE1zt6f7
FOkusjotKape@mail.ru:poPS234
ducloimedia@iesschool.edu.vn:ducloi123@
03-135162-039@student.bahria.edu.pk:n900o!v6y_!E
saadiq.andrews@student.tdsb.on.ca:andrews1
saramb20@gmail.com:QAwsed123
p304433@fs.mfcr.cz:TobinaNovackova+8
onurcan.balcioglu@itsme.be:.,Ku435507@
demo_dha06@oceaneduvn.onmicrosoft.com:Oceandongha123
thilina.don@abm.com:TirisaD@1988
ip.sripeni@jatengpintar.id:Rausyan168
01-161181-053@student.bahria.edu.pk:3$XbFviEY--X
sant19098v2@gmail.com:Diciembre.1312
kzielinski@zdzjedrzejow.onmicrosoft.com:Fus87438
dj737286@schools.mk:Darijan#123
mrazak@galadaritechintl.com:fahad@8999
levin:Lappenhaft0904
yevhen.vynnychuk:Bryanka594259
matt_panganiban0033@sjbcs1963.edu.ph:MattEca1522
michel@kelm-it.de:#Off220406#
THI-Walter.Spoto@unilever.com:Kpt50av1#
bere.vanegas97@gmail.com:T3quilayT4cos17
456353075@qaliobia1.moe.edu.eg:Rham#80920
a60.singh@surreyschools.ca:Benra3233#
koyna_tj63@student.itstep.org:4hDx8P63
jparcero@myseneca.ca:Zanesei08
202208320902@alunos.estacio.br:Pokemon2004
alyshaan.ramzan@alpha.edu.pk:101329
grtfscmm2031549@pgc.edu.pk:P2031549AVgd
eric.villamonte@meduca.edu.pa:Estudio2020
yasminsil.adm@yrm1m.onmicrosoft.com:Yasmin.Silva124
nuratiqah.adon@bintulu.ikm.edu.my:Atiq@h18
barrerar.tomas@caa.edu.co:BarreraKin2009
hazemsameh618@gmail.com:hazemnemo44
rafael.pepplow@interamericano.com.br:pera@123
ycarmona@bancoripley.com.pe:BANPER2168
Albert@gadgetciti.onmicrosoft.com:Informasi89
guillermo.guerra@neoris.com:-pswGuille09-
ralph333333@gmail.com:48641050817
shawn.miller@premiumbillingsolution.com:Premium34$
h2ok@umbertidemontonepietralunga.onmicrosoft.com:Vivajuve20
kymberlypaitan@cepsanjose.onmicrosoft.com:Aula5023
s.mcpherson2@hfed.net:FreemynigmellyAB211
juleneisaac@gpcsd.ca:Galations5
marsekaldias.sugama@gmail.com:4juni2003
syukree.syah@kkinabalu.mrsm.edu.my:kOntet8582
estrella.arellano@cobaes.edu.mx:Elhuey123
ahmedelnagar@fcis.bsu.edu.eg:Afs01007400752
12599mayankyadav@apsshankarvihar.com:Cun18395
hussien.mahmoud@std.commerce.asu.edu.eg:Gocecohi2
20rvaslijev.dcc@lmetb.ie:Jucv5365
jose.jurado@student.psjaisd.us:soledad12.
hseq@grupotranscoma.com:Kaq48385
paralegal@ctcondoattorneys.com:P@ssw0rd123
nicolas.rodrigues29@etec.sp.gov.br:23Salmos
mrnfnc02b14z138m@studenti.unirc.it:Framira80527.
cristian-cami88@outlook.com:CRISTIAN_GONZALEZ80
modivishal7554@gmail.com:Log!n@ms75542022
yussefmonem@gmail.com:Youssefmonem2005
b139077447@taalim.ma:Tmcf4548
2gkd@gkd2.onmicrosoft.com:Suzymiss10086@@
suneth@nibm.lk:Dushy@123
454461136@sharkia1.moe.edu.eg:Randa#4544
s:hool@123
maknya.yumna@officeco.id:salam123
diego.0615621@discente.uemg.br:D20gox6164
rayyancm99:rayyancm99
zaalelez12329431@estudiantes2.edu.ec:OQ2M631m
phonnapha.tri@live.ku.th:Fong6370_
pa-massiot@logemaine.fr:tF@;8B6g
uc1442_1_5_16@eprosveta.ac.rs:Bogdan1504
100052.dpsgm@dpsgs.org:(GHAZIABAD^1192)
omar0180022@m-eng.helwan.edu.eg:Bob91513
453723713@gharbeia4.moe.edu.eg:Std#060323
ashwini.rajput@standard-elevator.com:Nux91389
arxticz1@gmail.com:Primastarp10
459194790@behera2.moe.edu.eg:Std#802889
41678908:chechi
21105333a@common.cpce-polyu.edu.hk:Will9201384
elioprottinufl@yahoo.co.jp:108367u
471822160@sohag2.moe.edu.eg:Std#040329
14819ted@wcdsb.ca:09022018
mynewonedrive@5tb.tech:1QAZmoka2020
j133408698@taalim.ma:SkroAnas2002@
anup@anupminj.onmicrosoft.com:!UC7HhaZnq_F7YP
engineer@towerrockog.com:TROG123!
ahmed.eiid@intechegypt.com:P@$$QORD1993
523522@domyat2.moe.edu.eg:Mh32222!@#
erika.wagner:erikuta1967
Justin.magikarp.foster@outlook.com:?
rezaul2676@certify.training:rezaul#@321
goyissalas@hotmail.com:99~8)7[Zw(>9-SW
ahmed.mohamed1ad30d@xceedcc.com:lkj123hgf456
CJP3346@dlsud.edu.ph:Raru1234
bloraine@uninorte.edu.co:Lb15022007-
minhnga@tieuhoclequydon.onmicrosoft.com:1234567a@
al202255@alumnos.uacj.mx:LOPD82926
nhanht25@emasi.edu.vn:Emasi@123
mali4q@schools.vic.edu.au:Yalda131!
accounting1@bricks-uk.co.th:Bukt123456789
dumisani.sibanda@mjgleeson.com:*4CoatWindHand5#
adrianrakowski@piszczac.onmicrosoft.com:Raku2008
sparrae@unadvirtual.edu.co:Mile1405*
gobi.poplar@gmail.com:Gpoplar2012##
s2997467@bb.moe.gov.sa:Rr0553384571
447735046@sharkia1.moe.edu.eg:Std#060318
admin@uaciraq.onmicrosoft.com:Most@0770
sanchezl@csdmedu.ca:Wukaqotu8661
anss.hassan17042476@aiet.edu.eg:9%Skin@N
t1646@aryacs.edu.in:hgAVupqu5405#
l.jesenekdolinar@student.vu.nl:Walrus1sl1fe
477185124@monofeya3.moe.edu.eg:Std#030209
marcelo.maike22@gmail.com:Mk1992mk@
123csgoroll123@gmail.com:Kst190737
yahia.mohamed9@msa.edu.eg:guvcyb-3juggi-vibcoq
idk@salmamoh447.onmicrosoft.com:sal_moh168@2003
mathysschouten@leerling.wico.be:yurivh2005.
glenda.ledezmaovares@usanmarcos.ac.cr:Gledezma92
martinepoirier905@gmail.com:Transports2019!
manager:Admin123456
ainhoa.perezmartinmaestro@alumnosesne.es:Guh37074
matheus.rodrigues@ctctech.com.br:ctcsp672@
zori2304@hotmail.com:Jin3692304
l18370517@apizaco.tecnm.mx:SANvasq05
alderserrano@g:Nef090498*
just_blazej_1607521@szkolaraczki.onmicrosoft.com:Blazej0608
jamel.saleem@coffeetizers.com:Nsreen123
50487647.ac.za:22343117
2776715@student.edu.az:Mwd67943
21-enc-36@students.uettaxila.edu.pk:Coff385848
gaguera@refinor.onmicrosoft.com:Dell0102
kai.nguyen@totallyawesome.tv:Kaiman998
gasama_su64@live.rmutl.ac.th:01042546Aa
9mana@students.rockdale.k12.ga.us:9ma14702
cristiano.asilva@hotmail.com:Jc1475369*
12Trephiljames@swindon-academy.org:bison665
381564@upn.pe:qXqv#4PT
candidate_6821:passwo4260
s305072701153@moe.edu.kw:12345678
roby.com:6m,%6xF?.y6Qui5
omarahadidy@cairobritishschool.com:Peugeot1
872716@icicibank.com:@lmightsJd16
nsmith288@liberty.edu:Wx3TUrOg2uPkvojq
Connect_3G_Mini_Wifi:a1a2a3a4
220652635@mywsu.ac.za:@Micro20
20170301006@dogus.edu.tr:20023195170
admin@sis.edu.bd:Jewel@10
aholguina@unal.edu.co:Alzate2506
vlopesfreitas@onedrive5tb.com:Carcaju12*
jasundeep.saini@mail.mcgill.ca:Neelpari08
i201820944@cibertec.edu.pe:Ubqfhr83
acpilongo@iskolarngbayan.pup.edu.ph:Vanillatwilight123
couaaf@bangor.ac.uk:Jokes0nU
17350@sevenkings.school:Genius13
370506@skans.pk:Bus24994
mitchell@mustmail.com:V4Dm&Y3!MTBz'3J
paworn.wangtanalap@mail.kmutt.ac.th:Mk-110202
06dka20f2082@student.polipd.edu.my:Mira21201
ticarat.ionutfineas@student.uoradea.ro:Medicina101!
s19110102@mfshk.onmicrosoft.com:mfs-1234
415591150035@r2.deped.gov.ph:zbt@08302010
dimitri.stroobants@swecobelgium.be:Gonza198614
edu_psng_5652@sulid.hu:Qalo8329
20013322-008@uog.edu.pk:Taz62023
u201919685@upc.edu.pe:Rivera.2605
harmeek.singh@s.amity.edu:M@2DFA19@1
hvalderrama@montealto.co:Hvgs-6452
e136098494@taalim.ma:1vFKcqG06q
brents@rsecontrols.com:Keelie5619$$$
rebec_davis@tauhara.school.nz:Xaca9375
mike@cobraprojects.com:Diabetic16^
andrea.canlas.sci@ust.edu.ph:Alicepartyland1
4818417095@danang.itrithuc.vn:ngoclo3l
39684@365vip.run:Rushabh101
utsobpaul@designwithpaul.onmicrosoft.com:saregamapa&88888
tejas@netcominfra.com:Netcom@123
2018ag1926@uaf.edu.pk:sunny7424
